Archive member included because of file (symbol)

c:/program files (x86)/atmel/atmel toolchain/avr8 gcc/native/3.4.1061/avr8-gnu-toolchain/bin/../lib/gcc/avr/4.8.1/../../../../avr/lib/avr6\libm.a(addsf3.o)
                              Controller/pi.o (__addsf3)
c:/program files (x86)/atmel/atmel toolchain/avr8 gcc/native/3.4.1061/avr8-gnu-toolchain/bin/../lib/gcc/avr/4.8.1/../../../../avr/lib/avr6\libm.a(addsf3x.o)
                              c:/program files (x86)/atmel/atmel toolchain/avr8 gcc/native/3.4.1061/avr8-gnu-toolchain/bin/../lib/gcc/avr/4.8.1/../../../../avr/lib/avr6\libm.a(addsf3.o) (__addsf3x)
c:/program files (x86)/atmel/atmel toolchain/avr8 gcc/native/3.4.1061/avr8-gnu-toolchain/bin/../lib/gcc/avr/4.8.1/../../../../avr/lib/avr6\libm.a(divsf3.o)
                              Controller/pi.o (__divsf3)
c:/program files (x86)/atmel/atmel toolchain/avr8 gcc/native/3.4.1061/avr8-gnu-toolchain/bin/../lib/gcc/avr/4.8.1/../../../../avr/lib/avr6\libm.a(divsf3x.o)
                              c:/program files (x86)/atmel/atmel toolchain/avr8 gcc/native/3.4.1061/avr8-gnu-toolchain/bin/../lib/gcc/avr/4.8.1/../../../../avr/lib/avr6\libm.a(divsf3.o) (__divsf3x)
c:/program files (x86)/atmel/atmel toolchain/avr8 gcc/native/3.4.1061/avr8-gnu-toolchain/bin/../lib/gcc/avr/4.8.1/../../../../avr/lib/avr6\libm.a(fixsfsi.o)
                              Controller/pi.o (__fixsfsi)
c:/program files (x86)/atmel/atmel toolchain/avr8 gcc/native/3.4.1061/avr8-gnu-toolchain/bin/../lib/gcc/avr/4.8.1/../../../../avr/lib/avr6\libm.a(fixunssfsi.o)
                              c:/program files (x86)/atmel/atmel toolchain/avr8 gcc/native/3.4.1061/avr8-gnu-toolchain/bin/../lib/gcc/avr/4.8.1/../../../../avr/lib/avr6\libm.a(fixsfsi.o) (__fixunssfsi)
c:/program files (x86)/atmel/atmel toolchain/avr8 gcc/native/3.4.1061/avr8-gnu-toolchain/bin/../lib/gcc/avr/4.8.1/../../../../avr/lib/avr6\libm.a(floatsisf.o)
                              Controller/pi.o (__floatsisf)
c:/program files (x86)/atmel/atmel toolchain/avr8 gcc/native/3.4.1061/avr8-gnu-toolchain/bin/../lib/gcc/avr/4.8.1/../../../../avr/lib/avr6\libm.a(fp_inf.o)
                              c:/program files (x86)/atmel/atmel toolchain/avr8 gcc/native/3.4.1061/avr8-gnu-toolchain/bin/../lib/gcc/avr/4.8.1/../../../../avr/lib/avr6\libm.a(addsf3x.o) (__fp_inf)
c:/program files (x86)/atmel/atmel toolchain/avr8 gcc/native/3.4.1061/avr8-gnu-toolchain/bin/../lib/gcc/avr/4.8.1/../../../../avr/lib/avr6\libm.a(fp_nan.o)
                              c:/program files (x86)/atmel/atmel toolchain/avr8 gcc/native/3.4.1061/avr8-gnu-toolchain/bin/../lib/gcc/avr/4.8.1/../../../../avr/lib/avr6\libm.a(addsf3x.o) (__fp_nan)
c:/program files (x86)/atmel/atmel toolchain/avr8 gcc/native/3.4.1061/avr8-gnu-toolchain/bin/../lib/gcc/avr/4.8.1/../../../../avr/lib/avr6\libm.a(fp_pscA.o)
                              c:/program files (x86)/atmel/atmel toolchain/avr8 gcc/native/3.4.1061/avr8-gnu-toolchain/bin/../lib/gcc/avr/4.8.1/../../../../avr/lib/avr6\libm.a(addsf3x.o) (__fp_pscA)
c:/program files (x86)/atmel/atmel toolchain/avr8 gcc/native/3.4.1061/avr8-gnu-toolchain/bin/../lib/gcc/avr/4.8.1/../../../../avr/lib/avr6\libm.a(fp_pscB.o)
                              c:/program files (x86)/atmel/atmel toolchain/avr8 gcc/native/3.4.1061/avr8-gnu-toolchain/bin/../lib/gcc/avr/4.8.1/../../../../avr/lib/avr6\libm.a(addsf3x.o) (__fp_pscB)
c:/program files (x86)/atmel/atmel toolchain/avr8 gcc/native/3.4.1061/avr8-gnu-toolchain/bin/../lib/gcc/avr/4.8.1/../../../../avr/lib/avr6\libm.a(fp_round.o)
                              c:/program files (x86)/atmel/atmel toolchain/avr8 gcc/native/3.4.1061/avr8-gnu-toolchain/bin/../lib/gcc/avr/4.8.1/../../../../avr/lib/avr6\libm.a(addsf3.o) (__fp_round)
c:/program files (x86)/atmel/atmel toolchain/avr8 gcc/native/3.4.1061/avr8-gnu-toolchain/bin/../lib/gcc/avr/4.8.1/../../../../avr/lib/avr6\libm.a(fp_split3.o)
                              c:/program files (x86)/atmel/atmel toolchain/avr8 gcc/native/3.4.1061/avr8-gnu-toolchain/bin/../lib/gcc/avr/4.8.1/../../../../avr/lib/avr6\libm.a(addsf3x.o) (__fp_split3)
c:/program files (x86)/atmel/atmel toolchain/avr8 gcc/native/3.4.1061/avr8-gnu-toolchain/bin/../lib/gcc/avr/4.8.1/../../../../avr/lib/avr6\libm.a(fp_zero.o)
                              c:/program files (x86)/atmel/atmel toolchain/avr8 gcc/native/3.4.1061/avr8-gnu-toolchain/bin/../lib/gcc/avr/4.8.1/../../../../avr/lib/avr6\libm.a(addsf3x.o) (__fp_zero)
c:/program files (x86)/atmel/atmel toolchain/avr8 gcc/native/3.4.1061/avr8-gnu-toolchain/bin/../lib/gcc/avr/4.8.1/../../../../avr/lib/avr6\libm.a(mulsf3.o)
                              Controller/pi.o (__mulsf3)
c:/program files (x86)/atmel/atmel toolchain/avr8 gcc/native/3.4.1061/avr8-gnu-toolchain/bin/../lib/gcc/avr/4.8.1/../../../../avr/lib/avr6\libm.a(mulsf3x.o)
                              c:/program files (x86)/atmel/atmel toolchain/avr8 gcc/native/3.4.1061/avr8-gnu-toolchain/bin/../lib/gcc/avr/4.8.1/../../../../avr/lib/avr6\libm.a(mulsf3.o) (__mulsf3x)
c:/program files (x86)/atmel/atmel toolchain/avr8 gcc/native/3.4.1061/avr8-gnu-toolchain/bin/../lib/gcc/avr/4.8.1/../../../../avr/lib/avr6\libprintf_flt.a(vfprintf_flt.o)
                              (vfprintf)
c:/program files (x86)/atmel/atmel toolchain/avr8 gcc/native/3.4.1061/avr8-gnu-toolchain/bin/../lib/gcc/avr/4.8.1/avr6\libgcc.a(_divmodhi4.o)
                              Drivers/pwm_driver.o (__divmodhi4)
c:/program files (x86)/atmel/atmel toolchain/avr8 gcc/native/3.4.1061/avr8-gnu-toolchain/bin/../lib/gcc/avr/4.8.1/avr6\libgcc.a(_exit.o)
                              c:/program files (x86)/atmel/atmel toolchain/avr8 gcc/native/3.4.1061/avr8-gnu-toolchain/bin/../lib/gcc/avr/4.8.1/../../../../avr/lib/avr6/crtm2560.o (exit)
c:/program files (x86)/atmel/atmel toolchain/avr8 gcc/native/3.4.1061/avr8-gnu-toolchain/bin/../lib/gcc/avr/4.8.1/avr6\libgcc.a(_tablejump.o)
                              TWI/TWI_Master.o (__tablejump2__)
c:/program files (x86)/atmel/atmel toolchain/avr8 gcc/native/3.4.1061/avr8-gnu-toolchain/bin/../lib/gcc/avr/4.8.1/avr6\libgcc.a(_copy_data.o)
                              Controller/pi.o (__do_copy_data)
c:/program files (x86)/atmel/atmel toolchain/avr8 gcc/native/3.4.1061/avr8-gnu-toolchain/bin/../lib/gcc/avr/4.8.1/avr6\libgcc.a(_clear_bss.o)
                              Controller/pi.o (__do_clear_bss)
c:/program files (x86)/atmel/atmel toolchain/avr8 gcc/native/3.4.1061/avr8-gnu-toolchain/bin/../lib/gcc/avr/4.8.1/avr6\libgcc.a(_umulhisi3.o)
                              Controller/pi.o (__umulhisi3)
c:/program files (x86)/atmel/atmel toolchain/avr8 gcc/native/3.4.1061/avr8-gnu-toolchain/bin/../lib/gcc/avr/4.8.1/avr6\libgcc.a(_udivmodhi4.o)
                              c:/program files (x86)/atmel/atmel toolchain/avr8 gcc/native/3.4.1061/avr8-gnu-toolchain/bin/../lib/gcc/avr/4.8.1/avr6\libgcc.a(_divmodhi4.o) (__udivmodhi4)
c:/program files (x86)/atmel/atmel toolchain/avr8 gcc/native/3.4.1061/avr8-gnu-toolchain/bin/../lib/gcc/avr/4.8.1/../../../../avr/lib/avr6\libc.a(ftoa_engine.o)
                              c:/program files (x86)/atmel/atmel toolchain/avr8 gcc/native/3.4.1061/avr8-gnu-toolchain/bin/../lib/gcc/avr/4.8.1/../../../../avr/lib/avr6\libprintf_flt.a(vfprintf_flt.o) (__ftoa_engine)
c:/program files (x86)/atmel/atmel toolchain/avr8 gcc/native/3.4.1061/avr8-gnu-toolchain/bin/../lib/gcc/avr/4.8.1/../../../../avr/lib/avr6\libc.a(strnlen_P.o)
                              c:/program files (x86)/atmel/atmel toolchain/avr8 gcc/native/3.4.1061/avr8-gnu-toolchain/bin/../lib/gcc/avr/4.8.1/../../../../avr/lib/avr6\libprintf_flt.a(vfprintf_flt.o) (strnlen_P)
c:/program files (x86)/atmel/atmel toolchain/avr8 gcc/native/3.4.1061/avr8-gnu-toolchain/bin/../lib/gcc/avr/4.8.1/../../../../avr/lib/avr6\libc.a(strnlen.o)
                              c:/program files (x86)/atmel/atmel toolchain/avr8 gcc/native/3.4.1061/avr8-gnu-toolchain/bin/../lib/gcc/avr/4.8.1/../../../../avr/lib/avr6\libprintf_flt.a(vfprintf_flt.o) (strnlen)
c:/program files (x86)/atmel/atmel toolchain/avr8 gcc/native/3.4.1061/avr8-gnu-toolchain/bin/../lib/gcc/avr/4.8.1/../../../../avr/lib/avr6\libc.a(fputc.o)
                              c:/program files (x86)/atmel/atmel toolchain/avr8 gcc/native/3.4.1061/avr8-gnu-toolchain/bin/../lib/gcc/avr/4.8.1/../../../../avr/lib/avr6\libprintf_flt.a(vfprintf_flt.o) (fputc)
c:/program files (x86)/atmel/atmel toolchain/avr8 gcc/native/3.4.1061/avr8-gnu-toolchain/bin/../lib/gcc/avr/4.8.1/../../../../avr/lib/avr6\libc.a(iob.o)
                              Drivers/uart_driver.o (__iob)
c:/program files (x86)/atmel/atmel toolchain/avr8 gcc/native/3.4.1061/avr8-gnu-toolchain/bin/../lib/gcc/avr/4.8.1/../../../../avr/lib/avr6\libc.a(printf.o)
                              Controller/pi.o (printf)
c:/program files (x86)/atmel/atmel toolchain/avr8 gcc/native/3.4.1061/avr8-gnu-toolchain/bin/../lib/gcc/avr/4.8.1/../../../../avr/lib/avr6\libc.a(puts.o)
                              Drivers/can_driver.o (puts)
c:/program files (x86)/atmel/atmel toolchain/avr8 gcc/native/3.4.1061/avr8-gnu-toolchain/bin/../lib/gcc/avr/4.8.1/../../../../avr/lib/avr6\libc.a(ultoa_invert.o)
                              c:/program files (x86)/atmel/atmel toolchain/avr8 gcc/native/3.4.1061/avr8-gnu-toolchain/bin/../lib/gcc/avr/4.8.1/../../../../avr/lib/avr6\libprintf_flt.a(vfprintf_flt.o) (__ultoa_invert)

Allocating common symbols
Common symbol       size              file

max_position        0x2               Controller/pi.o
position            0x2               Controller/pi.o
last_ir_val         0x1               Drivers/can_driver.o
sample_count        0x2               Drivers/music_driver.o
direction           0x1               Controller/pi.o
posref              0x2               Controller/pi.o
astleynr            0x1               Drivers/music_driver.o
printvar            0x1               Controller/pi.o
derivate            0x4               Controller/pi.o
integral            0x4               Controller/pi.o
__iob               0x6               c:/program files (x86)/atmel/atmel toolchain/avr8 gcc/native/3.4.1061/avr8-gnu-toolchain/bin/../lib/gcc/avr/4.8.1/../../../../avr/lib/avr6\libc.a(iob.o)
rx_flag             0x1               Drivers/can_driver.o
sample              0x2               Drivers/music_driver.o

Discarded input sections

 .data          0x00000000        0x0 c:/program files (x86)/atmel/atmel toolchain/avr8 gcc/native/3.4.1061/avr8-gnu-toolchain/bin/../lib/gcc/avr/4.8.1/../../../../avr/lib/avr6/crtm2560.o
 .bss           0x00000000        0x0 c:/program files (x86)/atmel/atmel toolchain/avr8 gcc/native/3.4.1061/avr8-gnu-toolchain/bin/../lib/gcc/avr/4.8.1/../../../../avr/lib/avr6/crtm2560.o
 .text          0x00000000        0x0 Controller/pi.o
 .data          0x00000000        0x0 Controller/pi.o
 .bss           0x00000000        0x0 Controller/pi.o
 .text          0x00000000        0x0 Drivers/adc_driver.o
 .data          0x00000000        0x0 Drivers/adc_driver.o
 .bss           0x00000000        0x0 Drivers/adc_driver.o
 .text          0x00000000        0x0 Drivers/can_driver.o
 .data          0x00000000        0x0 Drivers/can_driver.o
 .bss           0x00000000        0x0 Drivers/can_driver.o
 .text.can_error
                0x00000000       0x16 Drivers/can_driver.o
 .text.can_test
                0x00000000       0x88 Drivers/can_driver.o
 .text          0x00000000        0x0 Drivers/max520_driver.o
 .data          0x00000000        0x0 Drivers/max520_driver.o
 .bss           0x00000000        0x0 Drivers/max520_driver.o
 .text          0x00000000        0x0 Drivers/mcp2515_driver.o
 .data          0x00000000        0x0 Drivers/mcp2515_driver.o
 .bss           0x00000000        0x0 Drivers/mcp2515_driver.o
 .text.mcp2515_read_status
                0x00000000       0x1c Drivers/mcp2515_driver.o
 .text.mcp2515_set_loopback_mode
                0x00000000       0x4a Drivers/mcp2515_driver.o
 .text.mcp2515_test
                0x00000000        0xe Drivers/mcp2515_driver.o
 .text          0x00000000        0x0 Drivers/motor_driver.o
 .data          0x00000000        0x0 Drivers/motor_driver.o
 .bss           0x00000000        0x0 Drivers/motor_driver.o
 .text.motor_velocity
                0x00000000        0x2 Drivers/motor_driver.o
 .text          0x00000000        0x0 Drivers/music_driver.o
 .data          0x00000000        0x0 Drivers/music_driver.o
 .bss           0x00000000        0x0 Drivers/music_driver.o
 .text.music_init
                0x00000000       0x56 Drivers/music_driver.o
 .text.music_set_sample_value
                0x00000000        0x2 Drivers/music_driver.o
 .progmem.data.astley8_data
                0x00000000      0xb0b Drivers/music_driver.o
 .rodata.astley8_length
                0x00000000        0x2 Drivers/music_driver.o
 .progmem.data.astley7_data
                0x00000000      0xb0b Drivers/music_driver.o
 .rodata.astley7_length
                0x00000000        0x2 Drivers/music_driver.o
 .progmem.data.astley6_data
                0x00000000      0xb0b Drivers/music_driver.o
 .rodata.astley6_length
                0x00000000        0x2 Drivers/music_driver.o
 .progmem.data.astley5_data
                0x00000000      0xb0b Drivers/music_driver.o
 .rodata.astley5_length
                0x00000000        0x2 Drivers/music_driver.o
 .progmem.data.astley4_data
                0x00000000      0xb0b Drivers/music_driver.o
 .rodata.astley4_length
                0x00000000        0x2 Drivers/music_driver.o
 .progmem.data.astley3_data
                0x00000000      0xb0b Drivers/music_driver.o
 .rodata.astley3_length
                0x00000000        0x2 Drivers/music_driver.o
 .progmem.data.astley2_data
                0x00000000      0xb0b Drivers/music_driver.o
 .rodata.astley2_length
                0x00000000        0x2 Drivers/music_driver.o
 .progmem.data.astley1_data
                0x00000000      0xb0b Drivers/music_driver.o
 .rodata.astley1_length
                0x00000000        0x2 Drivers/music_driver.o
 COMMON         0x00000000        0x5 Drivers/music_driver.o
 .text          0x00000000        0x0 Drivers/pwm_driver.o
 .data          0x00000000        0x0 Drivers/pwm_driver.o
 .bss           0x00000000        0x0 Drivers/pwm_driver.o
 .text.pwm_set_value
                0x00000000        0xa Drivers/pwm_driver.o
 .text.pwm_test
                0x00000000        0xe Drivers/pwm_driver.o
 .text          0x00000000        0x0 Drivers/solenoid_driver.o
 .data          0x00000000        0x0 Drivers/solenoid_driver.o
 .bss           0x00000000        0x0 Drivers/solenoid_driver.o
 .text          0x00000000        0x0 Drivers/spi_driver.o
 .data          0x00000000        0x0 Drivers/spi_driver.o
 .bss           0x00000000        0x0 Drivers/spi_driver.o
 .text          0x00000000        0x0 Drivers/uart_driver.o
 .data          0x00000000        0x0 Drivers/uart_driver.o
 .bss           0x00000000        0x0 Drivers/uart_driver.o
 .text          0x00000000        0x0 ir.o
 .data          0x00000000        0x0 ir.o
 .bss           0x00000000        0x0 ir.o
 .text          0x00000000        0x0 Node2.o
 .data          0x00000000        0x0 Node2.o
 .bss           0x00000000        0x0 Node2.o
 .text          0x00000000        0x0 test_node_2.o
 .data          0x00000000        0x0 test_node_2.o
 .bss           0x00000000        0x0 test_node_2.o
 .rodata.str1.1
                0x00000000        0xc test_node_2.o
 .text.keep_score
                0x00000000       0x30 test_node_2.o
 .text.not_blocked
                0x00000000        0x8 test_node_2.o
 .text.motor_test
                0x00000000       0x76 test_node_2.o
 .bss.game_score
                0x00000000        0x1 test_node_2.o
 .data.ir_not_blocked
                0x00000000        0x1 test_node_2.o
 .debug_info    0x00000000      0x2f9 test_node_2.o
 .debug_abbrev  0x00000000      0x185 test_node_2.o
 .debug_loc     0x00000000       0x56 test_node_2.o
 .debug_aranges
                0x00000000       0x30 test_node_2.o
 .debug_ranges  0x00000000       0x20 test_node_2.o
 .debug_line    0x00000000      0x1df test_node_2.o
 .debug_str     0x00000000      0x207 test_node_2.o
 .comment       0x00000000       0x31 test_node_2.o
 .debug_frame   0x00000000       0x54 test_node_2.o
 .text          0x00000000        0x0 timer.o
 .data          0x00000000        0x0 timer.o
 .bss           0x00000000        0x0 timer.o
 .text          0x00000000        0x0 TWI/TWI_Master.o
 .data          0x00000000        0x0 TWI/TWI_Master.o
 .bss           0x00000000        0x0 TWI/TWI_Master.o
 .text.TWI_Transceiver_Busy
                0x00000000        0x8 TWI/TWI_Master.o
 .text.TWI_Get_State_Info
                0x00000000       0x10 TWI/TWI_Master.o
 .text.TWI_Start_Transceiver
                0x00000000       0x1c TWI/TWI_Master.o
 .text.TWI_Get_Data_From_Transceiver
                0x00000000       0x34 TWI/TWI_Master.o
 .text          0x00000000        0x0 c:/program files (x86)/atmel/atmel toolchain/avr8 gcc/native/3.4.1061/avr8-gnu-toolchain/bin/../lib/gcc/avr/4.8.1/../../../../avr/lib/avr6\libm.a(addsf3.o)
 .data          0x00000000        0x0 c:/program files (x86)/atmel/atmel toolchain/avr8 gcc/native/3.4.1061/avr8-gnu-toolchain/bin/../lib/gcc/avr/4.8.1/../../../../avr/lib/avr6\libm.a(addsf3.o)
 .bss           0x00000000        0x0 c:/program files (x86)/atmel/atmel toolchain/avr8 gcc/native/3.4.1061/avr8-gnu-toolchain/bin/../lib/gcc/avr/4.8.1/../../../../avr/lib/avr6\libm.a(addsf3.o)
 .text          0x00000000        0x0 c:/program files (x86)/atmel/atmel toolchain/avr8 gcc/native/3.4.1061/avr8-gnu-toolchain/bin/../lib/gcc/avr/4.8.1/../../../../avr/lib/avr6\libm.a(addsf3x.o)
 .data          0x00000000        0x0 c:/program files (x86)/atmel/atmel toolchain/avr8 gcc/native/3.4.1061/avr8-gnu-toolchain/bin/../lib/gcc/avr/4.8.1/../../../../avr/lib/avr6\libm.a(addsf3x.o)
 .bss           0x00000000        0x0 c:/program files (x86)/atmel/atmel toolchain/avr8 gcc/native/3.4.1061/avr8-gnu-toolchain/bin/../lib/gcc/avr/4.8.1/../../../../avr/lib/avr6\libm.a(addsf3x.o)
 .text          0x00000000        0x0 c:/program files (x86)/atmel/atmel toolchain/avr8 gcc/native/3.4.1061/avr8-gnu-toolchain/bin/../lib/gcc/avr/4.8.1/../../../../avr/lib/avr6\libm.a(divsf3.o)
 .data          0x00000000        0x0 c:/program files (x86)/atmel/atmel toolchain/avr8 gcc/native/3.4.1061/avr8-gnu-toolchain/bin/../lib/gcc/avr/4.8.1/../../../../avr/lib/avr6\libm.a(divsf3.o)
 .bss           0x00000000        0x0 c:/program files (x86)/atmel/atmel toolchain/avr8 gcc/native/3.4.1061/avr8-gnu-toolchain/bin/../lib/gcc/avr/4.8.1/../../../../avr/lib/avr6\libm.a(divsf3.o)
 .text          0x00000000        0x0 c:/program files (x86)/atmel/atmel toolchain/avr8 gcc/native/3.4.1061/avr8-gnu-toolchain/bin/../lib/gcc/avr/4.8.1/../../../../avr/lib/avr6\libm.a(divsf3x.o)
 .data          0x00000000        0x0 c:/program files (x86)/atmel/atmel toolchain/avr8 gcc/native/3.4.1061/avr8-gnu-toolchain/bin/../lib/gcc/avr/4.8.1/../../../../avr/lib/avr6\libm.a(divsf3x.o)
 .bss           0x00000000        0x0 c:/program files (x86)/atmel/atmel toolchain/avr8 gcc/native/3.4.1061/avr8-gnu-toolchain/bin/../lib/gcc/avr/4.8.1/../../../../avr/lib/avr6\libm.a(divsf3x.o)
 .text          0x00000000        0x0 c:/program files (x86)/atmel/atmel toolchain/avr8 gcc/native/3.4.1061/avr8-gnu-toolchain/bin/../lib/gcc/avr/4.8.1/../../../../avr/lib/avr6\libm.a(fixsfsi.o)
 .data          0x00000000        0x0 c:/program files (x86)/atmel/atmel toolchain/avr8 gcc/native/3.4.1061/avr8-gnu-toolchain/bin/../lib/gcc/avr/4.8.1/../../../../avr/lib/avr6\libm.a(fixsfsi.o)
 .bss           0x00000000        0x0 c:/program files (x86)/atmel/atmel toolchain/avr8 gcc/native/3.4.1061/avr8-gnu-toolchain/bin/../lib/gcc/avr/4.8.1/../../../../avr/lib/avr6\libm.a(fixsfsi.o)
 .text          0x00000000        0x0 c:/program files (x86)/atmel/atmel toolchain/avr8 gcc/native/3.4.1061/avr8-gnu-toolchain/bin/../lib/gcc/avr/4.8.1/../../../../avr/lib/avr6\libm.a(fixunssfsi.o)
 .data          0x00000000        0x0 c:/program files (x86)/atmel/atmel toolchain/avr8 gcc/native/3.4.1061/avr8-gnu-toolchain/bin/../lib/gcc/avr/4.8.1/../../../../avr/lib/avr6\libm.a(fixunssfsi.o)
 .bss           0x00000000        0x0 c:/program files (x86)/atmel/atmel toolchain/avr8 gcc/native/3.4.1061/avr8-gnu-toolchain/bin/../lib/gcc/avr/4.8.1/../../../../avr/lib/avr6\libm.a(fixunssfsi.o)
 .text          0x00000000        0x0 c:/program files (x86)/atmel/atmel toolchain/avr8 gcc/native/3.4.1061/avr8-gnu-toolchain/bin/../lib/gcc/avr/4.8.1/../../../../avr/lib/avr6\libm.a(floatsisf.o)
 .data          0x00000000        0x0 c:/program files (x86)/atmel/atmel toolchain/avr8 gcc/native/3.4.1061/avr8-gnu-toolchain/bin/../lib/gcc/avr/4.8.1/../../../../avr/lib/avr6\libm.a(floatsisf.o)
 .bss           0x00000000        0x0 c:/program files (x86)/atmel/atmel toolchain/avr8 gcc/native/3.4.1061/avr8-gnu-toolchain/bin/../lib/gcc/avr/4.8.1/../../../../avr/lib/avr6\libm.a(floatsisf.o)
 .text          0x00000000        0x0 c:/program files (x86)/atmel/atmel toolchain/avr8 gcc/native/3.4.1061/avr8-gnu-toolchain/bin/../lib/gcc/avr/4.8.1/../../../../avr/lib/avr6\libm.a(fp_inf.o)
 .data          0x00000000        0x0 c:/program files (x86)/atmel/atmel toolchain/avr8 gcc/native/3.4.1061/avr8-gnu-toolchain/bin/../lib/gcc/avr/4.8.1/../../../../avr/lib/avr6\libm.a(fp_inf.o)
 .bss           0x00000000        0x0 c:/program files (x86)/atmel/atmel toolchain/avr8 gcc/native/3.4.1061/avr8-gnu-toolchain/bin/../lib/gcc/avr/4.8.1/../../../../avr/lib/avr6\libm.a(fp_inf.o)
 .text          0x00000000        0x0 c:/program files (x86)/atmel/atmel toolchain/avr8 gcc/native/3.4.1061/avr8-gnu-toolchain/bin/../lib/gcc/avr/4.8.1/../../../../avr/lib/avr6\libm.a(fp_nan.o)
 .data          0x00000000        0x0 c:/program files (x86)/atmel/atmel toolchain/avr8 gcc/native/3.4.1061/avr8-gnu-toolchain/bin/../lib/gcc/avr/4.8.1/../../../../avr/lib/avr6\libm.a(fp_nan.o)
 .bss           0x00000000        0x0 c:/program files (x86)/atmel/atmel toolchain/avr8 gcc/native/3.4.1061/avr8-gnu-toolchain/bin/../lib/gcc/avr/4.8.1/../../../../avr/lib/avr6\libm.a(fp_nan.o)
 .text          0x00000000        0x0 c:/program files (x86)/atmel/atmel toolchain/avr8 gcc/native/3.4.1061/avr8-gnu-toolchain/bin/../lib/gcc/avr/4.8.1/../../../../avr/lib/avr6\libm.a(fp_pscA.o)
 .data          0x00000000        0x0 c:/program files (x86)/atmel/atmel toolchain/avr8 gcc/native/3.4.1061/avr8-gnu-toolchain/bin/../lib/gcc/avr/4.8.1/../../../../avr/lib/avr6\libm.a(fp_pscA.o)
 .bss           0x00000000        0x0 c:/program files (x86)/atmel/atmel toolchain/avr8 gcc/native/3.4.1061/avr8-gnu-toolchain/bin/../lib/gcc/avr/4.8.1/../../../../avr/lib/avr6\libm.a(fp_pscA.o)
 .text          0x00000000        0x0 c:/program files (x86)/atmel/atmel toolchain/avr8 gcc/native/3.4.1061/avr8-gnu-toolchain/bin/../lib/gcc/avr/4.8.1/../../../../avr/lib/avr6\libm.a(fp_pscB.o)
 .data          0x00000000        0x0 c:/program files (x86)/atmel/atmel toolchain/avr8 gcc/native/3.4.1061/avr8-gnu-toolchain/bin/../lib/gcc/avr/4.8.1/../../../../avr/lib/avr6\libm.a(fp_pscB.o)
 .bss           0x00000000        0x0 c:/program files (x86)/atmel/atmel toolchain/avr8 gcc/native/3.4.1061/avr8-gnu-toolchain/bin/../lib/gcc/avr/4.8.1/../../../../avr/lib/avr6\libm.a(fp_pscB.o)
 .text          0x00000000        0x0 c:/program files (x86)/atmel/atmel toolchain/avr8 gcc/native/3.4.1061/avr8-gnu-toolchain/bin/../lib/gcc/avr/4.8.1/../../../../avr/lib/avr6\libm.a(fp_round.o)
 .data          0x00000000        0x0 c:/program files (x86)/atmel/atmel toolchain/avr8 gcc/native/3.4.1061/avr8-gnu-toolchain/bin/../lib/gcc/avr/4.8.1/../../../../avr/lib/avr6\libm.a(fp_round.o)
 .bss           0x00000000        0x0 c:/program files (x86)/atmel/atmel toolchain/avr8 gcc/native/3.4.1061/avr8-gnu-toolchain/bin/../lib/gcc/avr/4.8.1/../../../../avr/lib/avr6\libm.a(fp_round.o)
 .text          0x00000000        0x0 c:/program files (x86)/atmel/atmel toolchain/avr8 gcc/native/3.4.1061/avr8-gnu-toolchain/bin/../lib/gcc/avr/4.8.1/../../../../avr/lib/avr6\libm.a(fp_split3.o)
 .data          0x00000000        0x0 c:/program files (x86)/atmel/atmel toolchain/avr8 gcc/native/3.4.1061/avr8-gnu-toolchain/bin/../lib/gcc/avr/4.8.1/../../../../avr/lib/avr6\libm.a(fp_split3.o)
 .bss           0x00000000        0x0 c:/program files (x86)/atmel/atmel toolchain/avr8 gcc/native/3.4.1061/avr8-gnu-toolchain/bin/../lib/gcc/avr/4.8.1/../../../../avr/lib/avr6\libm.a(fp_split3.o)
 .text          0x00000000        0x0 c:/program files (x86)/atmel/atmel toolchain/avr8 gcc/native/3.4.1061/avr8-gnu-toolchain/bin/../lib/gcc/avr/4.8.1/../../../../avr/lib/avr6\libm.a(fp_zero.o)
 .data          0x00000000        0x0 c:/program files (x86)/atmel/atmel toolchain/avr8 gcc/native/3.4.1061/avr8-gnu-toolchain/bin/../lib/gcc/avr/4.8.1/../../../../avr/lib/avr6\libm.a(fp_zero.o)
 .bss           0x00000000        0x0 c:/program files (x86)/atmel/atmel toolchain/avr8 gcc/native/3.4.1061/avr8-gnu-toolchain/bin/../lib/gcc/avr/4.8.1/../../../../avr/lib/avr6\libm.a(fp_zero.o)
 .text          0x00000000        0x0 c:/program files (x86)/atmel/atmel toolchain/avr8 gcc/native/3.4.1061/avr8-gnu-toolchain/bin/../lib/gcc/avr/4.8.1/../../../../avr/lib/avr6\libm.a(mulsf3.o)
 .data          0x00000000        0x0 c:/program files (x86)/atmel/atmel toolchain/avr8 gcc/native/3.4.1061/avr8-gnu-toolchain/bin/../lib/gcc/avr/4.8.1/../../../../avr/lib/avr6\libm.a(mulsf3.o)
 .bss           0x00000000        0x0 c:/program files (x86)/atmel/atmel toolchain/avr8 gcc/native/3.4.1061/avr8-gnu-toolchain/bin/../lib/gcc/avr/4.8.1/../../../../avr/lib/avr6\libm.a(mulsf3.o)
 .text          0x00000000        0x0 c:/program files (x86)/atmel/atmel toolchain/avr8 gcc/native/3.4.1061/avr8-gnu-toolchain/bin/../lib/gcc/avr/4.8.1/../../../../avr/lib/avr6\libm.a(mulsf3x.o)
 .data          0x00000000        0x0 c:/program files (x86)/atmel/atmel toolchain/avr8 gcc/native/3.4.1061/avr8-gnu-toolchain/bin/../lib/gcc/avr/4.8.1/../../../../avr/lib/avr6\libm.a(mulsf3x.o)
 .bss           0x00000000        0x0 c:/program files (x86)/atmel/atmel toolchain/avr8 gcc/native/3.4.1061/avr8-gnu-toolchain/bin/../lib/gcc/avr/4.8.1/../../../../avr/lib/avr6\libm.a(mulsf3x.o)
 .text          0x00000000        0x0 c:/program files (x86)/atmel/atmel toolchain/avr8 gcc/native/3.4.1061/avr8-gnu-toolchain/bin/../lib/gcc/avr/4.8.1/../../../../avr/lib/avr6\libprintf_flt.a(vfprintf_flt.o)
 .data          0x00000000        0x0 c:/program files (x86)/atmel/atmel toolchain/avr8 gcc/native/3.4.1061/avr8-gnu-toolchain/bin/../lib/gcc/avr/4.8.1/../../../../avr/lib/avr6\libprintf_flt.a(vfprintf_flt.o)
 .bss           0x00000000        0x0 c:/program files (x86)/atmel/atmel toolchain/avr8 gcc/native/3.4.1061/avr8-gnu-toolchain/bin/../lib/gcc/avr/4.8.1/../../../../avr/lib/avr6\libprintf_flt.a(vfprintf_flt.o)
 .text          0x00000000        0x0 c:/program files (x86)/atmel/atmel toolchain/avr8 gcc/native/3.4.1061/avr8-gnu-toolchain/bin/../lib/gcc/avr/4.8.1/avr6\libgcc.a(_divmodhi4.o)
 .data          0x00000000        0x0 c:/program files (x86)/atmel/atmel toolchain/avr8 gcc/native/3.4.1061/avr8-gnu-toolchain/bin/../lib/gcc/avr/4.8.1/avr6\libgcc.a(_divmodhi4.o)
 .bss           0x00000000        0x0 c:/program files (x86)/atmel/atmel toolchain/avr8 gcc/native/3.4.1061/avr8-gnu-toolchain/bin/../lib/gcc/avr/4.8.1/avr6\libgcc.a(_divmodhi4.o)
 .text.libgcc.mul
                0x00000000        0x0 c:/program files (x86)/atmel/atmel toolchain/avr8 gcc/native/3.4.1061/avr8-gnu-toolchain/bin/../lib/gcc/avr/4.8.1/avr6\libgcc.a(_divmodhi4.o)
 .text.libgcc   0x00000000        0x0 c:/program files (x86)/atmel/atmel toolchain/avr8 gcc/native/3.4.1061/avr8-gnu-toolchain/bin/../lib/gcc/avr/4.8.1/avr6\libgcc.a(_divmodhi4.o)
 .text.libgcc.prologue
                0x00000000        0x0 c:/program files (x86)/atmel/atmel toolchain/avr8 gcc/native/3.4.1061/avr8-gnu-toolchain/bin/../lib/gcc/avr/4.8.1/avr6\libgcc.a(_divmodhi4.o)
 .text.libgcc.builtins
                0x00000000        0x0 c:/program files (x86)/atmel/atmel toolchain/avr8 gcc/native/3.4.1061/avr8-gnu-toolchain/bin/../lib/gcc/avr/4.8.1/avr6\libgcc.a(_divmodhi4.o)
 .text.libgcc.fmul
                0x00000000        0x0 c:/program files (x86)/atmel/atmel toolchain/avr8 gcc/native/3.4.1061/avr8-gnu-toolchain/bin/../lib/gcc/avr/4.8.1/avr6\libgcc.a(_divmodhi4.o)
 .text.libgcc.fixed
                0x00000000        0x0 c:/program files (x86)/atmel/atmel toolchain/avr8 gcc/native/3.4.1061/avr8-gnu-toolchain/bin/../lib/gcc/avr/4.8.1/avr6\libgcc.a(_divmodhi4.o)
 .text          0x00000000        0x0 c:/program files (x86)/atmel/atmel toolchain/avr8 gcc/native/3.4.1061/avr8-gnu-toolchain/bin/../lib/gcc/avr/4.8.1/avr6\libgcc.a(_exit.o)
 .data          0x00000000        0x0 c:/program files (x86)/atmel/atmel toolchain/avr8 gcc/native/3.4.1061/avr8-gnu-toolchain/bin/../lib/gcc/avr/4.8.1/avr6\libgcc.a(_exit.o)
 .bss           0x00000000        0x0 c:/program files (x86)/atmel/atmel toolchain/avr8 gcc/native/3.4.1061/avr8-gnu-toolchain/bin/../lib/gcc/avr/4.8.1/avr6\libgcc.a(_exit.o)
 .text.libgcc.mul
                0x00000000        0x0 c:/program files (x86)/atmel/atmel toolchain/avr8 gcc/native/3.4.1061/avr8-gnu-toolchain/bin/../lib/gcc/avr/4.8.1/avr6\libgcc.a(_exit.o)
 .text.libgcc.div
                0x00000000        0x0 c:/program files (x86)/atmel/atmel toolchain/avr8 gcc/native/3.4.1061/avr8-gnu-toolchain/bin/../lib/gcc/avr/4.8.1/avr6\libgcc.a(_exit.o)
 .text.libgcc   0x00000000        0x0 c:/program files (x86)/atmel/atmel toolchain/avr8 gcc/native/3.4.1061/avr8-gnu-toolchain/bin/../lib/gcc/avr/4.8.1/avr6\libgcc.a(_exit.o)
 .text.libgcc.prologue
                0x00000000        0x0 c:/program files (x86)/atmel/atmel toolchain/avr8 gcc/native/3.4.1061/avr8-gnu-toolchain/bin/../lib/gcc/avr/4.8.1/avr6\libgcc.a(_exit.o)
 .text.libgcc.builtins
                0x00000000        0x0 c:/program files (x86)/atmel/atmel toolchain/avr8 gcc/native/3.4.1061/avr8-gnu-toolchain/bin/../lib/gcc/avr/4.8.1/avr6\libgcc.a(_exit.o)
 .text.libgcc.fmul
                0x00000000        0x0 c:/program files (x86)/atmel/atmel toolchain/avr8 gcc/native/3.4.1061/avr8-gnu-toolchain/bin/../lib/gcc/avr/4.8.1/avr6\libgcc.a(_exit.o)
 .text.libgcc.fixed
                0x00000000        0x0 c:/program files (x86)/atmel/atmel toolchain/avr8 gcc/native/3.4.1061/avr8-gnu-toolchain/bin/../lib/gcc/avr/4.8.1/avr6\libgcc.a(_exit.o)
 .text          0x00000000        0x0 c:/program files (x86)/atmel/atmel toolchain/avr8 gcc/native/3.4.1061/avr8-gnu-toolchain/bin/../lib/gcc/avr/4.8.1/avr6\libgcc.a(_tablejump.o)
 .data          0x00000000        0x0 c:/program files (x86)/atmel/atmel toolchain/avr8 gcc/native/3.4.1061/avr8-gnu-toolchain/bin/../lib/gcc/avr/4.8.1/avr6\libgcc.a(_tablejump.o)
 .bss           0x00000000        0x0 c:/program files (x86)/atmel/atmel toolchain/avr8 gcc/native/3.4.1061/avr8-gnu-toolchain/bin/../lib/gcc/avr/4.8.1/avr6\libgcc.a(_tablejump.o)
 .text.libgcc.mul
                0x00000000        0x0 c:/program files (x86)/atmel/atmel toolchain/avr8 gcc/native/3.4.1061/avr8-gnu-toolchain/bin/../lib/gcc/avr/4.8.1/avr6\libgcc.a(_tablejump.o)
 .text.libgcc.div
                0x00000000        0x0 c:/program files (x86)/atmel/atmel toolchain/avr8 gcc/native/3.4.1061/avr8-gnu-toolchain/bin/../lib/gcc/avr/4.8.1/avr6\libgcc.a(_tablejump.o)
 .text.libgcc.prologue
                0x00000000        0x0 c:/program files (x86)/atmel/atmel toolchain/avr8 gcc/native/3.4.1061/avr8-gnu-toolchain/bin/../lib/gcc/avr/4.8.1/avr6\libgcc.a(_tablejump.o)
 .text.libgcc.builtins
                0x00000000        0x0 c:/program files (x86)/atmel/atmel toolchain/avr8 gcc/native/3.4.1061/avr8-gnu-toolchain/bin/../lib/gcc/avr/4.8.1/avr6\libgcc.a(_tablejump.o)
 .text.libgcc.fmul
                0x00000000        0x0 c:/program files (x86)/atmel/atmel toolchain/avr8 gcc/native/3.4.1061/avr8-gnu-toolchain/bin/../lib/gcc/avr/4.8.1/avr6\libgcc.a(_tablejump.o)
 .text.libgcc.fixed
                0x00000000        0x0 c:/program files (x86)/atmel/atmel toolchain/avr8 gcc/native/3.4.1061/avr8-gnu-toolchain/bin/../lib/gcc/avr/4.8.1/avr6\libgcc.a(_tablejump.o)
 .text          0x00000000        0x0 c:/program files (x86)/atmel/atmel toolchain/avr8 gcc/native/3.4.1061/avr8-gnu-toolchain/bin/../lib/gcc/avr/4.8.1/avr6\libgcc.a(_copy_data.o)
 .data          0x00000000        0x0 c:/program files (x86)/atmel/atmel toolchain/avr8 gcc/native/3.4.1061/avr8-gnu-toolchain/bin/../lib/gcc/avr/4.8.1/avr6\libgcc.a(_copy_data.o)
 .bss           0x00000000        0x0 c:/program files (x86)/atmel/atmel toolchain/avr8 gcc/native/3.4.1061/avr8-gnu-toolchain/bin/../lib/gcc/avr/4.8.1/avr6\libgcc.a(_copy_data.o)
 .text.libgcc.mul
                0x00000000        0x0 c:/program files (x86)/atmel/atmel toolchain/avr8 gcc/native/3.4.1061/avr8-gnu-toolchain/bin/../lib/gcc/avr/4.8.1/avr6\libgcc.a(_copy_data.o)
 .text.libgcc.div
                0x00000000        0x0 c:/program files (x86)/atmel/atmel toolchain/avr8 gcc/native/3.4.1061/avr8-gnu-toolchain/bin/../lib/gcc/avr/4.8.1/avr6\libgcc.a(_copy_data.o)
 .text.libgcc   0x00000000        0x0 c:/program files (x86)/atmel/atmel toolchain/avr8 gcc/native/3.4.1061/avr8-gnu-toolchain/bin/../lib/gcc/avr/4.8.1/avr6\libgcc.a(_copy_data.o)
 .text.libgcc.prologue
                0x00000000        0x0 c:/program files (x86)/atmel/atmel toolchain/avr8 gcc/native/3.4.1061/avr8-gnu-toolchain/bin/../lib/gcc/avr/4.8.1/avr6\libgcc.a(_copy_data.o)
 .text.libgcc.builtins
                0x00000000        0x0 c:/program files (x86)/atmel/atmel toolchain/avr8 gcc/native/3.4.1061/avr8-gnu-toolchain/bin/../lib/gcc/avr/4.8.1/avr6\libgcc.a(_copy_data.o)
 .text.libgcc.fmul
                0x00000000        0x0 c:/program files (x86)/atmel/atmel toolchain/avr8 gcc/native/3.4.1061/avr8-gnu-toolchain/bin/../lib/gcc/avr/4.8.1/avr6\libgcc.a(_copy_data.o)
 .text.libgcc.fixed
                0x00000000        0x0 c:/program files (x86)/atmel/atmel toolchain/avr8 gcc/native/3.4.1061/avr8-gnu-toolchain/bin/../lib/gcc/avr/4.8.1/avr6\libgcc.a(_copy_data.o)
 .text          0x00000000        0x0 c:/program files (x86)/atmel/atmel toolchain/avr8 gcc/native/3.4.1061/avr8-gnu-toolchain/bin/../lib/gcc/avr/4.8.1/avr6\libgcc.a(_clear_bss.o)
 .data          0x00000000        0x0 c:/program files (x86)/atmel/atmel toolchain/avr8 gcc/native/3.4.1061/avr8-gnu-toolchain/bin/../lib/gcc/avr/4.8.1/avr6\libgcc.a(_clear_bss.o)
 .bss           0x00000000        0x0 c:/program files (x86)/atmel/atmel toolchain/avr8 gcc/native/3.4.1061/avr8-gnu-toolchain/bin/../lib/gcc/avr/4.8.1/avr6\libgcc.a(_clear_bss.o)
 .text.libgcc.mul
                0x00000000        0x0 c:/program files (x86)/atmel/atmel toolchain/avr8 gcc/native/3.4.1061/avr8-gnu-toolchain/bin/../lib/gcc/avr/4.8.1/avr6\libgcc.a(_clear_bss.o)
 .text.libgcc.div
                0x00000000        0x0 c:/program files (x86)/atmel/atmel toolchain/avr8 gcc/native/3.4.1061/avr8-gnu-toolchain/bin/../lib/gcc/avr/4.8.1/avr6\libgcc.a(_clear_bss.o)
 .text.libgcc   0x00000000        0x0 c:/program files (x86)/atmel/atmel toolchain/avr8 gcc/native/3.4.1061/avr8-gnu-toolchain/bin/../lib/gcc/avr/4.8.1/avr6\libgcc.a(_clear_bss.o)
 .text.libgcc.prologue
                0x00000000        0x0 c:/program files (x86)/atmel/atmel toolchain/avr8 gcc/native/3.4.1061/avr8-gnu-toolchain/bin/../lib/gcc/avr/4.8.1/avr6\libgcc.a(_clear_bss.o)
 .text.libgcc.builtins
                0x00000000        0x0 c:/program files (x86)/atmel/atmel toolchain/avr8 gcc/native/3.4.1061/avr8-gnu-toolchain/bin/../lib/gcc/avr/4.8.1/avr6\libgcc.a(_clear_bss.o)
 .text.libgcc.fmul
                0x00000000        0x0 c:/program files (x86)/atmel/atmel toolchain/avr8 gcc/native/3.4.1061/avr8-gnu-toolchain/bin/../lib/gcc/avr/4.8.1/avr6\libgcc.a(_clear_bss.o)
 .text.libgcc.fixed
                0x00000000        0x0 c:/program files (x86)/atmel/atmel toolchain/avr8 gcc/native/3.4.1061/avr8-gnu-toolchain/bin/../lib/gcc/avr/4.8.1/avr6\libgcc.a(_clear_bss.o)
 .text          0x00000000        0x0 c:/program files (x86)/atmel/atmel toolchain/avr8 gcc/native/3.4.1061/avr8-gnu-toolchain/bin/../lib/gcc/avr/4.8.1/avr6\libgcc.a(_umulhisi3.o)
 .data          0x00000000        0x0 c:/program files (x86)/atmel/atmel toolchain/avr8 gcc/native/3.4.1061/avr8-gnu-toolchain/bin/../lib/gcc/avr/4.8.1/avr6\libgcc.a(_umulhisi3.o)
 .bss           0x00000000        0x0 c:/program files (x86)/atmel/atmel toolchain/avr8 gcc/native/3.4.1061/avr8-gnu-toolchain/bin/../lib/gcc/avr/4.8.1/avr6\libgcc.a(_umulhisi3.o)
 .text.libgcc.div
                0x00000000        0x0 c:/program files (x86)/atmel/atmel toolchain/avr8 gcc/native/3.4.1061/avr8-gnu-toolchain/bin/../lib/gcc/avr/4.8.1/avr6\libgcc.a(_umulhisi3.o)
 .text.libgcc   0x00000000        0x0 c:/program files (x86)/atmel/atmel toolchain/avr8 gcc/native/3.4.1061/avr8-gnu-toolchain/bin/../lib/gcc/avr/4.8.1/avr6\libgcc.a(_umulhisi3.o)
 .text.libgcc.prologue
                0x00000000        0x0 c:/program files (x86)/atmel/atmel toolchain/avr8 gcc/native/3.4.1061/avr8-gnu-toolchain/bin/../lib/gcc/avr/4.8.1/avr6\libgcc.a(_umulhisi3.o)
 .text.libgcc.builtins
                0x00000000        0x0 c:/program files (x86)/atmel/atmel toolchain/avr8 gcc/native/3.4.1061/avr8-gnu-toolchain/bin/../lib/gcc/avr/4.8.1/avr6\libgcc.a(_umulhisi3.o)
 .text.libgcc.fmul
                0x00000000        0x0 c:/program files (x86)/atmel/atmel toolchain/avr8 gcc/native/3.4.1061/avr8-gnu-toolchain/bin/../lib/gcc/avr/4.8.1/avr6\libgcc.a(_umulhisi3.o)
 .text.libgcc.fixed
                0x00000000        0x0 c:/program files (x86)/atmel/atmel toolchain/avr8 gcc/native/3.4.1061/avr8-gnu-toolchain/bin/../lib/gcc/avr/4.8.1/avr6\libgcc.a(_umulhisi3.o)
 .text          0x00000000        0x0 c:/program files (x86)/atmel/atmel toolchain/avr8 gcc/native/3.4.1061/avr8-gnu-toolchain/bin/../lib/gcc/avr/4.8.1/avr6\libgcc.a(_udivmodhi4.o)
 .data          0x00000000        0x0 c:/program files (x86)/atmel/atmel toolchain/avr8 gcc/native/3.4.1061/avr8-gnu-toolchain/bin/../lib/gcc/avr/4.8.1/avr6\libgcc.a(_udivmodhi4.o)
 .bss           0x00000000        0x0 c:/program files (x86)/atmel/atmel toolchain/avr8 gcc/native/3.4.1061/avr8-gnu-toolchain/bin/../lib/gcc/avr/4.8.1/avr6\libgcc.a(_udivmodhi4.o)
 .text.libgcc.mul
                0x00000000        0x0 c:/program files (x86)/atmel/atmel toolchain/avr8 gcc/native/3.4.1061/avr8-gnu-toolchain/bin/../lib/gcc/avr/4.8.1/avr6\libgcc.a(_udivmodhi4.o)
 .text.libgcc   0x00000000        0x0 c:/program files (x86)/atmel/atmel toolchain/avr8 gcc/native/3.4.1061/avr8-gnu-toolchain/bin/../lib/gcc/avr/4.8.1/avr6\libgcc.a(_udivmodhi4.o)
 .text.libgcc.prologue
                0x00000000        0x0 c:/program files (x86)/atmel/atmel toolchain/avr8 gcc/native/3.4.1061/avr8-gnu-toolchain/bin/../lib/gcc/avr/4.8.1/avr6\libgcc.a(_udivmodhi4.o)
 .text.libgcc.builtins
                0x00000000        0x0 c:/program files (x86)/atmel/atmel toolchain/avr8 gcc/native/3.4.1061/avr8-gnu-toolchain/bin/../lib/gcc/avr/4.8.1/avr6\libgcc.a(_udivmodhi4.o)
 .text.libgcc.fmul
                0x00000000        0x0 c:/program files (x86)/atmel/atmel toolchain/avr8 gcc/native/3.4.1061/avr8-gnu-toolchain/bin/../lib/gcc/avr/4.8.1/avr6\libgcc.a(_udivmodhi4.o)
 .text.libgcc.fixed
                0x00000000        0x0 c:/program files (x86)/atmel/atmel toolchain/avr8 gcc/native/3.4.1061/avr8-gnu-toolchain/bin/../lib/gcc/avr/4.8.1/avr6\libgcc.a(_udivmodhi4.o)
 .text          0x00000000        0x0 c:/program files (x86)/atmel/atmel toolchain/avr8 gcc/native/3.4.1061/avr8-gnu-toolchain/bin/../lib/gcc/avr/4.8.1/../../../../avr/lib/avr6\libc.a(ftoa_engine.o)
 .data          0x00000000        0x0 c:/program files (x86)/atmel/atmel toolchain/avr8 gcc/native/3.4.1061/avr8-gnu-toolchain/bin/../lib/gcc/avr/4.8.1/../../../../avr/lib/avr6\libc.a(ftoa_engine.o)
 .bss           0x00000000        0x0 c:/program files (x86)/atmel/atmel toolchain/avr8 gcc/native/3.4.1061/avr8-gnu-toolchain/bin/../lib/gcc/avr/4.8.1/../../../../avr/lib/avr6\libc.a(ftoa_engine.o)
 .text          0x00000000        0x0 c:/program files (x86)/atmel/atmel toolchain/avr8 gcc/native/3.4.1061/avr8-gnu-toolchain/bin/../lib/gcc/avr/4.8.1/../../../../avr/lib/avr6\libc.a(strnlen_P.o)
 .data          0x00000000        0x0 c:/program files (x86)/atmel/atmel toolchain/avr8 gcc/native/3.4.1061/avr8-gnu-toolchain/bin/../lib/gcc/avr/4.8.1/../../../../avr/lib/avr6\libc.a(strnlen_P.o)
 .bss           0x00000000        0x0 c:/program files (x86)/atmel/atmel toolchain/avr8 gcc/native/3.4.1061/avr8-gnu-toolchain/bin/../lib/gcc/avr/4.8.1/../../../../avr/lib/avr6\libc.a(strnlen_P.o)
 .text          0x00000000        0x0 c:/program files (x86)/atmel/atmel toolchain/avr8 gcc/native/3.4.1061/avr8-gnu-toolchain/bin/../lib/gcc/avr/4.8.1/../../../../avr/lib/avr6\libc.a(strnlen.o)
 .data          0x00000000        0x0 c:/program files (x86)/atmel/atmel toolchain/avr8 gcc/native/3.4.1061/avr8-gnu-toolchain/bin/../lib/gcc/avr/4.8.1/../../../../avr/lib/avr6\libc.a(strnlen.o)
 .bss           0x00000000        0x0 c:/program files (x86)/atmel/atmel toolchain/avr8 gcc/native/3.4.1061/avr8-gnu-toolchain/bin/../lib/gcc/avr/4.8.1/../../../../avr/lib/avr6\libc.a(strnlen.o)
 .text          0x00000000        0x0 c:/program files (x86)/atmel/atmel toolchain/avr8 gcc/native/3.4.1061/avr8-gnu-toolchain/bin/../lib/gcc/avr/4.8.1/../../../../avr/lib/avr6\libc.a(fputc.o)
 .data          0x00000000        0x0 c:/program files (x86)/atmel/atmel toolchain/avr8 gcc/native/3.4.1061/avr8-gnu-toolchain/bin/../lib/gcc/avr/4.8.1/../../../../avr/lib/avr6\libc.a(fputc.o)
 .bss           0x00000000        0x0 c:/program files (x86)/atmel/atmel toolchain/avr8 gcc/native/3.4.1061/avr8-gnu-toolchain/bin/../lib/gcc/avr/4.8.1/../../../../avr/lib/avr6\libc.a(fputc.o)
 .text          0x00000000        0x0 c:/program files (x86)/atmel/atmel toolchain/avr8 gcc/native/3.4.1061/avr8-gnu-toolchain/bin/../lib/gcc/avr/4.8.1/../../../../avr/lib/avr6\libc.a(iob.o)
 .data          0x00000000        0x0 c:/program files (x86)/atmel/atmel toolchain/avr8 gcc/native/3.4.1061/avr8-gnu-toolchain/bin/../lib/gcc/avr/4.8.1/../../../../avr/lib/avr6\libc.a(iob.o)
 .bss           0x00000000        0x0 c:/program files (x86)/atmel/atmel toolchain/avr8 gcc/native/3.4.1061/avr8-gnu-toolchain/bin/../lib/gcc/avr/4.8.1/../../../../avr/lib/avr6\libc.a(iob.o)
 .text          0x00000000        0x0 c:/program files (x86)/atmel/atmel toolchain/avr8 gcc/native/3.4.1061/avr8-gnu-toolchain/bin/../lib/gcc/avr/4.8.1/../../../../avr/lib/avr6\libc.a(printf.o)
 .data          0x00000000        0x0 c:/program files (x86)/atmel/atmel toolchain/avr8 gcc/native/3.4.1061/avr8-gnu-toolchain/bin/../lib/gcc/avr/4.8.1/../../../../avr/lib/avr6\libc.a(printf.o)
 .bss           0x00000000        0x0 c:/program files (x86)/atmel/atmel toolchain/avr8 gcc/native/3.4.1061/avr8-gnu-toolchain/bin/../lib/gcc/avr/4.8.1/../../../../avr/lib/avr6\libc.a(printf.o)
 .text          0x00000000        0x0 c:/program files (x86)/atmel/atmel toolchain/avr8 gcc/native/3.4.1061/avr8-gnu-toolchain/bin/../lib/gcc/avr/4.8.1/../../../../avr/lib/avr6\libc.a(puts.o)
 .data          0x00000000        0x0 c:/program files (x86)/atmel/atmel toolchain/avr8 gcc/native/3.4.1061/avr8-gnu-toolchain/bin/../lib/gcc/avr/4.8.1/../../../../avr/lib/avr6\libc.a(puts.o)
 .bss           0x00000000        0x0 c:/program files (x86)/atmel/atmel toolchain/avr8 gcc/native/3.4.1061/avr8-gnu-toolchain/bin/../lib/gcc/avr/4.8.1/../../../../avr/lib/avr6\libc.a(puts.o)
 .text          0x00000000        0x0 c:/program files (x86)/atmel/atmel toolchain/avr8 gcc/native/3.4.1061/avr8-gnu-toolchain/bin/../lib/gcc/avr/4.8.1/../../../../avr/lib/avr6\libc.a(ultoa_invert.o)
 .data          0x00000000        0x0 c:/program files (x86)/atmel/atmel toolchain/avr8 gcc/native/3.4.1061/avr8-gnu-toolchain/bin/../lib/gcc/avr/4.8.1/../../../../avr/lib/avr6\libc.a(ultoa_invert.o)
 .bss           0x00000000        0x0 c:/program files (x86)/atmel/atmel toolchain/avr8 gcc/native/3.4.1061/avr8-gnu-toolchain/bin/../lib/gcc/avr/4.8.1/../../../../avr/lib/avr6\libc.a(ultoa_invert.o)

Memory Configuration

Name             Origin             Length             Attributes
text             0x00000000         0x00100000         xr
data             0x00800200         0x0000fe00         rw !x
eeprom           0x00810000         0x00010000         rw !x
fuse             0x00820000         0x00000400         rw !x
lock             0x00830000         0x00000400         rw !x
signature        0x00840000         0x00000400         rw !x
user_signatures  0x00850000         0x00000400         rw !x
*default*        0x00000000         0xffffffff

Linker script and memory map

Address of section .data set to 0x800200
LOAD c:/program files (x86)/atmel/atmel toolchain/avr8 gcc/native/3.4.1061/avr8-gnu-toolchain/bin/../lib/gcc/avr/4.8.1/../../../../avr/lib/avr6/crtm2560.o
LOAD Controller/pi.o
LOAD Drivers/adc_driver.o
LOAD Drivers/can_driver.o
LOAD Drivers/max520_driver.o
LOAD Drivers/mcp2515_driver.o
LOAD Drivers/motor_driver.o
LOAD Drivers/music_driver.o
LOAD Drivers/pwm_driver.o
LOAD Drivers/solenoid_driver.o
LOAD Drivers/spi_driver.o
LOAD Drivers/uart_driver.o
LOAD ir.o
LOAD Node2.o
LOAD test_node_2.o
LOAD timer.o
LOAD TWI/TWI_Master.o
START GROUP
LOAD c:/program files (x86)/atmel/atmel toolchain/avr8 gcc/native/3.4.1061/avr8-gnu-toolchain/bin/../lib/gcc/avr/4.8.1/../../../../avr/lib/avr6\libm.a
END GROUP
LOAD c:/program files (x86)/atmel/atmel toolchain/avr8 gcc/native/3.4.1061/avr8-gnu-toolchain/bin/../lib/gcc/avr/4.8.1/../../../../avr/lib/avr6\libprintf_flt.a
LOAD c:/program files (x86)/atmel/atmel toolchain/avr8 gcc/native/3.4.1061/avr8-gnu-toolchain/bin/../lib/gcc/avr/4.8.1/../../../../avr/lib/avr6\libm.a
START GROUP
LOAD c:/program files (x86)/atmel/atmel toolchain/avr8 gcc/native/3.4.1061/avr8-gnu-toolchain/bin/../lib/gcc/avr/4.8.1/avr6\libgcc.a
LOAD c:/program files (x86)/atmel/atmel toolchain/avr8 gcc/native/3.4.1061/avr8-gnu-toolchain/bin/../lib/gcc/avr/4.8.1/../../../../avr/lib/avr6\libm.a
LOAD c:/program files (x86)/atmel/atmel toolchain/avr8 gcc/native/3.4.1061/avr8-gnu-toolchain/bin/../lib/gcc/avr/4.8.1/../../../../avr/lib/avr6\libc.a
END GROUP

.hash
 *(.hash)

.dynsym
 *(.dynsym)

.dynstr
 *(.dynstr)

.gnu.version
 *(.gnu.version)

.gnu.version_d
 *(.gnu.version_d)

.gnu.version_r
 *(.gnu.version_r)

.rel.init
 *(.rel.init)

.rela.init
 *(.rela.init)

.rel.text
 *(.rel.text)
 *(.rel.text.*)
 *(.rel.gnu.linkonce.t*)

.rela.text
 *(.rela.text)
 *(.rela.text.*)
 *(.rela.gnu.linkonce.t*)

.rel.fini
 *(.rel.fini)

.rela.fini
 *(.rela.fini)

.rel.rodata
 *(.rel.rodata)
 *(.rel.rodata.*)
 *(.rel.gnu.linkonce.r*)

.rela.rodata
 *(.rela.rodata)
 *(.rela.rodata.*)
 *(.rela.gnu.linkonce.r*)

.rel.data
 *(.rel.data)
 *(.rel.data.*)
 *(.rel.gnu.linkonce.d*)

.rela.data
 *(.rela.data)
 *(.rela.data.*)
 *(.rela.gnu.linkonce.d*)

.rel.ctors
 *(.rel.ctors)

.rela.ctors
 *(.rela.ctors)

.rel.dtors
 *(.rel.dtors)

.rela.dtors
 *(.rela.dtors)

.rel.got
 *(.rel.got)

.rela.got
 *(.rela.got)

.rel.bss
 *(.rel.bss)

.rela.bss
 *(.rela.bss)

.rel.plt
 *(.rel.plt)

.rela.plt
 *(.rela.plt)

.text           0x00000000     0x1d14
 *(.vectors)
 .vectors       0x00000000       0xe4 c:/program files (x86)/atmel/atmel toolchain/avr8 gcc/native/3.4.1061/avr8-gnu-toolchain/bin/../lib/gcc/avr/4.8.1/../../../../avr/lib/avr6/crtm2560.o
                0x00000000                __vector_default
                0x00000000                __vectors
 *(.vectors)
 *(.progmem.gcc*)
 .progmem.gcc_sw_table.__vector_39
                0x000000e4       0xa2 TWI/TWI_Master.o
                0x00000186                . = ALIGN (0x2)
                0x00000186                __trampolines_start = .
 *(.trampolines)
 .trampolines   0x00000186        0x0 linker stubs
 *(.trampolines*)
                0x00000186                __trampolines_end = .
 *(.progmem*)
 .progmem.data  0x00000186        0x8 c:/program files (x86)/atmel/atmel toolchain/avr8 gcc/native/3.4.1061/avr8-gnu-toolchain/bin/../lib/gcc/avr/4.8.1/../../../../avr/lib/avr6\libprintf_flt.a(vfprintf_flt.o)
 .progmem.data  0x0000018e       0xfa c:/program files (x86)/atmel/atmel toolchain/avr8 gcc/native/3.4.1061/avr8-gnu-toolchain/bin/../lib/gcc/avr/4.8.1/../../../../avr/lib/avr6\libc.a(ftoa_engine.o)
                0x00000288                . = ALIGN (0x2)
 *(.jumptables)
 *(.jumptables*)
 *(.lowtext)
 *(.lowtext*)
                0x00000288                __ctors_start = .
 *(.ctors)
                0x00000288                __ctors_end = .
                0x00000288                __dtors_start = .
 *(.dtors)
                0x00000288                __dtors_end = .
 SORT(*)(.ctors)
 SORT(*)(.dtors)
 *(.init0)
 .init0         0x00000288        0x0 c:/program files (x86)/atmel/atmel toolchain/avr8 gcc/native/3.4.1061/avr8-gnu-toolchain/bin/../lib/gcc/avr/4.8.1/../../../../avr/lib/avr6/crtm2560.o
                0x00000288                __init
 *(.init0)
 *(.init1)
 *(.init1)
 *(.init2)
 .init2         0x00000288       0x10 c:/program files (x86)/atmel/atmel toolchain/avr8 gcc/native/3.4.1061/avr8-gnu-toolchain/bin/../lib/gcc/avr/4.8.1/../../../../avr/lib/avr6/crtm2560.o
 *(.init2)
 *(.init3)
 *(.init3)
 *(.init4)
 .init4         0x00000298       0x1a c:/program files (x86)/atmel/atmel toolchain/avr8 gcc/native/3.4.1061/avr8-gnu-toolchain/bin/../lib/gcc/avr/4.8.1/avr6\libgcc.a(_copy_data.o)
                0x00000298                __do_copy_data
 .init4         0x000002b2       0x10 c:/program files (x86)/atmel/atmel toolchain/avr8 gcc/native/3.4.1061/avr8-gnu-toolchain/bin/../lib/gcc/avr/4.8.1/avr6\libgcc.a(_clear_bss.o)
                0x000002b2                __do_clear_bss
 *(.init4)
 *(.init5)
 *(.init5)
 *(.init6)
 *(.init6)
 *(.init7)
 *(.init7)
 *(.init8)
 *(.init8)
 *(.init9)
 .init9         0x000002c2        0x6 c:/program files (x86)/atmel/atmel toolchain/avr8 gcc/native/3.4.1061/avr8-gnu-toolchain/bin/../lib/gcc/avr/4.8.1/../../../../avr/lib/avr6/crtm2560.o
 *(.init9)
 *(.text)
 .text          0x000002c8        0x2 c:/program files (x86)/atmel/atmel toolchain/avr8 gcc/native/3.4.1061/avr8-gnu-toolchain/bin/../lib/gcc/avr/4.8.1/../../../../avr/lib/avr6/crtm2560.o
                0x000002c8                __vector_38
                0x000002c8                __vector_22
                0x000002c8                __vector_28
                0x000002c8                __vector_32
                0x000002c8                __vector_34
                0x000002c8                __vector_24
                0x000002c8                __vector_12
                0x000002c8                __vector_55
                0x000002c8                __vector_46
                0x000002c8                __bad_interrupt
                0x000002c8                __vector_6
                0x000002c8                __vector_31
                0x000002c8                __vector_35
                0x000002c8                __vector_3
                0x000002c8                __vector_23
                0x000002c8                __vector_30
                0x000002c8                __vector_45
                0x000002c8                __vector_25
                0x000002c8                __vector_11
                0x000002c8                __vector_54
                0x000002c8                __vector_13
                0x000002c8                __vector_17
                0x000002c8                __vector_19
                0x000002c8                __vector_56
                0x000002c8                __vector_7
                0x000002c8                __vector_49
                0x000002c8                __vector_41
                0x000002c8                __vector_43
                0x000002c8                __vector_27
                0x000002c8                __vector_5
                0x000002c8                __vector_33
                0x000002c8                __vector_52
                0x000002c8                __vector_37
                0x000002c8                __vector_4
                0x000002c8                __vector_44
                0x000002c8                __vector_51
                0x000002c8                __vector_9
                0x000002c8                __vector_2
                0x000002c8                __vector_21
                0x000002c8                __vector_15
                0x000002c8                __vector_36
                0x000002c8                __vector_29
                0x000002c8                __vector_40
                0x000002c8                __vector_8
                0x000002c8                __vector_26
                0x000002c8                __vector_48
                0x000002c8                __vector_14
                0x000002c8                __vector_53
                0x000002c8                __vector_10
                0x000002c8                __vector_50
                0x000002c8                __vector_16
                0x000002c8                __vector_18
                0x000002c8                __vector_20
                0x000002ca                . = ALIGN (0x2)
 *(.text.*)
 .text.pi_calibrate
                0x000002ca       0x86 Controller/pi.o
                0x000002ca                pi_calibrate
 .text.pi_update_posref
                0x00000350       0x52 Controller/pi.o
                0x00000350                pi_update_posref
 .text.pi_init  0x000003a2       0x32 Controller/pi.o
                0x000003a2                pi_init
 .text.pi_update
                0x000003d4       0xd2 Controller/pi.o
                0x000003d4                pi_update
 .text.adc_init
                0x000004a6       0x1c Drivers/adc_driver.o
                0x000004a6                adc_init
 .text.adc_read
                0x000004c2       0x22 Drivers/adc_driver.o
                0x000004c2                adc_read
 .text.can_init
                0x000004e4       0x40 Drivers/can_driver.o
                0x000004e4                can_init
 .text.can_transmit_complete
                0x00000524       0x14 Drivers/can_driver.o
                0x00000524                can_transmit_complete
 .text.can_message_send
                0x00000538       0x6c Drivers/can_driver.o
                0x00000538                can_message_send
 .text.can_data_receive
                0x000005a4       0xd2 Drivers/can_driver.o
                0x000005a4                can_data_receive
 .text.can_print_message
                0x00000676       0xa8 Drivers/can_driver.o
                0x00000676                can_print_message
 .text.can_interrupt_vector
                0x0000071e       0x44 Drivers/can_driver.o
                0x0000071e                can_interrupt_vector
 .text.__vector_1
                0x00000762       0x4e Drivers/can_driver.o
                0x00000762                __vector_1
 .text.can_handle_message
                0x000007b0       0x7a Drivers/can_driver.o
                0x000007b0                can_handle_message
 .text.can_ir_transmit
                0x0000082a       0x22 Drivers/can_driver.o
                0x0000082a                can_ir_transmit
 .text.max520_init
                0x0000084c       0x10 Drivers/max520_driver.o
                0x0000084c                max520_init
 .text.max520_write
                0x0000085c       0x30 Drivers/max520_driver.o
                0x0000085c                max520_write
 .text.mcp2515_write
                0x0000088c       0x1e Drivers/mcp2515_driver.o
                0x0000088c                mcp2515_write
 .text.mcp2515_request_to_send
                0x000008aa       0x1a Drivers/mcp2515_driver.o
                0x000008aa                mcp2515_request_to_send
 .text.mcp2515_bit_modify
                0x000008c4       0x28 Drivers/mcp2515_driver.o
                0x000008c4                mcp2515_bit_modify
 .text.mcp2515_reset
                0x000008ec        0xa Drivers/mcp2515_driver.o
                0x000008ec                mcp2515_reset
 .text.mcp2515_read
                0x000008f6       0x1a Drivers/mcp2515_driver.o
                0x000008f6                mcp2515_read
 .text.mcp2515_init
                0x00000910       0x2c Drivers/mcp2515_driver.o
                0x00000910                mcp2515_init
 .text.motor_output_enable
                0x0000093c       0x14 Drivers/motor_driver.o
                0x0000093c                motor_output_enable
 .text.motor_encoder_reset
                0x00000950        0xe Drivers/motor_driver.o
                0x00000950                motor_encoder_reset
 .text.motor_encoder_select_byte
                0x0000095e       0x14 Drivers/motor_driver.o
                0x0000095e                motor_encoder_select_byte
 .text.motor_enable
                0x00000972        0xc Drivers/motor_driver.o
                0x00000972                motor_enable
 .text.motor_direction
                0x0000097e        0xc Drivers/motor_driver.o
                0x0000097e                motor_direction
 .text.motor_speed
                0x0000098a       0x38 Drivers/motor_driver.o
                0x0000098a                motor_speed
 .text.motor_init
                0x000009c2       0x24 Drivers/motor_driver.o
                0x000009c2                motor_init
 .text.reverse_bits
                0x000009e6       0x24 Drivers/motor_driver.o
                0x000009e6                reverse_bits
 .text.motor_encoder_read
                0x00000a0a       0x3c Drivers/motor_driver.o
                0x00000a0a                motor_encoder_read
 .text.__vector_42
                0x00000a46       0x14 Drivers/music_driver.o
                0x00000a46                __vector_42
 .text.pwm_init
                0x00000a5a       0x4e Drivers/pwm_driver.o
                0x00000a5a                pwm_init
 .text.pwm_set_servo
                0x00000aa8       0x36 Drivers/pwm_driver.o
                0x00000aa8                pwm_set_servo
 .text.solenoid_init
                0x00000ade       0x10 Drivers/solenoid_driver.o
                0x00000ade                solenoid_init
 .text.solenoid_out
                0x00000aee        0x4 Drivers/solenoid_driver.o
                0x00000aee                solenoid_out
 .text.solenoid_in
                0x00000af2        0x4 Drivers/solenoid_driver.o
                0x00000af2                solenoid_in
 .text.spi_init
                0x00000af6       0x10 Drivers/spi_driver.o
                0x00000af6                spi_init
 .text.spi_send
                0x00000b06        0xa Drivers/spi_driver.o
                0x00000b06                spi_send
 .text.spi_read
                0x00000b10        0xe Drivers/spi_driver.o
                0x00000b10                spi_read
 .text.spi_select
                0x00000b1e        0x4 Drivers/spi_driver.o
                0x00000b1e                spi_select
 .text.spi_deselect
                0x00000b22        0x4 Drivers/spi_driver.o
                0x00000b22                spi_deselect
 .text.uart_sendChar
                0x00000b26       0x10 Drivers/uart_driver.o
                0x00000b26                uart_sendChar
 .text.uart_getChar
                0x00000b36       0x12 Drivers/uart_driver.o
                0x00000b36                uart_getChar
 .text.uart_init
                0x00000b48       0x20 Drivers/uart_driver.o
                0x00000b48                uart_init
 .text.ir_obstructed
                0x00000b68       0x64 ir.o
                0x00000b68                ir_obstructed
 .text.ir_filter_init
                0x00000bcc        0xe ir.o
                0x00000bcc                ir_filter_init
 .text.ir_edge_detected
                0x00000bda       0x1a ir.o
                0x00000bda                ir_edge_detected
 .text.main     0x00000bf4       0x42 Node2.o
                0x00000bf4                main
 .text.timer_init
                0x00000c36       0x48 timer.o
                0x00000c36                timer_init
 .text.__vector_47
                0x00000c7e       0x58 timer.o
                0x00000c7e                __vector_47
 .text.TWI_Master_Initialise
                0x00000cd6       0x14 TWI/TWI_Master.o
                0x00000cd6                TWI_Master_Initialise
 .text.TWI_Start_Transceiver_With_Data
                0x00000cea       0x44 TWI/TWI_Master.o
                0x00000cea                TWI_Start_Transceiver_With_Data
 .text.__vector_39
                0x00000d2e      0x106 TWI/TWI_Master.o
                0x00000d2e                __vector_39
 .text.avr-libc.fplib
                0x00000e34        0xa c:/program files (x86)/atmel/atmel toolchain/avr8 gcc/native/3.4.1061/avr8-gnu-toolchain/bin/../lib/gcc/avr/4.8.1/../../../../avr/lib/avr6\libm.a(addsf3.o)
                0x00000e34                __subsf3
                0x00000e36                __addsf3
 .text.avr-libc.fplib
                0x00000e3e       0xc0 c:/program files (x86)/atmel/atmel toolchain/avr8 gcc/native/3.4.1061/avr8-gnu-toolchain/bin/../lib/gcc/avr/4.8.1/../../../../avr/lib/avr6\libm.a(addsf3x.o)
                0x00000e58                __addsf3x
 .text.avr-libc.fplib
                0x00000efe        0x4 c:/program files (x86)/atmel/atmel toolchain/avr8 gcc/native/3.4.1061/avr8-gnu-toolchain/bin/../lib/gcc/avr/4.8.1/../../../../avr/lib/avr6\libm.a(divsf3.o)
                0x00000efe                __divsf3
 .text.avr-libc.fplib
                0x00000f02       0xcc c:/program files (x86)/atmel/atmel toolchain/avr8 gcc/native/3.4.1061/avr8-gnu-toolchain/bin/../lib/gcc/avr/4.8.1/../../../../avr/lib/avr6\libm.a(divsf3x.o)
                0x00000f18                __divsf3x
                0x00000f1c                __divsf3_pse
 .text.avr-libc.fplib
                0x00000fce        0xa c:/program files (x86)/atmel/atmel toolchain/avr8 gcc/native/3.4.1061/avr8-gnu-toolchain/bin/../lib/gcc/avr/4.8.1/../../../../avr/lib/avr6\libm.a(fixsfsi.o)
                0x00000fce                __fixsfsi
 .text.avr-libc.fplib
                0x00000fd8       0x58 c:/program files (x86)/atmel/atmel toolchain/avr8 gcc/native/3.4.1061/avr8-gnu-toolchain/bin/../lib/gcc/avr/4.8.1/../../../../avr/lib/avr6\libm.a(fixunssfsi.o)
                0x00000fd8                __fixunssfsi
 .text.avr-libc.fplib
                0x00001030       0x7a c:/program files (x86)/atmel/atmel toolchain/avr8 gcc/native/3.4.1061/avr8-gnu-toolchain/bin/../lib/gcc/avr/4.8.1/../../../../avr/lib/avr6\libm.a(floatsisf.o)
                0x00001030                __floatunsisf
                0x00001034                __floatsisf
 .text.avr-libc.fplib
                0x000010aa        0xc c:/program files (x86)/atmel/atmel toolchain/avr8 gcc/native/3.4.1061/avr8-gnu-toolchain/bin/../lib/gcc/avr/4.8.1/../../../../avr/lib/avr6\libm.a(fp_inf.o)
                0x000010aa                __fp_inf
 .text.avr-libc.fplib
                0x000010b6        0x6 c:/program files (x86)/atmel/atmel toolchain/avr8 gcc/native/3.4.1061/avr8-gnu-toolchain/bin/../lib/gcc/avr/4.8.1/../../../../avr/lib/avr6\libm.a(fp_nan.o)
                0x000010b6                __fp_nan
 .text.avr-libc.fplib
                0x000010bc        0xe c:/program files (x86)/atmel/atmel toolchain/avr8 gcc/native/3.4.1061/avr8-gnu-toolchain/bin/../lib/gcc/avr/4.8.1/../../../../avr/lib/avr6\libm.a(fp_pscA.o)
                0x000010bc                __fp_pscA
 .text.avr-libc.fplib
                0x000010ca        0xe c:/program files (x86)/atmel/atmel toolchain/avr8 gcc/native/3.4.1061/avr8-gnu-toolchain/bin/../lib/gcc/avr/4.8.1/../../../../avr/lib/avr6\libm.a(fp_pscB.o)
                0x000010ca                __fp_pscB
 .text.avr-libc.fplib
                0x000010d8       0x22 c:/program files (x86)/atmel/atmel toolchain/avr8 gcc/native/3.4.1061/avr8-gnu-toolchain/bin/../lib/gcc/avr/4.8.1/../../../../avr/lib/avr6\libm.a(fp_round.o)
                0x000010d8                __fp_round
 .text.avr-libc.fplib
                0x000010fa       0x44 c:/program files (x86)/atmel/atmel toolchain/avr8 gcc/native/3.4.1061/avr8-gnu-toolchain/bin/../lib/gcc/avr/4.8.1/../../../../avr/lib/avr6\libm.a(fp_split3.o)
                0x000010fa                __fp_split3
                0x0000110a                __fp_splitA
 .text.avr-libc.fplib
                0x0000113e        0xe c:/program files (x86)/atmel/atmel toolchain/avr8 gcc/native/3.4.1061/avr8-gnu-toolchain/bin/../lib/gcc/avr/4.8.1/../../../../avr/lib/avr6\libm.a(fp_zero.o)
                0x0000113e                __fp_zero
                0x00001140                __fp_szero
 .text.avr-libc.fplib
                0x0000114c        0x4 c:/program files (x86)/atmel/atmel toolchain/avr8 gcc/native/3.4.1061/avr8-gnu-toolchain/bin/../lib/gcc/avr/4.8.1/../../../../avr/lib/avr6\libm.a(mulsf3.o)
                0x0000114c                __mulsf3
 .text.avr-libc.fplib
                0x00001150       0xc2 c:/program files (x86)/atmel/atmel toolchain/avr8 gcc/native/3.4.1061/avr8-gnu-toolchain/bin/../lib/gcc/avr/4.8.1/../../../../avr/lib/avr6\libm.a(mulsf3x.o)
                0x00001164                __mulsf3x
                0x00001168                __mulsf3_pse
 .text.avr-libc
                0x00001212      0x70e c:/program files (x86)/atmel/atmel toolchain/avr8 gcc/native/3.4.1061/avr8-gnu-toolchain/bin/../lib/gcc/avr/4.8.1/../../../../avr/lib/avr6\libprintf_flt.a(vfprintf_flt.o)
                0x00001212                vfprintf
 .text.libgcc.div
                0x00001920       0x26 c:/program files (x86)/atmel/atmel toolchain/avr8 gcc/native/3.4.1061/avr8-gnu-toolchain/bin/../lib/gcc/avr/4.8.1/avr6\libgcc.a(_divmodhi4.o)
                0x00001920                _div
                0x00001920                __divmodhi4
 .text.libgcc   0x00001946        0xc c:/program files (x86)/atmel/atmel toolchain/avr8 gcc/native/3.4.1061/avr8-gnu-toolchain/bin/../lib/gcc/avr/4.8.1/avr6\libgcc.a(_tablejump.o)
                0x00001946                __tablejump2__
                0x0000194a                __tablejump__
 .text.libgcc.mul
                0x00001952       0x1e c:/program files (x86)/atmel/atmel toolchain/avr8 gcc/native/3.4.1061/avr8-gnu-toolchain/bin/../lib/gcc/avr/4.8.1/avr6\libgcc.a(_umulhisi3.o)
                0x00001952                __umulhisi3
 .text.libgcc.div
                0x00001970       0x28 c:/program files (x86)/atmel/atmel toolchain/avr8 gcc/native/3.4.1061/avr8-gnu-toolchain/bin/../lib/gcc/avr/4.8.1/avr6\libgcc.a(_udivmodhi4.o)
                0x00001970                __udivmodhi4
 .text.avr-libc
                0x00001998      0x1b0 c:/program files (x86)/atmel/atmel toolchain/avr8 gcc/native/3.4.1061/avr8-gnu-toolchain/bin/../lib/gcc/avr/4.8.1/../../../../avr/lib/avr6\libc.a(ftoa_engine.o)
                0x00001998                __ftoa_engine
 .text.avr-libc
                0x00001b48       0x16 c:/program files (x86)/atmel/atmel toolchain/avr8 gcc/native/3.4.1061/avr8-gnu-toolchain/bin/../lib/gcc/avr/4.8.1/../../../../avr/lib/avr6\libc.a(strnlen_P.o)
                0x00001b48                strnlen_P
 .text.avr-libc
                0x00001b5e       0x16 c:/program files (x86)/atmel/atmel toolchain/avr8 gcc/native/3.4.1061/avr8-gnu-toolchain/bin/../lib/gcc/avr/4.8.1/../../../../avr/lib/avr6\libc.a(strnlen.o)
                0x00001b5e                strnlen
 .text.avr-libc
                0x00001b74       0x64 c:/program files (x86)/atmel/atmel toolchain/avr8 gcc/native/3.4.1061/avr8-gnu-toolchain/bin/../lib/gcc/avr/4.8.1/../../../../avr/lib/avr6\libc.a(fputc.o)
                0x00001b74                fputc
 .text.avr-libc
                0x00001bd8       0x22 c:/program files (x86)/atmel/atmel toolchain/avr8 gcc/native/3.4.1061/avr8-gnu-toolchain/bin/../lib/gcc/avr/4.8.1/../../../../avr/lib/avr6\libc.a(printf.o)
                0x00001bd8                printf
 .text.avr-libc
                0x00001bfa       0x5a c:/program files (x86)/atmel/atmel toolchain/avr8 gcc/native/3.4.1061/avr8-gnu-toolchain/bin/../lib/gcc/avr/4.8.1/../../../../avr/lib/avr6\libc.a(puts.o)
                0x00001bfa                puts
 .text.avr-libc
                0x00001c54       0xbc c:/program files (x86)/atmel/atmel toolchain/avr8 gcc/native/3.4.1061/avr8-gnu-toolchain/bin/../lib/gcc/avr/4.8.1/../../../../avr/lib/avr6\libc.a(ultoa_invert.o)
                0x00001c54                __ultoa_invert
                0x00001d10                . = ALIGN (0x2)
 *(.fini9)
 .fini9         0x00001d10        0x0 c:/program files (x86)/atmel/atmel toolchain/avr8 gcc/native/3.4.1061/avr8-gnu-toolchain/bin/../lib/gcc/avr/4.8.1/avr6\libgcc.a(_exit.o)
                0x00001d10                _exit
                0x00001d10                exit
 *(.fini9)
 *(.fini8)
 *(.fini8)
 *(.fini7)
 *(.fini7)
 *(.fini6)
 *(.fini6)
 *(.fini5)
 *(.fini5)
 *(.fini4)
 *(.fini4)
 *(.fini3)
 *(.fini3)
 *(.fini2)
 *(.fini2)
 *(.fini1)
 *(.fini1)
 *(.fini0)
 .fini0         0x00001d10        0x4 c:/program files (x86)/atmel/atmel toolchain/avr8 gcc/native/3.4.1061/avr8-gnu-toolchain/bin/../lib/gcc/avr/4.8.1/avr6\libgcc.a(_exit.o)
 *(.fini0)
                0x00001d14                _etext = .

.data           0x00800200       0xee load address 0x00001d14
                0x00800200                PROVIDE (__data_start, .)
 *(.data)
 *(.data*)
 .data.uart_io  0x00800200        0xe Drivers/uart_driver.o
 .data.TWI_state
                0x0080020e        0x1 TWI/TWI_Master.o
 *(.rodata)
 *(.rodata*)
 .rodata.str1.1
                0x0080020f        0xe Controller/pi.o
 .rodata.str1.1
                0x0080021d       0x6c Drivers/can_driver.o
 .rodata.str1.1
                0x00800289       0x61 Drivers/mcp2515_driver.o
 .rodata.str1.1
                0x008002ea        0x3 Node2.o
 *(.gnu.linkonce.d*)
                0x008002ee                . = ALIGN (0x2)
 *fill*         0x008002ed        0x1 
                0x008002ee                _edata = .
                0x008002ee                PROVIDE (__data_end, .)

.bss            0x008002ee       0x63
                0x008002ee                PROVIDE (__bss_start, .)
 *(.bss)
 *(.bss*)
 .bss.ir_message.1850
                0x008002ee        0xb Drivers/can_driver.o
 .bss.message.1847
                0x008002f9        0xb Drivers/can_driver.o
 .bss.message.1820
                0x00800304        0xb Drivers/can_driver.o
 .bss.twi_address
                0x0080030f        0x1 Drivers/max520_driver.o
 .bss.current.1649
                0x00800310        0x1 ir.o
 .bss.ringbuffer_filter.1640
                0x00800311       0x20 ir.o
 .bss.ringbuffer_index.1641
                0x00800331        0x1 ir.o
 .bss.TWI_bufPtr.1535
                0x00800332        0x1 TWI/TWI_Master.o
 .bss.TWI_statusReg
                0x00800333        0x1 TWI/TWI_Master.o
                0x00800333                TWI_statusReg
 .bss.TWI_msgSize
                0x00800334        0x1 TWI/TWI_Master.o
 .bss.TWI_buf   0x00800335        0x4 TWI/TWI_Master.o
 *(COMMON)
 COMMON         0x00800339       0x10 Controller/pi.o
                0x00800339                max_position
                0x0080033b                position
                0x0080033d                direction
                0x0080033e                posref
                0x00800340                printvar
                0x00800341                derivate
                0x00800345                integral
 COMMON         0x00800349        0x2 Drivers/can_driver.o
                0x00800349                last_ir_val
                0x0080034a                rx_flag
 COMMON         0x0080034b        0x6 c:/program files (x86)/atmel/atmel toolchain/avr8 gcc/native/3.4.1061/avr8-gnu-toolchain/bin/../lib/gcc/avr/4.8.1/../../../../avr/lib/avr6\libc.a(iob.o)
                0x0080034b                __iob
                0x00800351                PROVIDE (__bss_end, .)
                0x00001d14                __data_load_start = LOADADDR (.data)
                0x00001e02                __data_load_end = (__data_load_start + SIZEOF (.data))

.noinit         0x00800351        0x0
                0x00800351                PROVIDE (__noinit_start, .)
 *(.noinit*)
                0x00800351                PROVIDE (__noinit_end, .)
                0x00800351                _end = .
                0x00800351                PROVIDE (__heap_start, .)

.eeprom         0x00810000        0x0
 *(.eeprom*)
                0x00810000                __eeprom_end = .

.fuse
 *(.fuse)
 *(.lfuse)
 *(.hfuse)
 *(.efuse)

.lock
 *(.lock*)

.signature
 *(.signature*)

.user_signatures
 *(.user_signatures*)

.stab
 *(.stab)

.stabstr
 *(.stabstr)

.stab.excl
 *(.stab.excl)

.stab.exclstr
 *(.stab.exclstr)

.stab.index
 *(.stab.index)

.stab.indexstr
 *(.stab.indexstr)

.comment        0x00000000       0x5c
 *(.comment)
 .comment       0x00000000       0x30 Controller/pi.o
                                 0x31 (size before relaxing)
 .comment       0x00000000       0x31 Drivers/adc_driver.o
 .comment       0x00000000       0x31 Drivers/can_driver.o
 .comment       0x00000000       0x31 Drivers/max520_driver.o
 .comment       0x00000000       0x31 Drivers/mcp2515_driver.o
 .comment       0x00000000       0x31 Drivers/motor_driver.o
 .comment       0x00000000       0x31 Drivers/music_driver.o
 .comment       0x00000000       0x31 Drivers/pwm_driver.o
 .comment       0x00000000       0x31 Drivers/solenoid_driver.o
 .comment       0x00000000       0x31 Drivers/spi_driver.o
 .comment       0x00000000       0x31 Drivers/uart_driver.o
 .comment       0x00000000       0x31 ir.o
 .comment       0x00000000       0x31 Node2.o
 .comment       0x00000000       0x31 timer.o
 .comment       0x00000000       0x31 TWI/TWI_Master.o
 .comment       0x00000030       0x2c c:/program files (x86)/atmel/atmel toolchain/avr8 gcc/native/3.4.1061/avr8-gnu-toolchain/bin/../lib/gcc/avr/4.8.1/../../../../avr/lib/avr6\libprintf_flt.a(vfprintf_flt.o)
                                 0x2d (size before relaxing)
 .comment       0x00000000       0x31 c:/program files (x86)/atmel/atmel toolchain/avr8 gcc/native/3.4.1061/avr8-gnu-toolchain/bin/../lib/gcc/avr/4.8.1/../../../../avr/lib/avr6\libc.a(fputc.o)
 .comment       0x00000000       0x31 c:/program files (x86)/atmel/atmel toolchain/avr8 gcc/native/3.4.1061/avr8-gnu-toolchain/bin/../lib/gcc/avr/4.8.1/../../../../avr/lib/avr6\libc.a(iob.o)
 .comment       0x00000000       0x31 c:/program files (x86)/atmel/atmel toolchain/avr8 gcc/native/3.4.1061/avr8-gnu-toolchain/bin/../lib/gcc/avr/4.8.1/../../../../avr/lib/avr6\libc.a(printf.o)
 .comment       0x00000000       0x31 c:/program files (x86)/atmel/atmel toolchain/avr8 gcc/native/3.4.1061/avr8-gnu-toolchain/bin/../lib/gcc/avr/4.8.1/../../../../avr/lib/avr6\libc.a(puts.o)

.note.gnu.build-id
 *(.note.gnu.build-id)

.debug
 *(.debug)

.line
 *(.line)

.debug_srcinfo
 *(.debug_srcinfo)

.debug_sfnames
 *(.debug_sfnames)

.debug_aranges  0x00000000      0x390
 *(.debug_aranges)
 .debug_aranges
                0x00000000       0x38 Controller/pi.o
 .debug_aranges
                0x00000038       0x28 Drivers/adc_driver.o
 .debug_aranges
                0x00000060       0x70 Drivers/can_driver.o
 .debug_aranges
                0x000000d0       0x28 Drivers/max520_driver.o
 .debug_aranges
                0x000000f8       0x60 Drivers/mcp2515_driver.o
 .debug_aranges
                0x00000158       0x68 Drivers/motor_driver.o
 .debug_aranges
                0x000001c0       0x30 Drivers/music_driver.o
 .debug_aranges
                0x000001f0       0x38 Drivers/pwm_driver.o
 .debug_aranges
                0x00000228       0x30 Drivers/solenoid_driver.o
 .debug_aranges
                0x00000258       0x40 Drivers/spi_driver.o
 .debug_aranges
                0x00000298       0x30 Drivers/uart_driver.o
 .debug_aranges
                0x000002c8       0x30 ir.o
 .debug_aranges
                0x000002f8       0x20 Node2.o
 .debug_aranges
                0x00000318       0x28 timer.o
 .debug_aranges
                0x00000340       0x50 TWI/TWI_Master.o

.debug_pubnames
 *(.debug_pubnames)

.debug_info     0x00000000     0x2608
 *(.debug_info .gnu.linkonce.wi.*)
 .debug_info    0x00000000      0x3df Controller/pi.o
 .debug_info    0x000003df       0xbe Drivers/adc_driver.o
 .debug_info    0x0000049d      0x716 Drivers/can_driver.o
 .debug_info    0x00000bb3      0x152 Drivers/max520_driver.o
 .debug_info    0x00000d05      0x548 Drivers/mcp2515_driver.o
 .debug_info    0x0000124d      0x443 Drivers/motor_driver.o
 .debug_info    0x00001690      0x264 Drivers/music_driver.o
 .debug_info    0x000018f4      0x163 Drivers/pwm_driver.o
 .debug_info    0x00001a57       0xac Drivers/solenoid_driver.o
 .debug_info    0x00001b03      0x109 Drivers/spi_driver.o
 .debug_info    0x00001c0c      0x1ca Drivers/uart_driver.o
 .debug_info    0x00001dd6      0x1a8 ir.o
 .debug_info    0x00001f7e      0x2ab Node2.o
 .debug_info    0x00002229      0x162 timer.o
 .debug_info    0x0000238b      0x27d TWI/TWI_Master.o

.debug_abbrev   0x00000000     0x1237
 *(.debug_abbrev)
 .debug_abbrev  0x00000000      0x1d2 Controller/pi.o
 .debug_abbrev  0x000001d2       0x78 Drivers/adc_driver.o
 .debug_abbrev  0x0000024a      0x29d Drivers/can_driver.o
 .debug_abbrev  0x000004e7       0xe8 Drivers/max520_driver.o
 .debug_abbrev  0x000005cf      0x20b Drivers/mcp2515_driver.o
 .debug_abbrev  0x000007da      0x1f9 Drivers/motor_driver.o
 .debug_abbrev  0x000009d3       0x98 Drivers/music_driver.o
 .debug_abbrev  0x00000a6b       0xec Drivers/pwm_driver.o
 .debug_abbrev  0x00000b57       0x4f Drivers/solenoid_driver.o
 .debug_abbrev  0x00000ba6       0xa9 Drivers/spi_driver.o
 .debug_abbrev  0x00000c4f      0x124 Drivers/uart_driver.o
 .debug_abbrev  0x00000d73      0x116 ir.o
 .debug_abbrev  0x00000e89      0x162 Node2.o
 .debug_abbrev  0x00000feb       0xbd timer.o
 .debug_abbrev  0x000010a8      0x18f TWI/TWI_Master.o

.debug_line     0x00000000     0x1c5a
 *(.debug_line .debug_line.* .debug_line_end)
 .debug_line    0x00000000      0x235 Controller/pi.o
 .debug_line    0x00000235       0xfa Drivers/adc_driver.o
 .debug_line    0x0000032f      0x419 Drivers/can_driver.o
 .debug_line    0x00000748      0x115 Drivers/max520_driver.o
 .debug_line    0x0000085d      0x309 Drivers/mcp2515_driver.o
 .debug_line    0x00000b66      0x2ed Drivers/motor_driver.o
 .debug_line    0x00000e53      0x1a5 Drivers/music_driver.o
 .debug_line    0x00000ff8      0x140 Drivers/pwm_driver.o
 .debug_line    0x00001138       0xf9 Drivers/solenoid_driver.o
 .debug_line    0x00001231      0x146 Drivers/spi_driver.o
 .debug_line    0x00001377      0x130 Drivers/uart_driver.o
 .debug_line    0x000014a7      0x16f ir.o
 .debug_line    0x00001616      0x223 Node2.o
 .debug_line    0x00001839      0x158 timer.o
 .debug_line    0x00001991      0x2c9 TWI/TWI_Master.o

.debug_frame    0x00000000      0x800
 *(.debug_frame)
 .debug_frame   0x00000000       0x8c Controller/pi.o
 .debug_frame   0x0000008c       0x34 Drivers/adc_driver.o
 .debug_frame   0x000000c0      0x1e8 Drivers/can_driver.o
 .debug_frame   0x000002a8       0x4c Drivers/max520_driver.o
 .debug_frame   0x000002f4       0xfc Drivers/mcp2515_driver.o
 .debug_frame   0x000003f0       0xd0 Drivers/motor_driver.o
 .debug_frame   0x000004c0       0x50 Drivers/music_driver.o
 .debug_frame   0x00000510       0x54 Drivers/pwm_driver.o
 .debug_frame   0x00000564       0x44 Drivers/solenoid_driver.o
 .debug_frame   0x000005a8       0x64 Drivers/spi_driver.o
 .debug_frame   0x0000060c       0x44 Drivers/uart_driver.o
 .debug_frame   0x00000650       0x58 ir.o
 .debug_frame   0x000006a8       0x24 Node2.o
 .debug_frame   0x000006cc       0x7c timer.o
 .debug_frame   0x00000748       0xb8 TWI/TWI_Master.o

.debug_str      0x00000000      0x949
 *(.debug_str)
 .debug_str     0x00000000      0x207 Controller/pi.o
                                0x276 (size before relaxing)
 .debug_str     0x00000207       0x32 Drivers/adc_driver.o
                                0x17d (size before relaxing)
 .debug_str     0x00000239      0x176 Drivers/can_driver.o
                                0x33c (size before relaxing)
 .debug_str     0x000003af       0x86 Drivers/max520_driver.o
                                0x1dc (size before relaxing)
 .debug_str     0x00000435       0xe5 Drivers/mcp2515_driver.o
                                0x2cf (size before relaxing)
 .debug_str     0x0000051a       0x8c Drivers/motor_driver.o
                                0x289 (size before relaxing)
 .debug_str     0x000005a6      0x145 Drivers/music_driver.o
                                0x299 (size before relaxing)
 .debug_str     0x000006eb       0x38 Drivers/pwm_driver.o
                                0x194 (size before relaxing)
 .debug_str     0x00000723       0x37 Drivers/solenoid_driver.o
                                0x181 (size before relaxing)
 .debug_str     0x0000075a       0x18 Drivers/spi_driver.o
                                0x192 (size before relaxing)
 .debug_str     0x00000772       0x6f Drivers/uart_driver.o
                                0x1b6 (size before relaxing)
 .debug_str     0x000007e1       0x63 ir.o
                                0x1cc (size before relaxing)
 .debug_str     0x00000844       0x1d Node2.o
                                0x230 (size before relaxing)
 .debug_str     0x00000861       0x19 timer.o
                                0x1d1 (size before relaxing)
 .debug_str     0x0000087a       0xcf TWI/TWI_Master.o
                                0x253 (size before relaxing)

.debug_loc      0x00000000     0x102d
 *(.debug_loc)
 .debug_loc     0x00000000      0x161 Controller/pi.o
 .debug_loc     0x00000161       0x21 Drivers/adc_driver.o
 .debug_loc     0x00000182      0x525 Drivers/can_driver.o
 .debug_loc     0x000006a7       0xe5 Drivers/max520_driver.o
 .debug_loc     0x0000078c      0x31d Drivers/mcp2515_driver.o
 .debug_loc     0x00000aa9      0x1f6 Drivers/motor_driver.o
 .debug_loc     0x00000c9f       0x2f Drivers/music_driver.o
 .debug_loc     0x00000cce       0x54 Drivers/pwm_driver.o
 .debug_loc     0x00000d22       0x26 Drivers/uart_driver.o
 .debug_loc     0x00000d48       0xca ir.o
 .debug_loc     0x00000e12       0xcb timer.o
 .debug_loc     0x00000edd      0x150 TWI/TWI_Master.o

.debug_macinfo
 *(.debug_macinfo)

.debug_weaknames
 *(.debug_weaknames)

.debug_funcnames
 *(.debug_funcnames)

.debug_typenames
 *(.debug_typenames)

.debug_varnames
 *(.debug_varnames)

.debug_pubtypes
 *(.debug_pubtypes)

.debug_ranges   0x00000000      0x2a0
 *(.debug_ranges)
 .debug_ranges  0x00000000       0x28 Controller/pi.o
 .debug_ranges  0x00000028       0x18 Drivers/adc_driver.o
 .debug_ranges  0x00000040       0x60 Drivers/can_driver.o
 .debug_ranges  0x000000a0       0x18 Drivers/max520_driver.o
 .debug_ranges  0x000000b8       0x50 Drivers/mcp2515_driver.o
 .debug_ranges  0x00000108       0x58 Drivers/motor_driver.o
 .debug_ranges  0x00000160       0x20 Drivers/music_driver.o
 .debug_ranges  0x00000180       0x28 Drivers/pwm_driver.o
 .debug_ranges  0x000001a8       0x20 Drivers/solenoid_driver.o
 .debug_ranges  0x000001c8       0x30 Drivers/spi_driver.o
 .debug_ranges  0x000001f8       0x20 Drivers/uart_driver.o
 .debug_ranges  0x00000218       0x20 ir.o
 .debug_ranges  0x00000238       0x10 Node2.o
 .debug_ranges  0x00000248       0x18 timer.o
 .debug_ranges  0x00000260       0x40 TWI/TWI_Master.o

.debug_macro
 *(.debug_macro)
OUTPUT(Node2.elf elf32-avr)
LOAD linker stubs
