Archive member included because of file (symbol)

c:/program files (x86)/atmel/atmel toolchain/avr8 gcc/native/3.4.1061/avr8-gnu-toolchain/bin/../lib/gcc/avr/4.8.1/../../../../avr/lib/avr6\libm.a(addsf3.o)
                              Controller/pi.o (__subsf3)
c:/program files (x86)/atmel/atmel toolchain/avr8 gcc/native/3.4.1061/avr8-gnu-toolchain/bin/../lib/gcc/avr/4.8.1/../../../../avr/lib/avr6\libm.a(addsf3x.o)
                              c:/program files (x86)/atmel/atmel toolchain/avr8 gcc/native/3.4.1061/avr8-gnu-toolchain/bin/../lib/gcc/avr/4.8.1/../../../../avr/lib/avr6\libm.a(addsf3.o) (__addsf3x)
c:/program files (x86)/atmel/atmel toolchain/avr8 gcc/native/3.4.1061/avr8-gnu-toolchain/bin/../lib/gcc/avr/4.8.1/../../../../avr/lib/avr6\libm.a(divsf3.o)
                              Controller/pi.o (__divsf3)
c:/program files (x86)/atmel/atmel toolchain/avr8 gcc/native/3.4.1061/avr8-gnu-toolchain/bin/../lib/gcc/avr/4.8.1/../../../../avr/lib/avr6\libm.a(divsf3x.o)
                              c:/program files (x86)/atmel/atmel toolchain/avr8 gcc/native/3.4.1061/avr8-gnu-toolchain/bin/../lib/gcc/avr/4.8.1/../../../../avr/lib/avr6\libm.a(divsf3.o) (__divsf3x)
c:/program files (x86)/atmel/atmel toolchain/avr8 gcc/native/3.4.1061/avr8-gnu-toolchain/bin/../lib/gcc/avr/4.8.1/../../../../avr/lib/avr6\libm.a(fixsfsi.o)
                              Controller/pi.o (__fixsfsi)
c:/program files (x86)/atmel/atmel toolchain/avr8 gcc/native/3.4.1061/avr8-gnu-toolchain/bin/../lib/gcc/avr/4.8.1/../../../../avr/lib/avr6\libm.a(fixunssfsi.o)
                              c:/program files (x86)/atmel/atmel toolchain/avr8 gcc/native/3.4.1061/avr8-gnu-toolchain/bin/../lib/gcc/avr/4.8.1/../../../../avr/lib/avr6\libm.a(fixsfsi.o) (__fixunssfsi)
c:/program files (x86)/atmel/atmel toolchain/avr8 gcc/native/3.4.1061/avr8-gnu-toolchain/bin/../lib/gcc/avr/4.8.1/../../../../avr/lib/avr6\libm.a(floatsisf.o)
                              Controller/pi.o (__floatsisf)
c:/program files (x86)/atmel/atmel toolchain/avr8 gcc/native/3.4.1061/avr8-gnu-toolchain/bin/../lib/gcc/avr/4.8.1/../../../../avr/lib/avr6\libm.a(fp_inf.o)
                              c:/program files (x86)/atmel/atmel toolchain/avr8 gcc/native/3.4.1061/avr8-gnu-toolchain/bin/../lib/gcc/avr/4.8.1/../../../../avr/lib/avr6\libm.a(addsf3x.o) (__fp_inf)
c:/program files (x86)/atmel/atmel toolchain/avr8 gcc/native/3.4.1061/avr8-gnu-toolchain/bin/../lib/gcc/avr/4.8.1/../../../../avr/lib/avr6\libm.a(fp_nan.o)
                              c:/program files (x86)/atmel/atmel toolchain/avr8 gcc/native/3.4.1061/avr8-gnu-toolchain/bin/../lib/gcc/avr/4.8.1/../../../../avr/lib/avr6\libm.a(addsf3x.o) (__fp_nan)
c:/program files (x86)/atmel/atmel toolchain/avr8 gcc/native/3.4.1061/avr8-gnu-toolchain/bin/../lib/gcc/avr/4.8.1/../../../../avr/lib/avr6\libm.a(fp_pscA.o)
                              c:/program files (x86)/atmel/atmel toolchain/avr8 gcc/native/3.4.1061/avr8-gnu-toolchain/bin/../lib/gcc/avr/4.8.1/../../../../avr/lib/avr6\libm.a(addsf3x.o) (__fp_pscA)
c:/program files (x86)/atmel/atmel toolchain/avr8 gcc/native/3.4.1061/avr8-gnu-toolchain/bin/../lib/gcc/avr/4.8.1/../../../../avr/lib/avr6\libm.a(fp_pscB.o)
                              c:/program files (x86)/atmel/atmel toolchain/avr8 gcc/native/3.4.1061/avr8-gnu-toolchain/bin/../lib/gcc/avr/4.8.1/../../../../avr/lib/avr6\libm.a(addsf3x.o) (__fp_pscB)
c:/program files (x86)/atmel/atmel toolchain/avr8 gcc/native/3.4.1061/avr8-gnu-toolchain/bin/../lib/gcc/avr/4.8.1/../../../../avr/lib/avr6\libm.a(fp_round.o)
                              c:/program files (x86)/atmel/atmel toolchain/avr8 gcc/native/3.4.1061/avr8-gnu-toolchain/bin/../lib/gcc/avr/4.8.1/../../../../avr/lib/avr6\libm.a(addsf3.o) (__fp_round)
c:/program files (x86)/atmel/atmel toolchain/avr8 gcc/native/3.4.1061/avr8-gnu-toolchain/bin/../lib/gcc/avr/4.8.1/../../../../avr/lib/avr6\libm.a(fp_split3.o)
                              c:/program files (x86)/atmel/atmel toolchain/avr8 gcc/native/3.4.1061/avr8-gnu-toolchain/bin/../lib/gcc/avr/4.8.1/../../../../avr/lib/avr6\libm.a(addsf3x.o) (__fp_split3)
c:/program files (x86)/atmel/atmel toolchain/avr8 gcc/native/3.4.1061/avr8-gnu-toolchain/bin/../lib/gcc/avr/4.8.1/../../../../avr/lib/avr6\libm.a(fp_zero.o)
                              c:/program files (x86)/atmel/atmel toolchain/avr8 gcc/native/3.4.1061/avr8-gnu-toolchain/bin/../lib/gcc/avr/4.8.1/../../../../avr/lib/avr6\libm.a(addsf3x.o) (__fp_zero)
c:/program files (x86)/atmel/atmel toolchain/avr8 gcc/native/3.4.1061/avr8-gnu-toolchain/bin/../lib/gcc/avr/4.8.1/../../../../avr/lib/avr6\libm.a(mulsf3.o)
                              Controller/pi.o (__mulsf3)
c:/program files (x86)/atmel/atmel toolchain/avr8 gcc/native/3.4.1061/avr8-gnu-toolchain/bin/../lib/gcc/avr/4.8.1/../../../../avr/lib/avr6\libm.a(mulsf3x.o)
                              c:/program files (x86)/atmel/atmel toolchain/avr8 gcc/native/3.4.1061/avr8-gnu-toolchain/bin/../lib/gcc/avr/4.8.1/../../../../avr/lib/avr6\libm.a(mulsf3.o) (__mulsf3x)
c:/program files (x86)/atmel/atmel toolchain/avr8 gcc/native/3.4.1061/avr8-gnu-toolchain/bin/../lib/gcc/avr/4.8.1/../../../../avr/lib/avr6\libprintf_flt.a(vfprintf_flt.o)
                              (vfprintf)
c:/program files (x86)/atmel/atmel toolchain/avr8 gcc/native/3.4.1061/avr8-gnu-toolchain/bin/../lib/gcc/avr/4.8.1/avr6\libgcc.a(_divmodhi4.o)
                              Drivers/PWM_driver/pwm_driver.o (__divmodhi4)
c:/program files (x86)/atmel/atmel toolchain/avr8 gcc/native/3.4.1061/avr8-gnu-toolchain/bin/../lib/gcc/avr/4.8.1/avr6\libgcc.a(_exit.o)
                              c:/program files (x86)/atmel/atmel toolchain/avr8 gcc/native/3.4.1061/avr8-gnu-toolchain/bin/../lib/gcc/avr/4.8.1/../../../../avr/lib/avr6/crtm2560.o (exit)
c:/program files (x86)/atmel/atmel toolchain/avr8 gcc/native/3.4.1061/avr8-gnu-toolchain/bin/../lib/gcc/avr/4.8.1/avr6\libgcc.a(_tablejump.o)
                              Drivers/Music_driver/music_driver.o (__tablejump2__)
c:/program files (x86)/atmel/atmel toolchain/avr8 gcc/native/3.4.1061/avr8-gnu-toolchain/bin/../lib/gcc/avr/4.8.1/avr6\libgcc.a(_copy_data.o)
                              Drivers/Can_driver/can_driver.o (__do_copy_data)
c:/program files (x86)/atmel/atmel toolchain/avr8 gcc/native/3.4.1061/avr8-gnu-toolchain/bin/../lib/gcc/avr/4.8.1/avr6\libgcc.a(_clear_bss.o)
                              Controller/pi.o (__do_clear_bss)
c:/program files (x86)/atmel/atmel toolchain/avr8 gcc/native/3.4.1061/avr8-gnu-toolchain/bin/../lib/gcc/avr/4.8.1/avr6\libgcc.a(_umulhisi3.o)
                              Controller/pi.o (__umulhisi3)
c:/program files (x86)/atmel/atmel toolchain/avr8 gcc/native/3.4.1061/avr8-gnu-toolchain/bin/../lib/gcc/avr/4.8.1/avr6\libgcc.a(_udivmodhi4.o)
                              c:/program files (x86)/atmel/atmel toolchain/avr8 gcc/native/3.4.1061/avr8-gnu-toolchain/bin/../lib/gcc/avr/4.8.1/avr6\libgcc.a(_divmodhi4.o) (__udivmodhi4)
c:/program files (x86)/atmel/atmel toolchain/avr8 gcc/native/3.4.1061/avr8-gnu-toolchain/bin/../lib/gcc/avr/4.8.1/../../../../avr/lib/avr6\libc.a(ftoa_engine.o)
                              c:/program files (x86)/atmel/atmel toolchain/avr8 gcc/native/3.4.1061/avr8-gnu-toolchain/bin/../lib/gcc/avr/4.8.1/../../../../avr/lib/avr6\libprintf_flt.a(vfprintf_flt.o) (__ftoa_engine)
c:/program files (x86)/atmel/atmel toolchain/avr8 gcc/native/3.4.1061/avr8-gnu-toolchain/bin/../lib/gcc/avr/4.8.1/../../../../avr/lib/avr6\libc.a(strnlen_P.o)
                              c:/program files (x86)/atmel/atmel toolchain/avr8 gcc/native/3.4.1061/avr8-gnu-toolchain/bin/../lib/gcc/avr/4.8.1/../../../../avr/lib/avr6\libprintf_flt.a(vfprintf_flt.o) (strnlen_P)
c:/program files (x86)/atmel/atmel toolchain/avr8 gcc/native/3.4.1061/avr8-gnu-toolchain/bin/../lib/gcc/avr/4.8.1/../../../../avr/lib/avr6\libc.a(strnlen.o)
                              c:/program files (x86)/atmel/atmel toolchain/avr8 gcc/native/3.4.1061/avr8-gnu-toolchain/bin/../lib/gcc/avr/4.8.1/../../../../avr/lib/avr6\libprintf_flt.a(vfprintf_flt.o) (strnlen)
c:/program files (x86)/atmel/atmel toolchain/avr8 gcc/native/3.4.1061/avr8-gnu-toolchain/bin/../lib/gcc/avr/4.8.1/../../../../avr/lib/avr6\libc.a(fputc.o)
                              c:/program files (x86)/atmel/atmel toolchain/avr8 gcc/native/3.4.1061/avr8-gnu-toolchain/bin/../lib/gcc/avr/4.8.1/../../../../avr/lib/avr6\libprintf_flt.a(vfprintf_flt.o) (fputc)
c:/program files (x86)/atmel/atmel toolchain/avr8 gcc/native/3.4.1061/avr8-gnu-toolchain/bin/../lib/gcc/avr/4.8.1/../../../../avr/lib/avr6\libc.a(iob.o)
                              Drivers/Uart_driver/uart_driver.o (__iob)
c:/program files (x86)/atmel/atmel toolchain/avr8 gcc/native/3.4.1061/avr8-gnu-toolchain/bin/../lib/gcc/avr/4.8.1/../../../../avr/lib/avr6\libc.a(printf.o)
                              Drivers/Can_driver/can_driver.o (printf)
c:/program files (x86)/atmel/atmel toolchain/avr8 gcc/native/3.4.1061/avr8-gnu-toolchain/bin/../lib/gcc/avr/4.8.1/../../../../avr/lib/avr6\libc.a(puts.o)
                              Drivers/Can_driver/can_driver.o (puts)
c:/program files (x86)/atmel/atmel toolchain/avr8 gcc/native/3.4.1061/avr8-gnu-toolchain/bin/../lib/gcc/avr/4.8.1/../../../../avr/lib/avr6\libc.a(ultoa_invert.o)
                              c:/program files (x86)/atmel/atmel toolchain/avr8 gcc/native/3.4.1061/avr8-gnu-toolchain/bin/../lib/gcc/avr/4.8.1/../../../../avr/lib/avr6\libprintf_flt.a(vfprintf_flt.o) (__ultoa_invert)

Allocating common symbols
Common symbol       size              file

max_position        0x2               Controller/pi.o
position            0x2               Controller/pi.o
last_ir_val         0x1               Drivers/Can_driver/can_driver.o
sample_count        0x1               Drivers/Music_driver/music_driver.o
direction           0x1               Controller/pi.o
posref              0x2               Controller/pi.o
printvar            0x1               Controller/pi.o
astley_count        0x1               Drivers/Music_driver/music_driver.o
solenoid_out_counter
                    0x1               Drivers/Solenoid_driver/solenoid_driver.o
integral            0x4               Controller/pi.o
__iob               0x6               c:/program files (x86)/atmel/atmel toolchain/avr8 gcc/native/3.4.1061/avr8-gnu-toolchain/bin/../lib/gcc/avr/4.8.1/../../../../avr/lib/avr6\libc.a(iob.o)
rx_flag             0x1               Drivers/Can_driver/can_driver.o
sample              0x2               Drivers/Music_driver/music_driver.o

Discarded input sections

 .data          0x00000000        0x0 c:/program files (x86)/atmel/atmel toolchain/avr8 gcc/native/3.4.1061/avr8-gnu-toolchain/bin/../lib/gcc/avr/4.8.1/../../../../avr/lib/avr6/crtm2560.o
 .bss           0x00000000        0x0 c:/program files (x86)/atmel/atmel toolchain/avr8 gcc/native/3.4.1061/avr8-gnu-toolchain/bin/../lib/gcc/avr/4.8.1/../../../../avr/lib/avr6/crtm2560.o
 .text          0x00000000        0x0 Controller/pi.o
 .data          0x00000000        0x0 Controller/pi.o
 .bss           0x00000000        0x0 Controller/pi.o
 .text          0x00000000        0x0 Drivers/ADC_driver/adc_driver.o
 .data          0x00000000        0x0 Drivers/ADC_driver/adc_driver.o
 .bss           0x00000000        0x0 Drivers/ADC_driver/adc_driver.o
 .text          0x00000000        0x0 Drivers/Can_driver/can_driver.o
 .data          0x00000000        0x0 Drivers/Can_driver/can_driver.o
 .bss           0x00000000        0x0 Drivers/Can_driver/can_driver.o
 .text.can_print_message
                0x00000000       0xb0 Drivers/Can_driver/can_driver.o
 .text.can_test
                0x00000000       0xda Drivers/Can_driver/can_driver.o
 .text          0x00000000        0x0 Drivers/IR_driver/ir_driver.o
 .data          0x00000000        0x0 Drivers/IR_driver/ir_driver.o
 .bss           0x00000000        0x0 Drivers/IR_driver/ir_driver.o
 .text          0x00000000        0x0 Drivers/MAX520_driver/max520_driver.o
 .data          0x00000000        0x0 Drivers/MAX520_driver/max520_driver.o
 .bss           0x00000000        0x0 Drivers/MAX520_driver/max520_driver.o
 .text          0x00000000        0x0 Drivers/MCP2515_driver/mcp2515_driver.o
 .data          0x00000000        0x0 Drivers/MCP2515_driver/mcp2515_driver.o
 .bss           0x00000000        0x0 Drivers/MCP2515_driver/mcp2515_driver.o
 .text.mcp2515_read_status
                0x00000000       0x1c Drivers/MCP2515_driver/mcp2515_driver.o
 .text.mcp2515_set_loopback_mode
                0x00000000       0x4a Drivers/MCP2515_driver/mcp2515_driver.o
 .text.mcp2515_test
                0x00000000        0xe Drivers/MCP2515_driver/mcp2515_driver.o
 .text          0x00000000        0x0 Drivers/Motor_driver/motor_driver.o
 .data          0x00000000        0x0 Drivers/Motor_driver/motor_driver.o
 .bss           0x00000000        0x0 Drivers/Motor_driver/motor_driver.o
 .text          0x00000000        0x0 Drivers/Music_driver/music_driver.o
 .data          0x00000000        0x0 Drivers/Music_driver/music_driver.o
 .bss           0x00000000        0x0 Drivers/Music_driver/music_driver.o
 .rodata.astley8_length
                0x00000000        0x2 Drivers/Music_driver/music_driver.o
 .rodata.astley7_length
                0x00000000        0x2 Drivers/Music_driver/music_driver.o
 .rodata.astley6_length
                0x00000000        0x2 Drivers/Music_driver/music_driver.o
 .rodata.astley5_length
                0x00000000        0x2 Drivers/Music_driver/music_driver.o
 .rodata.astley4_length
                0x00000000        0x2 Drivers/Music_driver/music_driver.o
 .rodata.astley3_length
                0x00000000        0x2 Drivers/Music_driver/music_driver.o
 .rodata.astley2_length
                0x00000000        0x2 Drivers/Music_driver/music_driver.o
 .rodata.astley1_length
                0x00000000        0x2 Drivers/Music_driver/music_driver.o
 .text          0x00000000        0x0 Drivers/PWM_driver/pwm_driver.o
 .data          0x00000000        0x0 Drivers/PWM_driver/pwm_driver.o
 .bss           0x00000000        0x0 Drivers/PWM_driver/pwm_driver.o
 .text.pwm_set_value
                0x00000000        0xa Drivers/PWM_driver/pwm_driver.o
 .text.pwm_test
                0x00000000        0xe Drivers/PWM_driver/pwm_driver.o
 .text          0x00000000        0x0 Drivers/Solenoid_driver/solenoid_driver.o
 .data          0x00000000        0x0 Drivers/Solenoid_driver/solenoid_driver.o
 .bss           0x00000000        0x0 Drivers/Solenoid_driver/solenoid_driver.o
 .text          0x00000000        0x0 Drivers/SPI_driver/spi_driver.o
 .data          0x00000000        0x0 Drivers/SPI_driver/spi_driver.o
 .bss           0x00000000        0x0 Drivers/SPI_driver/spi_driver.o
 .text          0x00000000        0x0 Drivers/Uart_driver/uart_driver.o
 .data          0x00000000        0x0 Drivers/Uart_driver/uart_driver.o
 .bss           0x00000000        0x0 Drivers/Uart_driver/uart_driver.o
 .text          0x00000000        0x0 Node2.o
 .data          0x00000000        0x0 Node2.o
 .bss           0x00000000        0x0 Node2.o
 .text          0x00000000        0x0 Tests/test_node_2.o
 .data          0x00000000        0x0 Tests/test_node_2.o
 .bss           0x00000000        0x0 Tests/test_node_2.o
 .rodata.str1.1
                0x00000000        0xc Tests/test_node_2.o
 .text.keep_score
                0x00000000       0x30 Tests/test_node_2.o
 .text.not_blocked
                0x00000000        0x8 Tests/test_node_2.o
 .text.motor_test
                0x00000000       0x76 Tests/test_node_2.o
 .bss.game_score
                0x00000000        0x1 Tests/test_node_2.o
 .data.ir_not_blocked
                0x00000000        0x1 Tests/test_node_2.o
 .debug_info    0x00000000      0x2f9 Tests/test_node_2.o
 .debug_abbrev  0x00000000      0x185 Tests/test_node_2.o
 .debug_loc     0x00000000       0x56 Tests/test_node_2.o
 .debug_aranges
                0x00000000       0x30 Tests/test_node_2.o
 .debug_ranges  0x00000000       0x20 Tests/test_node_2.o
 .debug_line    0x00000000      0x1ea Tests/test_node_2.o
 .debug_str     0x00000000      0x20b Tests/test_node_2.o
 .comment       0x00000000       0x31 Tests/test_node_2.o
 .debug_frame   0x00000000       0x54 Tests/test_node_2.o
 .text          0x00000000        0x0 Timer/timer.o
 .data          0x00000000        0x0 Timer/timer.o
 .bss           0x00000000        0x0 Timer/timer.o
 .text          0x00000000        0x0 TWI/TWI_Master.o
 .data          0x00000000        0x0 TWI/TWI_Master.o
 .bss           0x00000000        0x0 TWI/TWI_Master.o
 .text.TWI_Transceiver_Busy
                0x00000000        0x8 TWI/TWI_Master.o
 .text.TWI_Get_State_Info
                0x00000000       0x10 TWI/TWI_Master.o
 .text.TWI_Start_Transceiver
                0x00000000       0x1c TWI/TWI_Master.o
 .text.TWI_Get_Data_From_Transceiver
                0x00000000       0x34 TWI/TWI_Master.o
 .text          0x00000000        0x0 c:/program files (x86)/atmel/atmel toolchain/avr8 gcc/native/3.4.1061/avr8-gnu-toolchain/bin/../lib/gcc/avr/4.8.1/../../../../avr/lib/avr6\libm.a(addsf3.o)
 .data          0x00000000        0x0 c:/program files (x86)/atmel/atmel toolchain/avr8 gcc/native/3.4.1061/avr8-gnu-toolchain/bin/../lib/gcc/avr/4.8.1/../../../../avr/lib/avr6\libm.a(addsf3.o)
 .bss           0x00000000        0x0 c:/program files (x86)/atmel/atmel toolchain/avr8 gcc/native/3.4.1061/avr8-gnu-toolchain/bin/../lib/gcc/avr/4.8.1/../../../../avr/lib/avr6\libm.a(addsf3.o)
 .text          0x00000000        0x0 c:/program files (x86)/atmel/atmel toolchain/avr8 gcc/native/3.4.1061/avr8-gnu-toolchain/bin/../lib/gcc/avr/4.8.1/../../../../avr/lib/avr6\libm.a(addsf3x.o)
 .data          0x00000000        0x0 c:/program files (x86)/atmel/atmel toolchain/avr8 gcc/native/3.4.1061/avr8-gnu-toolchain/bin/../lib/gcc/avr/4.8.1/../../../../avr/lib/avr6\libm.a(addsf3x.o)
 .bss           0x00000000        0x0 c:/program files (x86)/atmel/atmel toolchain/avr8 gcc/native/3.4.1061/avr8-gnu-toolchain/bin/../lib/gcc/avr/4.8.1/../../../../avr/lib/avr6\libm.a(addsf3x.o)
 .text          0x00000000        0x0 c:/program files (x86)/atmel/atmel toolchain/avr8 gcc/native/3.4.1061/avr8-gnu-toolchain/bin/../lib/gcc/avr/4.8.1/../../../../avr/lib/avr6\libm.a(divsf3.o)
 .data          0x00000000        0x0 c:/program files (x86)/atmel/atmel toolchain/avr8 gcc/native/3.4.1061/avr8-gnu-toolchain/bin/../lib/gcc/avr/4.8.1/../../../../avr/lib/avr6\libm.a(divsf3.o)
 .bss           0x00000000        0x0 c:/program files (x86)/atmel/atmel toolchain/avr8 gcc/native/3.4.1061/avr8-gnu-toolchain/bin/../lib/gcc/avr/4.8.1/../../../../avr/lib/avr6\libm.a(divsf3.o)
 .text          0x00000000        0x0 c:/program files (x86)/atmel/atmel toolchain/avr8 gcc/native/3.4.1061/avr8-gnu-toolchain/bin/../lib/gcc/avr/4.8.1/../../../../avr/lib/avr6\libm.a(divsf3x.o)
 .data          0x00000000        0x0 c:/program files (x86)/atmel/atmel toolchain/avr8 gcc/native/3.4.1061/avr8-gnu-toolchain/bin/../lib/gcc/avr/4.8.1/../../../../avr/lib/avr6\libm.a(divsf3x.o)
 .bss           0x00000000        0x0 c:/program files (x86)/atmel/atmel toolchain/avr8 gcc/native/3.4.1061/avr8-gnu-toolchain/bin/../lib/gcc/avr/4.8.1/../../../../avr/lib/avr6\libm.a(divsf3x.o)
 .text          0x00000000        0x0 c:/program files (x86)/atmel/atmel toolchain/avr8 gcc/native/3.4.1061/avr8-gnu-toolchain/bin/../lib/gcc/avr/4.8.1/../../../../avr/lib/avr6\libm.a(fixsfsi.o)
 .data          0x00000000        0x0 c:/program files (x86)/atmel/atmel toolchain/avr8 gcc/native/3.4.1061/avr8-gnu-toolchain/bin/../lib/gcc/avr/4.8.1/../../../../avr/lib/avr6\libm.a(fixsfsi.o)
 .bss           0x00000000        0x0 c:/program files (x86)/atmel/atmel toolchain/avr8 gcc/native/3.4.1061/avr8-gnu-toolchain/bin/../lib/gcc/avr/4.8.1/../../../../avr/lib/avr6\libm.a(fixsfsi.o)
 .text          0x00000000        0x0 c:/program files (x86)/atmel/atmel toolchain/avr8 gcc/native/3.4.1061/avr8-gnu-toolchain/bin/../lib/gcc/avr/4.8.1/../../../../avr/lib/avr6\libm.a(fixunssfsi.o)
 .data          0x00000000        0x0 c:/program files (x86)/atmel/atmel toolchain/avr8 gcc/native/3.4.1061/avr8-gnu-toolchain/bin/../lib/gcc/avr/4.8.1/../../../../avr/lib/avr6\libm.a(fixunssfsi.o)
 .bss           0x00000000        0x0 c:/program files (x86)/atmel/atmel toolchain/avr8 gcc/native/3.4.1061/avr8-gnu-toolchain/bin/../lib/gcc/avr/4.8.1/../../../../avr/lib/avr6\libm.a(fixunssfsi.o)
 .text          0x00000000        0x0 c:/program files (x86)/atmel/atmel toolchain/avr8 gcc/native/3.4.1061/avr8-gnu-toolchain/bin/../lib/gcc/avr/4.8.1/../../../../avr/lib/avr6\libm.a(floatsisf.o)
 .data          0x00000000        0x0 c:/program files (x86)/atmel/atmel toolchain/avr8 gcc/native/3.4.1061/avr8-gnu-toolchain/bin/../lib/gcc/avr/4.8.1/../../../../avr/lib/avr6\libm.a(floatsisf.o)
 .bss           0x00000000        0x0 c:/program files (x86)/atmel/atmel toolchain/avr8 gcc/native/3.4.1061/avr8-gnu-toolchain/bin/../lib/gcc/avr/4.8.1/../../../../avr/lib/avr6\libm.a(floatsisf.o)
 .text          0x00000000        0x0 c:/program files (x86)/atmel/atmel toolchain/avr8 gcc/native/3.4.1061/avr8-gnu-toolchain/bin/../lib/gcc/avr/4.8.1/../../../../avr/lib/avr6\libm.a(fp_inf.o)
 .data          0x00000000        0x0 c:/program files (x86)/atmel/atmel toolchain/avr8 gcc/native/3.4.1061/avr8-gnu-toolchain/bin/../lib/gcc/avr/4.8.1/../../../../avr/lib/avr6\libm.a(fp_inf.o)
 .bss           0x00000000        0x0 c:/program files (x86)/atmel/atmel toolchain/avr8 gcc/native/3.4.1061/avr8-gnu-toolchain/bin/../lib/gcc/avr/4.8.1/../../../../avr/lib/avr6\libm.a(fp_inf.o)
 .text          0x00000000        0x0 c:/program files (x86)/atmel/atmel toolchain/avr8 gcc/native/3.4.1061/avr8-gnu-toolchain/bin/../lib/gcc/avr/4.8.1/../../../../avr/lib/avr6\libm.a(fp_nan.o)
 .data          0x00000000        0x0 c:/program files (x86)/atmel/atmel toolchain/avr8 gcc/native/3.4.1061/avr8-gnu-toolchain/bin/../lib/gcc/avr/4.8.1/../../../../avr/lib/avr6\libm.a(fp_nan.o)
 .bss           0x00000000        0x0 c:/program files (x86)/atmel/atmel toolchain/avr8 gcc/native/3.4.1061/avr8-gnu-toolchain/bin/../lib/gcc/avr/4.8.1/../../../../avr/lib/avr6\libm.a(fp_nan.o)
 .text          0x00000000        0x0 c:/program files (x86)/atmel/atmel toolchain/avr8 gcc/native/3.4.1061/avr8-gnu-toolchain/bin/../lib/gcc/avr/4.8.1/../../../../avr/lib/avr6\libm.a(fp_pscA.o)
 .data          0x00000000        0x0 c:/program files (x86)/atmel/atmel toolchain/avr8 gcc/native/3.4.1061/avr8-gnu-toolchain/bin/../lib/gcc/avr/4.8.1/../../../../avr/lib/avr6\libm.a(fp_pscA.o)
 .bss           0x00000000        0x0 c:/program files (x86)/atmel/atmel toolchain/avr8 gcc/native/3.4.1061/avr8-gnu-toolchain/bin/../lib/gcc/avr/4.8.1/../../../../avr/lib/avr6\libm.a(fp_pscA.o)
 .text          0x00000000        0x0 c:/program files (x86)/atmel/atmel toolchain/avr8 gcc/native/3.4.1061/avr8-gnu-toolchain/bin/../lib/gcc/avr/4.8.1/../../../../avr/lib/avr6\libm.a(fp_pscB.o)
 .data          0x00000000        0x0 c:/program files (x86)/atmel/atmel toolchain/avr8 gcc/native/3.4.1061/avr8-gnu-toolchain/bin/../lib/gcc/avr/4.8.1/../../../../avr/lib/avr6\libm.a(fp_pscB.o)
 .bss           0x00000000        0x0 c:/program files (x86)/atmel/atmel toolchain/avr8 gcc/native/3.4.1061/avr8-gnu-toolchain/bin/../lib/gcc/avr/4.8.1/../../../../avr/lib/avr6\libm.a(fp_pscB.o)
 .text          0x00000000        0x0 c:/program files (x86)/atmel/atmel toolchain/avr8 gcc/native/3.4.1061/avr8-gnu-toolchain/bin/../lib/gcc/avr/4.8.1/../../../../avr/lib/avr6\libm.a(fp_round.o)
 .data          0x00000000        0x0 c:/program files (x86)/atmel/atmel toolchain/avr8 gcc/native/3.4.1061/avr8-gnu-toolchain/bin/../lib/gcc/avr/4.8.1/../../../../avr/lib/avr6\libm.a(fp_round.o)
 .bss           0x00000000        0x0 c:/program files (x86)/atmel/atmel toolchain/avr8 gcc/native/3.4.1061/avr8-gnu-toolchain/bin/../lib/gcc/avr/4.8.1/../../../../avr/lib/avr6\libm.a(fp_round.o)
 .text          0x00000000        0x0 c:/program files (x86)/atmel/atmel toolchain/avr8 gcc/native/3.4.1061/avr8-gnu-toolchain/bin/../lib/gcc/avr/4.8.1/../../../../avr/lib/avr6\libm.a(fp_split3.o)
 .data          0x00000000        0x0 c:/program files (x86)/atmel/atmel toolchain/avr8 gcc/native/3.4.1061/avr8-gnu-toolchain/bin/../lib/gcc/avr/4.8.1/../../../../avr/lib/avr6\libm.a(fp_split3.o)
 .bss           0x00000000        0x0 c:/program files (x86)/atmel/atmel toolchain/avr8 gcc/native/3.4.1061/avr8-gnu-toolchain/bin/../lib/gcc/avr/4.8.1/../../../../avr/lib/avr6\libm.a(fp_split3.o)
 .text          0x00000000        0x0 c:/program files (x86)/atmel/atmel toolchain/avr8 gcc/native/3.4.1061/avr8-gnu-toolchain/bin/../lib/gcc/avr/4.8.1/../../../../avr/lib/avr6\libm.a(fp_zero.o)
 .data          0x00000000        0x0 c:/program files (x86)/atmel/atmel toolchain/avr8 gcc/native/3.4.1061/avr8-gnu-toolchain/bin/../lib/gcc/avr/4.8.1/../../../../avr/lib/avr6\libm.a(fp_zero.o)
 .bss           0x00000000        0x0 c:/program files (x86)/atmel/atmel toolchain/avr8 gcc/native/3.4.1061/avr8-gnu-toolchain/bin/../lib/gcc/avr/4.8.1/../../../../avr/lib/avr6\libm.a(fp_zero.o)
 .text          0x00000000        0x0 c:/program files (x86)/atmel/atmel toolchain/avr8 gcc/native/3.4.1061/avr8-gnu-toolchain/bin/../lib/gcc/avr/4.8.1/../../../../avr/lib/avr6\libm.a(mulsf3.o)
 .data          0x00000000        0x0 c:/program files (x86)/atmel/atmel toolchain/avr8 gcc/native/3.4.1061/avr8-gnu-toolchain/bin/../lib/gcc/avr/4.8.1/../../../../avr/lib/avr6\libm.a(mulsf3.o)
 .bss           0x00000000        0x0 c:/program files (x86)/atmel/atmel toolchain/avr8 gcc/native/3.4.1061/avr8-gnu-toolchain/bin/../lib/gcc/avr/4.8.1/../../../../avr/lib/avr6\libm.a(mulsf3.o)
 .text          0x00000000        0x0 c:/program files (x86)/atmel/atmel toolchain/avr8 gcc/native/3.4.1061/avr8-gnu-toolchain/bin/../lib/gcc/avr/4.8.1/../../../../avr/lib/avr6\libm.a(mulsf3x.o)
 .data          0x00000000        0x0 c:/program files (x86)/atmel/atmel toolchain/avr8 gcc/native/3.4.1061/avr8-gnu-toolchain/bin/../lib/gcc/avr/4.8.1/../../../../avr/lib/avr6\libm.a(mulsf3x.o)
 .bss           0x00000000        0x0 c:/program files (x86)/atmel/atmel toolchain/avr8 gcc/native/3.4.1061/avr8-gnu-toolchain/bin/../lib/gcc/avr/4.8.1/../../../../avr/lib/avr6\libm.a(mulsf3x.o)
 .text          0x00000000        0x0 c:/program files (x86)/atmel/atmel toolchain/avr8 gcc/native/3.4.1061/avr8-gnu-toolchain/bin/../lib/gcc/avr/4.8.1/../../../../avr/lib/avr6\libprintf_flt.a(vfprintf_flt.o)
 .data          0x00000000        0x0 c:/program files (x86)/atmel/atmel toolchain/avr8 gcc/native/3.4.1061/avr8-gnu-toolchain/bin/../lib/gcc/avr/4.8.1/../../../../avr/lib/avr6\libprintf_flt.a(vfprintf_flt.o)
 .bss           0x00000000        0x0 c:/program files (x86)/atmel/atmel toolchain/avr8 gcc/native/3.4.1061/avr8-gnu-toolchain/bin/../lib/gcc/avr/4.8.1/../../../../avr/lib/avr6\libprintf_flt.a(vfprintf_flt.o)
 .text          0x00000000        0x0 c:/program files (x86)/atmel/atmel toolchain/avr8 gcc/native/3.4.1061/avr8-gnu-toolchain/bin/../lib/gcc/avr/4.8.1/avr6\libgcc.a(_divmodhi4.o)
 .data          0x00000000        0x0 c:/program files (x86)/atmel/atmel toolchain/avr8 gcc/native/3.4.1061/avr8-gnu-toolchain/bin/../lib/gcc/avr/4.8.1/avr6\libgcc.a(_divmodhi4.o)
 .bss           0x00000000        0x0 c:/program files (x86)/atmel/atmel toolchain/avr8 gcc/native/3.4.1061/avr8-gnu-toolchain/bin/../lib/gcc/avr/4.8.1/avr6\libgcc.a(_divmodhi4.o)
 .text.libgcc.mul
                0x00000000        0x0 c:/program files (x86)/atmel/atmel toolchain/avr8 gcc/native/3.4.1061/avr8-gnu-toolchain/bin/../lib/gcc/avr/4.8.1/avr6\libgcc.a(_divmodhi4.o)
 .text.libgcc   0x00000000        0x0 c:/program files (x86)/atmel/atmel toolchain/avr8 gcc/native/3.4.1061/avr8-gnu-toolchain/bin/../lib/gcc/avr/4.8.1/avr6\libgcc.a(_divmodhi4.o)
 .text.libgcc.prologue
                0x00000000        0x0 c:/program files (x86)/atmel/atmel toolchain/avr8 gcc/native/3.4.1061/avr8-gnu-toolchain/bin/../lib/gcc/avr/4.8.1/avr6\libgcc.a(_divmodhi4.o)
 .text.libgcc.builtins
                0x00000000        0x0 c:/program files (x86)/atmel/atmel toolchain/avr8 gcc/native/3.4.1061/avr8-gnu-toolchain/bin/../lib/gcc/avr/4.8.1/avr6\libgcc.a(_divmodhi4.o)
 .text.libgcc.fmul
                0x00000000        0x0 c:/program files (x86)/atmel/atmel toolchain/avr8 gcc/native/3.4.1061/avr8-gnu-toolchain/bin/../lib/gcc/avr/4.8.1/avr6\libgcc.a(_divmodhi4.o)
 .text.libgcc.fixed
                0x00000000        0x0 c:/program files (x86)/atmel/atmel toolchain/avr8 gcc/native/3.4.1061/avr8-gnu-toolchain/bin/../lib/gcc/avr/4.8.1/avr6\libgcc.a(_divmodhi4.o)
 .text          0x00000000        0x0 c:/program files (x86)/atmel/atmel toolchain/avr8 gcc/native/3.4.1061/avr8-gnu-toolchain/bin/../lib/gcc/avr/4.8.1/avr6\libgcc.a(_exit.o)
 .data          0x00000000        0x0 c:/program files (x86)/atmel/atmel toolchain/avr8 gcc/native/3.4.1061/avr8-gnu-toolchain/bin/../lib/gcc/avr/4.8.1/avr6\libgcc.a(_exit.o)
 .bss           0x00000000        0x0 c:/program files (x86)/atmel/atmel toolchain/avr8 gcc/native/3.4.1061/avr8-gnu-toolchain/bin/../lib/gcc/avr/4.8.1/avr6\libgcc.a(_exit.o)
 .text.libgcc.mul
                0x00000000        0x0 c:/program files (x86)/atmel/atmel toolchain/avr8 gcc/native/3.4.1061/avr8-gnu-toolchain/bin/../lib/gcc/avr/4.8.1/avr6\libgcc.a(_exit.o)
 .text.libgcc.div
                0x00000000        0x0 c:/program files (x86)/atmel/atmel toolchain/avr8 gcc/native/3.4.1061/avr8-gnu-toolchain/bin/../lib/gcc/avr/4.8.1/avr6\libgcc.a(_exit.o)
 .text.libgcc   0x00000000        0x0 c:/program files (x86)/atmel/atmel toolchain/avr8 gcc/native/3.4.1061/avr8-gnu-toolchain/bin/../lib/gcc/avr/4.8.1/avr6\libgcc.a(_exit.o)
 .text.libgcc.prologue
                0x00000000        0x0 c:/program files (x86)/atmel/atmel toolchain/avr8 gcc/native/3.4.1061/avr8-gnu-toolchain/bin/../lib/gcc/avr/4.8.1/avr6\libgcc.a(_exit.o)
 .text.libgcc.builtins
                0x00000000        0x0 c:/program files (x86)/atmel/atmel toolchain/avr8 gcc/native/3.4.1061/avr8-gnu-toolchain/bin/../lib/gcc/avr/4.8.1/avr6\libgcc.a(_exit.o)
 .text.libgcc.fmul
                0x00000000        0x0 c:/program files (x86)/atmel/atmel toolchain/avr8 gcc/native/3.4.1061/avr8-gnu-toolchain/bin/../lib/gcc/avr/4.8.1/avr6\libgcc.a(_exit.o)
 .text.libgcc.fixed
                0x00000000        0x0 c:/program files (x86)/atmel/atmel toolchain/avr8 gcc/native/3.4.1061/avr8-gnu-toolchain/bin/../lib/gcc/avr/4.8.1/avr6\libgcc.a(_exit.o)
 .text          0x00000000        0x0 c:/program files (x86)/atmel/atmel toolchain/avr8 gcc/native/3.4.1061/avr8-gnu-toolchain/bin/../lib/gcc/avr/4.8.1/avr6\libgcc.a(_tablejump.o)
 .data          0x00000000        0x0 c:/program files (x86)/atmel/atmel toolchain/avr8 gcc/native/3.4.1061/avr8-gnu-toolchain/bin/../lib/gcc/avr/4.8.1/avr6\libgcc.a(_tablejump.o)
 .bss           0x00000000        0x0 c:/program files (x86)/atmel/atmel toolchain/avr8 gcc/native/3.4.1061/avr8-gnu-toolchain/bin/../lib/gcc/avr/4.8.1/avr6\libgcc.a(_tablejump.o)
 .text.libgcc.mul
                0x00000000        0x0 c:/program files (x86)/atmel/atmel toolchain/avr8 gcc/native/3.4.1061/avr8-gnu-toolchain/bin/../lib/gcc/avr/4.8.1/avr6\libgcc.a(_tablejump.o)
 .text.libgcc.div
                0x00000000        0x0 c:/program files (x86)/atmel/atmel toolchain/avr8 gcc/native/3.4.1061/avr8-gnu-toolchain/bin/../lib/gcc/avr/4.8.1/avr6\libgcc.a(_tablejump.o)
 .text.libgcc.prologue
                0x00000000        0x0 c:/program files (x86)/atmel/atmel toolchain/avr8 gcc/native/3.4.1061/avr8-gnu-toolchain/bin/../lib/gcc/avr/4.8.1/avr6\libgcc.a(_tablejump.o)
 .text.libgcc.builtins
                0x00000000        0x0 c:/program files (x86)/atmel/atmel toolchain/avr8 gcc/native/3.4.1061/avr8-gnu-toolchain/bin/../lib/gcc/avr/4.8.1/avr6\libgcc.a(_tablejump.o)
 .text.libgcc.fmul
                0x00000000        0x0 c:/program files (x86)/atmel/atmel toolchain/avr8 gcc/native/3.4.1061/avr8-gnu-toolchain/bin/../lib/gcc/avr/4.8.1/avr6\libgcc.a(_tablejump.o)
 .text.libgcc.fixed
                0x00000000        0x0 c:/program files (x86)/atmel/atmel toolchain/avr8 gcc/native/3.4.1061/avr8-gnu-toolchain/bin/../lib/gcc/avr/4.8.1/avr6\libgcc.a(_tablejump.o)
 .text          0x00000000        0x0 c:/program files (x86)/atmel/atmel toolchain/avr8 gcc/native/3.4.1061/avr8-gnu-toolchain/bin/../lib/gcc/avr/4.8.1/avr6\libgcc.a(_copy_data.o)
 .data          0x00000000        0x0 c:/program files (x86)/atmel/atmel toolchain/avr8 gcc/native/3.4.1061/avr8-gnu-toolchain/bin/../lib/gcc/avr/4.8.1/avr6\libgcc.a(_copy_data.o)
 .bss           0x00000000        0x0 c:/program files (x86)/atmel/atmel toolchain/avr8 gcc/native/3.4.1061/avr8-gnu-toolchain/bin/../lib/gcc/avr/4.8.1/avr6\libgcc.a(_copy_data.o)
 .text.libgcc.mul
                0x00000000        0x0 c:/program files (x86)/atmel/atmel toolchain/avr8 gcc/native/3.4.1061/avr8-gnu-toolchain/bin/../lib/gcc/avr/4.8.1/avr6\libgcc.a(_copy_data.o)
 .text.libgcc.div
                0x00000000        0x0 c:/program files (x86)/atmel/atmel toolchain/avr8 gcc/native/3.4.1061/avr8-gnu-toolchain/bin/../lib/gcc/avr/4.8.1/avr6\libgcc.a(_copy_data.o)
 .text.libgcc   0x00000000        0x0 c:/program files (x86)/atmel/atmel toolchain/avr8 gcc/native/3.4.1061/avr8-gnu-toolchain/bin/../lib/gcc/avr/4.8.1/avr6\libgcc.a(_copy_data.o)
 .text.libgcc.prologue
                0x00000000        0x0 c:/program files (x86)/atmel/atmel toolchain/avr8 gcc/native/3.4.1061/avr8-gnu-toolchain/bin/../lib/gcc/avr/4.8.1/avr6\libgcc.a(_copy_data.o)
 .text.libgcc.builtins
                0x00000000        0x0 c:/program files (x86)/atmel/atmel toolchain/avr8 gcc/native/3.4.1061/avr8-gnu-toolchain/bin/../lib/gcc/avr/4.8.1/avr6\libgcc.a(_copy_data.o)
 .text.libgcc.fmul
                0x00000000        0x0 c:/program files (x86)/atmel/atmel toolchain/avr8 gcc/native/3.4.1061/avr8-gnu-toolchain/bin/../lib/gcc/avr/4.8.1/avr6\libgcc.a(_copy_data.o)
 .text.libgcc.fixed
                0x00000000        0x0 c:/program files (x86)/atmel/atmel toolchain/avr8 gcc/native/3.4.1061/avr8-gnu-toolchain/bin/../lib/gcc/avr/4.8.1/avr6\libgcc.a(_copy_data.o)
 .text          0x00000000        0x0 c:/program files (x86)/atmel/atmel toolchain/avr8 gcc/native/3.4.1061/avr8-gnu-toolchain/bin/../lib/gcc/avr/4.8.1/avr6\libgcc.a(_clear_bss.o)
 .data          0x00000000        0x0 c:/program files (x86)/atmel/atmel toolchain/avr8 gcc/native/3.4.1061/avr8-gnu-toolchain/bin/../lib/gcc/avr/4.8.1/avr6\libgcc.a(_clear_bss.o)
 .bss           0x00000000        0x0 c:/program files (x86)/atmel/atmel toolchain/avr8 gcc/native/3.4.1061/avr8-gnu-toolchain/bin/../lib/gcc/avr/4.8.1/avr6\libgcc.a(_clear_bss.o)
 .text.libgcc.mul
                0x00000000        0x0 c:/program files (x86)/atmel/atmel toolchain/avr8 gcc/native/3.4.1061/avr8-gnu-toolchain/bin/../lib/gcc/avr/4.8.1/avr6\libgcc.a(_clear_bss.o)
 .text.libgcc.div
                0x00000000        0x0 c:/program files (x86)/atmel/atmel toolchain/avr8 gcc/native/3.4.1061/avr8-gnu-toolchain/bin/../lib/gcc/avr/4.8.1/avr6\libgcc.a(_clear_bss.o)
 .text.libgcc   0x00000000        0x0 c:/program files (x86)/atmel/atmel toolchain/avr8 gcc/native/3.4.1061/avr8-gnu-toolchain/bin/../lib/gcc/avr/4.8.1/avr6\libgcc.a(_clear_bss.o)
 .text.libgcc.prologue
                0x00000000        0x0 c:/program files (x86)/atmel/atmel toolchain/avr8 gcc/native/3.4.1061/avr8-gnu-toolchain/bin/../lib/gcc/avr/4.8.1/avr6\libgcc.a(_clear_bss.o)
 .text.libgcc.builtins
                0x00000000        0x0 c:/program files (x86)/atmel/atmel toolchain/avr8 gcc/native/3.4.1061/avr8-gnu-toolchain/bin/../lib/gcc/avr/4.8.1/avr6\libgcc.a(_clear_bss.o)
 .text.libgcc.fmul
                0x00000000        0x0 c:/program files (x86)/atmel/atmel toolchain/avr8 gcc/native/3.4.1061/avr8-gnu-toolchain/bin/../lib/gcc/avr/4.8.1/avr6\libgcc.a(_clear_bss.o)
 .text.libgcc.fixed
                0x00000000        0x0 c:/program files (x86)/atmel/atmel toolchain/avr8 gcc/native/3.4.1061/avr8-gnu-toolchain/bin/../lib/gcc/avr/4.8.1/avr6\libgcc.a(_clear_bss.o)
 .text          0x00000000        0x0 c:/program files (x86)/atmel/atmel toolchain/avr8 gcc/native/3.4.1061/avr8-gnu-toolchain/bin/../lib/gcc/avr/4.8.1/avr6\libgcc.a(_umulhisi3.o)
 .data          0x00000000        0x0 c:/program files (x86)/atmel/atmel toolchain/avr8 gcc/native/3.4.1061/avr8-gnu-toolchain/bin/../lib/gcc/avr/4.8.1/avr6\libgcc.a(_umulhisi3.o)
 .bss           0x00000000        0x0 c:/program files (x86)/atmel/atmel toolchain/avr8 gcc/native/3.4.1061/avr8-gnu-toolchain/bin/../lib/gcc/avr/4.8.1/avr6\libgcc.a(_umulhisi3.o)
 .text.libgcc.div
                0x00000000        0x0 c:/program files (x86)/atmel/atmel toolchain/avr8 gcc/native/3.4.1061/avr8-gnu-toolchain/bin/../lib/gcc/avr/4.8.1/avr6\libgcc.a(_umulhisi3.o)
 .text.libgcc   0x00000000        0x0 c:/program files (x86)/atmel/atmel toolchain/avr8 gcc/native/3.4.1061/avr8-gnu-toolchain/bin/../lib/gcc/avr/4.8.1/avr6\libgcc.a(_umulhisi3.o)
 .text.libgcc.prologue
                0x00000000        0x0 c:/program files (x86)/atmel/atmel toolchain/avr8 gcc/native/3.4.1061/avr8-gnu-toolchain/bin/../lib/gcc/avr/4.8.1/avr6\libgcc.a(_umulhisi3.o)
 .text.libgcc.builtins
                0x00000000        0x0 c:/program files (x86)/atmel/atmel toolchain/avr8 gcc/native/3.4.1061/avr8-gnu-toolchain/bin/../lib/gcc/avr/4.8.1/avr6\libgcc.a(_umulhisi3.o)
 .text.libgcc.fmul
                0x00000000        0x0 c:/program files (x86)/atmel/atmel toolchain/avr8 gcc/native/3.4.1061/avr8-gnu-toolchain/bin/../lib/gcc/avr/4.8.1/avr6\libgcc.a(_umulhisi3.o)
 .text.libgcc.fixed
                0x00000000        0x0 c:/program files (x86)/atmel/atmel toolchain/avr8 gcc/native/3.4.1061/avr8-gnu-toolchain/bin/../lib/gcc/avr/4.8.1/avr6\libgcc.a(_umulhisi3.o)
 .text          0x00000000        0x0 c:/program files (x86)/atmel/atmel toolchain/avr8 gcc/native/3.4.1061/avr8-gnu-toolchain/bin/../lib/gcc/avr/4.8.1/avr6\libgcc.a(_udivmodhi4.o)
 .data          0x00000000        0x0 c:/program files (x86)/atmel/atmel toolchain/avr8 gcc/native/3.4.1061/avr8-gnu-toolchain/bin/../lib/gcc/avr/4.8.1/avr6\libgcc.a(_udivmodhi4.o)
 .bss           0x00000000        0x0 c:/program files (x86)/atmel/atmel toolchain/avr8 gcc/native/3.4.1061/avr8-gnu-toolchain/bin/../lib/gcc/avr/4.8.1/avr6\libgcc.a(_udivmodhi4.o)
 .text.libgcc.mul
                0x00000000        0x0 c:/program files (x86)/atmel/atmel toolchain/avr8 gcc/native/3.4.1061/avr8-gnu-toolchain/bin/../lib/gcc/avr/4.8.1/avr6\libgcc.a(_udivmodhi4.o)
 .text.libgcc   0x00000000        0x0 c:/program files (x86)/atmel/atmel toolchain/avr8 gcc/native/3.4.1061/avr8-gnu-toolchain/bin/../lib/gcc/avr/4.8.1/avr6\libgcc.a(_udivmodhi4.o)
 .text.libgcc.prologue
                0x00000000        0x0 c:/program files (x86)/atmel/atmel toolchain/avr8 gcc/native/3.4.1061/avr8-gnu-toolchain/bin/../lib/gcc/avr/4.8.1/avr6\libgcc.a(_udivmodhi4.o)
 .text.libgcc.builtins
                0x00000000        0x0 c:/program files (x86)/atmel/atmel toolchain/avr8 gcc/native/3.4.1061/avr8-gnu-toolchain/bin/../lib/gcc/avr/4.8.1/avr6\libgcc.a(_udivmodhi4.o)
 .text.libgcc.fmul
                0x00000000        0x0 c:/program files (x86)/atmel/atmel toolchain/avr8 gcc/native/3.4.1061/avr8-gnu-toolchain/bin/../lib/gcc/avr/4.8.1/avr6\libgcc.a(_udivmodhi4.o)
 .text.libgcc.fixed
                0x00000000        0x0 c:/program files (x86)/atmel/atmel toolchain/avr8 gcc/native/3.4.1061/avr8-gnu-toolchain/bin/../lib/gcc/avr/4.8.1/avr6\libgcc.a(_udivmodhi4.o)
 .text          0x00000000        0x0 c:/program files (x86)/atmel/atmel toolchain/avr8 gcc/native/3.4.1061/avr8-gnu-toolchain/bin/../lib/gcc/avr/4.8.1/../../../../avr/lib/avr6\libc.a(ftoa_engine.o)
 .data          0x00000000        0x0 c:/program files (x86)/atmel/atmel toolchain/avr8 gcc/native/3.4.1061/avr8-gnu-toolchain/bin/../lib/gcc/avr/4.8.1/../../../../avr/lib/avr6\libc.a(ftoa_engine.o)
 .bss           0x00000000        0x0 c:/program files (x86)/atmel/atmel toolchain/avr8 gcc/native/3.4.1061/avr8-gnu-toolchain/bin/../lib/gcc/avr/4.8.1/../../../../avr/lib/avr6\libc.a(ftoa_engine.o)
 .text          0x00000000        0x0 c:/program files (x86)/atmel/atmel toolchain/avr8 gcc/native/3.4.1061/avr8-gnu-toolchain/bin/../lib/gcc/avr/4.8.1/../../../../avr/lib/avr6\libc.a(strnlen_P.o)
 .data          0x00000000        0x0 c:/program files (x86)/atmel/atmel toolchain/avr8 gcc/native/3.4.1061/avr8-gnu-toolchain/bin/../lib/gcc/avr/4.8.1/../../../../avr/lib/avr6\libc.a(strnlen_P.o)
 .bss           0x00000000        0x0 c:/program files (x86)/atmel/atmel toolchain/avr8 gcc/native/3.4.1061/avr8-gnu-toolchain/bin/../lib/gcc/avr/4.8.1/../../../../avr/lib/avr6\libc.a(strnlen_P.o)
 .text          0x00000000        0x0 c:/program files (x86)/atmel/atmel toolchain/avr8 gcc/native/3.4.1061/avr8-gnu-toolchain/bin/../lib/gcc/avr/4.8.1/../../../../avr/lib/avr6\libc.a(strnlen.o)
 .data          0x00000000        0x0 c:/program files (x86)/atmel/atmel toolchain/avr8 gcc/native/3.4.1061/avr8-gnu-toolchain/bin/../lib/gcc/avr/4.8.1/../../../../avr/lib/avr6\libc.a(strnlen.o)
 .bss           0x00000000        0x0 c:/program files (x86)/atmel/atmel toolchain/avr8 gcc/native/3.4.1061/avr8-gnu-toolchain/bin/../lib/gcc/avr/4.8.1/../../../../avr/lib/avr6\libc.a(strnlen.o)
 .text          0x00000000        0x0 c:/program files (x86)/atmel/atmel toolchain/avr8 gcc/native/3.4.1061/avr8-gnu-toolchain/bin/../lib/gcc/avr/4.8.1/../../../../avr/lib/avr6\libc.a(fputc.o)
 .data          0x00000000        0x0 c:/program files (x86)/atmel/atmel toolchain/avr8 gcc/native/3.4.1061/avr8-gnu-toolchain/bin/../lib/gcc/avr/4.8.1/../../../../avr/lib/avr6\libc.a(fputc.o)
 .bss           0x00000000        0x0 c:/program files (x86)/atmel/atmel toolchain/avr8 gcc/native/3.4.1061/avr8-gnu-toolchain/bin/../lib/gcc/avr/4.8.1/../../../../avr/lib/avr6\libc.a(fputc.o)
 .text          0x00000000        0x0 c:/program files (x86)/atmel/atmel toolchain/avr8 gcc/native/3.4.1061/avr8-gnu-toolchain/bin/../lib/gcc/avr/4.8.1/../../../../avr/lib/avr6\libc.a(iob.o)
 .data          0x00000000        0x0 c:/program files (x86)/atmel/atmel toolchain/avr8 gcc/native/3.4.1061/avr8-gnu-toolchain/bin/../lib/gcc/avr/4.8.1/../../../../avr/lib/avr6\libc.a(iob.o)
 .bss           0x00000000        0x0 c:/program files (x86)/atmel/atmel toolchain/avr8 gcc/native/3.4.1061/avr8-gnu-toolchain/bin/../lib/gcc/avr/4.8.1/../../../../avr/lib/avr6\libc.a(iob.o)
 .text          0x00000000        0x0 c:/program files (x86)/atmel/atmel toolchain/avr8 gcc/native/3.4.1061/avr8-gnu-toolchain/bin/../lib/gcc/avr/4.8.1/../../../../avr/lib/avr6\libc.a(printf.o)
 .data          0x00000000        0x0 c:/program files (x86)/atmel/atmel toolchain/avr8 gcc/native/3.4.1061/avr8-gnu-toolchain/bin/../lib/gcc/avr/4.8.1/../../../../avr/lib/avr6\libc.a(printf.o)
 .bss           0x00000000        0x0 c:/program files (x86)/atmel/atmel toolchain/avr8 gcc/native/3.4.1061/avr8-gnu-toolchain/bin/../lib/gcc/avr/4.8.1/../../../../avr/lib/avr6\libc.a(printf.o)
 .text          0x00000000        0x0 c:/program files (x86)/atmel/atmel toolchain/avr8 gcc/native/3.4.1061/avr8-gnu-toolchain/bin/../lib/gcc/avr/4.8.1/../../../../avr/lib/avr6\libc.a(puts.o)
 .data          0x00000000        0x0 c:/program files (x86)/atmel/atmel toolchain/avr8 gcc/native/3.4.1061/avr8-gnu-toolchain/bin/../lib/gcc/avr/4.8.1/../../../../avr/lib/avr6\libc.a(puts.o)
 .bss           0x00000000        0x0 c:/program files (x86)/atmel/atmel toolchain/avr8 gcc/native/3.4.1061/avr8-gnu-toolchain/bin/../lib/gcc/avr/4.8.1/../../../../avr/lib/avr6\libc.a(puts.o)
 .text          0x00000000        0x0 c:/program files (x86)/atmel/atmel toolchain/avr8 gcc/native/3.4.1061/avr8-gnu-toolchain/bin/../lib/gcc/avr/4.8.1/../../../../avr/lib/avr6\libc.a(ultoa_invert.o)
 .data          0x00000000        0x0 c:/program files (x86)/atmel/atmel toolchain/avr8 gcc/native/3.4.1061/avr8-gnu-toolchain/bin/../lib/gcc/avr/4.8.1/../../../../avr/lib/avr6\libc.a(ultoa_invert.o)
 .bss           0x00000000        0x0 c:/program files (x86)/atmel/atmel toolchain/avr8 gcc/native/3.4.1061/avr8-gnu-toolchain/bin/../lib/gcc/avr/4.8.1/../../../../avr/lib/avr6\libc.a(ultoa_invert.o)

Memory Configuration

Name             Origin             Length             Attributes
text             0x00000000         0x00100000         xr
data             0x00800200         0x0000fe00         rw !x
eeprom           0x00810000         0x00010000         rw !x
fuse             0x00820000         0x00000400         rw !x
lock             0x00830000         0x00000400         rw !x
signature        0x00840000         0x00000400         rw !x
user_signatures  0x00850000         0x00000400         rw !x
*default*        0x00000000         0xffffffff

Linker script and memory map

Address of section .data set to 0x800200
LOAD c:/program files (x86)/atmel/atmel toolchain/avr8 gcc/native/3.4.1061/avr8-gnu-toolchain/bin/../lib/gcc/avr/4.8.1/../../../../avr/lib/avr6/crtm2560.o
LOAD Controller/pi.o
LOAD Drivers/ADC_driver/adc_driver.o
LOAD Drivers/Can_driver/can_driver.o
LOAD Drivers/IR_driver/ir_driver.o
LOAD Drivers/MAX520_driver/max520_driver.o
LOAD Drivers/MCP2515_driver/mcp2515_driver.o
LOAD Drivers/Motor_driver/motor_driver.o
LOAD Drivers/Music_driver/music_driver.o
LOAD Drivers/PWM_driver/pwm_driver.o
LOAD Drivers/Solenoid_driver/solenoid_driver.o
LOAD Drivers/SPI_driver/spi_driver.o
LOAD Drivers/Uart_driver/uart_driver.o
LOAD Node2.o
LOAD Tests/test_node_2.o
LOAD Timer/timer.o
LOAD TWI/TWI_Master.o
START GROUP
LOAD c:/program files (x86)/atmel/atmel toolchain/avr8 gcc/native/3.4.1061/avr8-gnu-toolchain/bin/../lib/gcc/avr/4.8.1/../../../../avr/lib/avr6\libm.a
END GROUP
LOAD c:/program files (x86)/atmel/atmel toolchain/avr8 gcc/native/3.4.1061/avr8-gnu-toolchain/bin/../lib/gcc/avr/4.8.1/../../../../avr/lib/avr6\libprintf_flt.a
LOAD c:/program files (x86)/atmel/atmel toolchain/avr8 gcc/native/3.4.1061/avr8-gnu-toolchain/bin/../lib/gcc/avr/4.8.1/../../../../avr/lib/avr6\libm.a
START GROUP
LOAD c:/program files (x86)/atmel/atmel toolchain/avr8 gcc/native/3.4.1061/avr8-gnu-toolchain/bin/../lib/gcc/avr/4.8.1/avr6\libgcc.a
LOAD c:/program files (x86)/atmel/atmel toolchain/avr8 gcc/native/3.4.1061/avr8-gnu-toolchain/bin/../lib/gcc/avr/4.8.1/../../../../avr/lib/avr6\libm.a
LOAD c:/program files (x86)/atmel/atmel toolchain/avr8 gcc/native/3.4.1061/avr8-gnu-toolchain/bin/../lib/gcc/avr/4.8.1/../../../../avr/lib/avr6\libc.a
END GROUP

.hash
 *(.hash)

.dynsym
 *(.dynsym)

.dynstr
 *(.dynstr)

.gnu.version
 *(.gnu.version)

.gnu.version_d
 *(.gnu.version_d)

.gnu.version_r
 *(.gnu.version_r)

.rel.init
 *(.rel.init)

.rela.init
 *(.rela.init)

.rel.text
 *(.rel.text)
 *(.rel.text.*)
 *(.rel.gnu.linkonce.t*)

.rela.text
 *(.rela.text)
 *(.rela.text.*)
 *(.rela.gnu.linkonce.t*)

.rel.fini
 *(.rel.fini)

.rela.fini
 *(.rela.fini)

.rel.rodata
 *(.rel.rodata)
 *(.rel.rodata.*)
 *(.rel.gnu.linkonce.r*)

.rela.rodata
 *(.rela.rodata)
 *(.rela.rodata.*)
 *(.rela.gnu.linkonce.r*)

.rel.data
 *(.rel.data)
 *(.rel.data.*)
 *(.rel.gnu.linkonce.d*)

.rela.data
 *(.rela.data)
 *(.rela.data.*)
 *(.rela.gnu.linkonce.d*)

.rel.ctors
 *(.rel.ctors)

.rela.ctors
 *(.rela.ctors)

.rel.dtors
 *(.rel.dtors)

.rela.dtors
 *(.rela.dtors)

.rel.got
 *(.rel.got)

.rela.got
 *(.rela.got)

.rel.bss
 *(.rel.bss)

.rela.bss
 *(.rela.bss)

.rel.plt
 *(.rel.plt)

.rela.plt
 *(.rela.plt)

.text           0x00000000    0x12738
 *(.vectors)
 .vectors       0x00000000       0xe4 c:/program files (x86)/atmel/atmel toolchain/avr8 gcc/native/3.4.1061/avr8-gnu-toolchain/bin/../lib/gcc/avr/4.8.1/../../../../avr/lib/avr6/crtm2560.o
                0x00000000                __vector_default
                0x00000000                __vectors
 *(.vectors)
 *(.progmem.gcc*)
 .progmem.gcc_sw_table.__vector_23
                0x000000e4       0x10 Drivers/Music_driver/music_driver.o
 .progmem.gcc_sw_table.__vector_39
                0x000000f4       0xa2 TWI/TWI_Master.o
                0x00000196                . = ALIGN (0x2)
                0x00000196                __trampolines_start = .
 *(.trampolines)
 .trampolines   0x00000196        0x0 linker stubs
 *(.trampolines*)
                0x00000196                __trampolines_end = .
 *(.progmem*)
 .progmem.data.astley8_data
                0x00000196     0x2120 Drivers/Music_driver/music_driver.o
                0x00000196                astley8_data
 .progmem.data.astley7_data
                0x000022b6     0x2120 Drivers/Music_driver/music_driver.o
                0x000022b6                astley7_data
 .progmem.data.astley6_data
                0x000043d6     0x2120 Drivers/Music_driver/music_driver.o
                0x000043d6                astley6_data
 .progmem.data.astley5_data
                0x000064f6     0x2120 Drivers/Music_driver/music_driver.o
                0x000064f6                astley5_data
 .progmem.data.astley4_data
                0x00008616     0x2120 Drivers/Music_driver/music_driver.o
                0x00008616                astley4_data
 .progmem.data.astley3_data
                0x0000a736     0x2120 Drivers/Music_driver/music_driver.o
                0x0000a736                astley3_data
 .progmem.data.astley2_data
                0x0000c856     0x2120 Drivers/Music_driver/music_driver.o
                0x0000c856                astley2_data
 .progmem.data.astley1_data
                0x0000e976     0x2120 Drivers/Music_driver/music_driver.o
                0x0000e976                astley1_data
 .progmem.data  0x00010a96        0x8 c:/program files (x86)/atmel/atmel toolchain/avr8 gcc/native/3.4.1061/avr8-gnu-toolchain/bin/../lib/gcc/avr/4.8.1/../../../../avr/lib/avr6\libprintf_flt.a(vfprintf_flt.o)
 .progmem.data  0x00010a9e       0xfa c:/program files (x86)/atmel/atmel toolchain/avr8 gcc/native/3.4.1061/avr8-gnu-toolchain/bin/../lib/gcc/avr/4.8.1/../../../../avr/lib/avr6\libc.a(ftoa_engine.o)
                0x00010b98                . = ALIGN (0x2)
 *(.jumptables)
 *(.jumptables*)
 *(.lowtext)
 *(.lowtext*)
                0x00010b98                __ctors_start = .
 *(.ctors)
                0x00010b98                __ctors_end = .
                0x00010b98                __dtors_start = .
 *(.dtors)
                0x00010b98                __dtors_end = .
 SORT(*)(.ctors)
 SORT(*)(.dtors)
 *(.init0)
 .init0         0x00010b98        0x0 c:/program files (x86)/atmel/atmel toolchain/avr8 gcc/native/3.4.1061/avr8-gnu-toolchain/bin/../lib/gcc/avr/4.8.1/../../../../avr/lib/avr6/crtm2560.o
                0x00010b98                __init
 *(.init0)
 *(.init1)
 *(.init1)
 *(.init2)
 .init2         0x00010b98       0x10 c:/program files (x86)/atmel/atmel toolchain/avr8 gcc/native/3.4.1061/avr8-gnu-toolchain/bin/../lib/gcc/avr/4.8.1/../../../../avr/lib/avr6/crtm2560.o
 *(.init2)
 *(.init3)
 *(.init3)
 *(.init4)
 .init4         0x00010ba8       0x1a c:/program files (x86)/atmel/atmel toolchain/avr8 gcc/native/3.4.1061/avr8-gnu-toolchain/bin/../lib/gcc/avr/4.8.1/avr6\libgcc.a(_copy_data.o)
                0x00010ba8                __do_copy_data
 .init4         0x00010bc2       0x10 c:/program files (x86)/atmel/atmel toolchain/avr8 gcc/native/3.4.1061/avr8-gnu-toolchain/bin/../lib/gcc/avr/4.8.1/avr6\libgcc.a(_clear_bss.o)
                0x00010bc2                __do_clear_bss
 *(.init4)
 *(.init5)
 *(.init5)
 *(.init6)
 *(.init6)
 *(.init7)
 *(.init7)
 *(.init8)
 *(.init8)
 *(.init9)
 .init9         0x00010bd2        0x6 c:/program files (x86)/atmel/atmel toolchain/avr8 gcc/native/3.4.1061/avr8-gnu-toolchain/bin/../lib/gcc/avr/4.8.1/../../../../avr/lib/avr6/crtm2560.o
 *(.init9)
 *(.text)
 .text          0x00010bd8        0x4 c:/program files (x86)/atmel/atmel toolchain/avr8 gcc/native/3.4.1061/avr8-gnu-toolchain/bin/../lib/gcc/avr/4.8.1/../../../../avr/lib/avr6/crtm2560.o
                0x00010bd8                __vector_38
                0x00010bd8                __vector_22
                0x00010bd8                __vector_28
                0x00010bd8                __vector_1
                0x00010bd8                __vector_32
                0x00010bd8                __vector_34
                0x00010bd8                __vector_24
                0x00010bd8                __vector_12
                0x00010bd8                __vector_55
                0x00010bd8                __vector_46
                0x00010bd8                __bad_interrupt
                0x00010bd8                __vector_6
                0x00010bd8                __vector_31
                0x00010bd8                __vector_35
                0x00010bd8                __vector_3
                0x00010bd8                __vector_30
                0x00010bd8                __vector_45
                0x00010bd8                __vector_25
                0x00010bd8                __vector_11
                0x00010bd8                __vector_54
                0x00010bd8                __vector_13
                0x00010bd8                __vector_17
                0x00010bd8                __vector_19
                0x00010bd8                __vector_56
                0x00010bd8                __vector_7
                0x00010bd8                __vector_49
                0x00010bd8                __vector_41
                0x00010bd8                __vector_43
                0x00010bd8                __vector_27
                0x00010bd8                __vector_5
                0x00010bd8                __vector_33
                0x00010bd8                __vector_52
                0x00010bd8                __vector_37
                0x00010bd8                __vector_4
                0x00010bd8                __vector_44
                0x00010bd8                __vector_51
                0x00010bd8                __vector_9
                0x00010bd8                __vector_2
                0x00010bd8                __vector_21
                0x00010bd8                __vector_15
                0x00010bd8                __vector_36
                0x00010bd8                __vector_29
                0x00010bd8                __vector_40
                0x00010bd8                __vector_8
                0x00010bd8                __vector_26
                0x00010bd8                __vector_48
                0x00010bd8                __vector_14
                0x00010bd8                __vector_53
                0x00010bd8                __vector_10
                0x00010bd8                __vector_50
                0x00010bd8                __vector_16
                0x00010bd8                __vector_18
                0x00010bd8                __vector_20
                0x00010bd8                __vector_42
                0x00010bdc                . = ALIGN (0x2)
 *(.text.*)
 .text.pi_calibrate
                0x00010bdc       0xbe Controller/pi.o
                0x00010bdc                pi_calibrate
 .text.pi_update_posref
                0x00010c9a       0x52 Controller/pi.o
                0x00010c9a                pi_update_posref
 .text.pi_init  0x00010cec       0x32 Controller/pi.o
                0x00010cec                pi_init
 .text.pi_update
                0x00010d1e       0xe0 Controller/pi.o
                0x00010d1e                pi_update
 .text.adc_init
                0x00010dfe       0x1c Drivers/ADC_driver/adc_driver.o
                0x00010dfe                adc_init
 .text.adc_read
                0x00010e1a       0x22 Drivers/ADC_driver/adc_driver.o
                0x00010e1a                adc_read
 .text.can_init
                0x00010e3c       0x40 Drivers/Can_driver/can_driver.o
                0x00010e3c                can_init
 .text.can_transmit_complete
                0x00010e7c       0x14 Drivers/Can_driver/can_driver.o
                0x00010e7c                can_transmit_complete
 .text.can_message_send
                0x00010e90       0x6c Drivers/Can_driver/can_driver.o
                0x00010e90                can_message_send
 .text.can_data_receive
                0x00010efc       0xce Drivers/Can_driver/can_driver.o
                0x00010efc                can_data_receive
 .text.can_handle_message
                0x00010fca       0x8a Drivers/Can_driver/can_driver.o
                0x00010fca                can_handle_message
 .text.can_ir_transmit
                0x00011054       0x22 Drivers/Can_driver/can_driver.o
                0x00011054                can_ir_transmit
 .text.ir_obstructed
                0x00011076       0x64 Drivers/IR_driver/ir_driver.o
                0x00011076                ir_obstructed
 .text.ir_filter_init
                0x000110da        0xe Drivers/IR_driver/ir_driver.o
                0x000110da                ir_filter_init
 .text.ir_edge_detected
                0x000110e8       0x1a Drivers/IR_driver/ir_driver.o
                0x000110e8                ir_edge_detected
 .text.max520_init
                0x00011102       0x10 Drivers/MAX520_driver/max520_driver.o
                0x00011102                max520_init
 .text.max520_write
                0x00011112       0x30 Drivers/MAX520_driver/max520_driver.o
                0x00011112                max520_write
 .text.mcp2515_write
                0x00011142       0x1e Drivers/MCP2515_driver/mcp2515_driver.o
                0x00011142                mcp2515_write
 .text.mcp2515_request_to_send
                0x00011160       0x1a Drivers/MCP2515_driver/mcp2515_driver.o
                0x00011160                mcp2515_request_to_send
 .text.mcp2515_bit_modify
                0x0001117a       0x28 Drivers/MCP2515_driver/mcp2515_driver.o
                0x0001117a                mcp2515_bit_modify
 .text.mcp2515_reset
                0x000111a2        0xa Drivers/MCP2515_driver/mcp2515_driver.o
                0x000111a2                mcp2515_reset
 .text.mcp2515_read
                0x000111ac       0x1a Drivers/MCP2515_driver/mcp2515_driver.o
                0x000111ac                mcp2515_read
 .text.mcp2515_init
                0x000111c6       0x2c Drivers/MCP2515_driver/mcp2515_driver.o
                0x000111c6                mcp2515_init
 .text.motor_output_enable
                0x000111f2       0x14 Drivers/Motor_driver/motor_driver.o
                0x000111f2                motor_output_enable
 .text.motor_encoder_reset
                0x00011206        0xe Drivers/Motor_driver/motor_driver.o
                0x00011206                motor_encoder_reset
 .text.motor_encoder_select_byte
                0x00011214       0x14 Drivers/Motor_driver/motor_driver.o
                0x00011214                motor_encoder_select_byte
 .text.motor_enable
                0x00011228        0xc Drivers/Motor_driver/motor_driver.o
                0x00011228                motor_enable
 .text.motor_direction
                0x00011234        0xc Drivers/Motor_driver/motor_driver.o
                0x00011234                motor_direction
 .text.motor_speed
                0x00011240       0x38 Drivers/Motor_driver/motor_driver.o
                0x00011240                motor_speed
 .text.motor_init
                0x00011278       0x24 Drivers/Motor_driver/motor_driver.o
                0x00011278                motor_init
 .text.reverse_bits
                0x0001129c       0x24 Drivers/Motor_driver/motor_driver.o
                0x0001129c                reverse_bits
 .text.motor_encoder_read
                0x000112c0       0x3c Drivers/Motor_driver/motor_driver.o
                0x000112c0                motor_encoder_read
 .text.music_init
                0x000112fc       0x38 Drivers/Music_driver/music_driver.o
                0x000112fc                music_init
 .text.__vector_23
                0x00011334      0x1c0 Drivers/Music_driver/music_driver.o
                0x00011334                __vector_23
 .text.pwm_init
                0x000114f4       0x4e Drivers/PWM_driver/pwm_driver.o
                0x000114f4                pwm_init
 .text.pwm_set_servo
                0x00011542       0x36 Drivers/PWM_driver/pwm_driver.o
                0x00011542                pwm_set_servo
 .text.solenoid_init
                0x00011578        0xc Drivers/Solenoid_driver/solenoid_driver.o
                0x00011578                solenoid_init
 .text.solenoid_out
                0x00011584        0xa Drivers/Solenoid_driver/solenoid_driver.o
                0x00011584                solenoid_out
 .text.solenoid_in
                0x0001158e       0x1c Drivers/Solenoid_driver/solenoid_driver.o
                0x0001158e                solenoid_in
 .text.spi_init
                0x000115aa       0x10 Drivers/SPI_driver/spi_driver.o
                0x000115aa                spi_init
 .text.spi_send
                0x000115ba        0xa Drivers/SPI_driver/spi_driver.o
                0x000115ba                spi_send
 .text.spi_read
                0x000115c4        0xe Drivers/SPI_driver/spi_driver.o
                0x000115c4                spi_read
 .text.spi_select
                0x000115d2        0x4 Drivers/SPI_driver/spi_driver.o
                0x000115d2                spi_select
 .text.spi_deselect
                0x000115d6        0x4 Drivers/SPI_driver/spi_driver.o
                0x000115d6                spi_deselect
 .text.uart_sendChar
                0x000115da       0x10 Drivers/Uart_driver/uart_driver.o
                0x000115da                uart_sendChar
 .text.uart_getChar
                0x000115ea       0x12 Drivers/Uart_driver/uart_driver.o
                0x000115ea                uart_getChar
 .text.uart_init
                0x000115fc       0x20 Drivers/Uart_driver/uart_driver.o
                0x000115fc                uart_init
 .text.main     0x0001161c       0x2a Node2.o
                0x0001161c                main
 .text.timer_enable
                0x00011646       0x12 Timer/timer.o
                0x00011646                timer_enable
 .text.timer_init
                0x00011658       0x3e Timer/timer.o
                0x00011658                timer_init
 .text.timer_disable
                0x00011696        0xc Timer/timer.o
                0x00011696                timer_disable
 .text.__vector_47
                0x000116a2       0x58 Timer/timer.o
                0x000116a2                __vector_47
 .text.TWI_Master_Initialise
                0x000116fa       0x14 TWI/TWI_Master.o
                0x000116fa                TWI_Master_Initialise
 .text.TWI_Start_Transceiver_With_Data
                0x0001170e       0x44 TWI/TWI_Master.o
                0x0001170e                TWI_Start_Transceiver_With_Data
 .text.__vector_39
                0x00011752      0x106 TWI/TWI_Master.o
                0x00011752                __vector_39
 .text.avr-libc.fplib
                0x00011858        0xa c:/program files (x86)/atmel/atmel toolchain/avr8 gcc/native/3.4.1061/avr8-gnu-toolchain/bin/../lib/gcc/avr/4.8.1/../../../../avr/lib/avr6\libm.a(addsf3.o)
                0x00011858                __subsf3
                0x0001185a                __addsf3
 .text.avr-libc.fplib
                0x00011862       0xc0 c:/program files (x86)/atmel/atmel toolchain/avr8 gcc/native/3.4.1061/avr8-gnu-toolchain/bin/../lib/gcc/avr/4.8.1/../../../../avr/lib/avr6\libm.a(addsf3x.o)
                0x0001187c                __addsf3x
 .text.avr-libc.fplib
                0x00011922        0x4 c:/program files (x86)/atmel/atmel toolchain/avr8 gcc/native/3.4.1061/avr8-gnu-toolchain/bin/../lib/gcc/avr/4.8.1/../../../../avr/lib/avr6\libm.a(divsf3.o)
                0x00011922                __divsf3
 .text.avr-libc.fplib
                0x00011926       0xcc c:/program files (x86)/atmel/atmel toolchain/avr8 gcc/native/3.4.1061/avr8-gnu-toolchain/bin/../lib/gcc/avr/4.8.1/../../../../avr/lib/avr6\libm.a(divsf3x.o)
                0x0001193c                __divsf3x
                0x00011940                __divsf3_pse
 .text.avr-libc.fplib
                0x000119f2        0xa c:/program files (x86)/atmel/atmel toolchain/avr8 gcc/native/3.4.1061/avr8-gnu-toolchain/bin/../lib/gcc/avr/4.8.1/../../../../avr/lib/avr6\libm.a(fixsfsi.o)
                0x000119f2                __fixsfsi
 .text.avr-libc.fplib
                0x000119fc       0x58 c:/program files (x86)/atmel/atmel toolchain/avr8 gcc/native/3.4.1061/avr8-gnu-toolchain/bin/../lib/gcc/avr/4.8.1/../../../../avr/lib/avr6\libm.a(fixunssfsi.o)
                0x000119fc                __fixunssfsi
 .text.avr-libc.fplib
                0x00011a54       0x7a c:/program files (x86)/atmel/atmel toolchain/avr8 gcc/native/3.4.1061/avr8-gnu-toolchain/bin/../lib/gcc/avr/4.8.1/../../../../avr/lib/avr6\libm.a(floatsisf.o)
                0x00011a54                __floatunsisf
                0x00011a58                __floatsisf
 .text.avr-libc.fplib
                0x00011ace        0xc c:/program files (x86)/atmel/atmel toolchain/avr8 gcc/native/3.4.1061/avr8-gnu-toolchain/bin/../lib/gcc/avr/4.8.1/../../../../avr/lib/avr6\libm.a(fp_inf.o)
                0x00011ace                __fp_inf
 .text.avr-libc.fplib
                0x00011ada        0x6 c:/program files (x86)/atmel/atmel toolchain/avr8 gcc/native/3.4.1061/avr8-gnu-toolchain/bin/../lib/gcc/avr/4.8.1/../../../../avr/lib/avr6\libm.a(fp_nan.o)
                0x00011ada                __fp_nan
 .text.avr-libc.fplib
                0x00011ae0        0xe c:/program files (x86)/atmel/atmel toolchain/avr8 gcc/native/3.4.1061/avr8-gnu-toolchain/bin/../lib/gcc/avr/4.8.1/../../../../avr/lib/avr6\libm.a(fp_pscA.o)
                0x00011ae0                __fp_pscA
 .text.avr-libc.fplib
                0x00011aee        0xe c:/program files (x86)/atmel/atmel toolchain/avr8 gcc/native/3.4.1061/avr8-gnu-toolchain/bin/../lib/gcc/avr/4.8.1/../../../../avr/lib/avr6\libm.a(fp_pscB.o)
                0x00011aee                __fp_pscB
 .text.avr-libc.fplib
                0x00011afc       0x22 c:/program files (x86)/atmel/atmel toolchain/avr8 gcc/native/3.4.1061/avr8-gnu-toolchain/bin/../lib/gcc/avr/4.8.1/../../../../avr/lib/avr6\libm.a(fp_round.o)
                0x00011afc                __fp_round
 .text.avr-libc.fplib
                0x00011b1e       0x44 c:/program files (x86)/atmel/atmel toolchain/avr8 gcc/native/3.4.1061/avr8-gnu-toolchain/bin/../lib/gcc/avr/4.8.1/../../../../avr/lib/avr6\libm.a(fp_split3.o)
                0x00011b1e                __fp_split3
                0x00011b2e                __fp_splitA
 .text.avr-libc.fplib
                0x00011b62        0xe c:/program files (x86)/atmel/atmel toolchain/avr8 gcc/native/3.4.1061/avr8-gnu-toolchain/bin/../lib/gcc/avr/4.8.1/../../../../avr/lib/avr6\libm.a(fp_zero.o)
                0x00011b62                __fp_zero
                0x00011b64                __fp_szero
 .text.avr-libc.fplib
                0x00011b70        0x4 c:/program files (x86)/atmel/atmel toolchain/avr8 gcc/native/3.4.1061/avr8-gnu-toolchain/bin/../lib/gcc/avr/4.8.1/../../../../avr/lib/avr6\libm.a(mulsf3.o)
                0x00011b70                __mulsf3
 .text.avr-libc.fplib
                0x00011b74       0xc2 c:/program files (x86)/atmel/atmel toolchain/avr8 gcc/native/3.4.1061/avr8-gnu-toolchain/bin/../lib/gcc/avr/4.8.1/../../../../avr/lib/avr6\libm.a(mulsf3x.o)
                0x00011b88                __mulsf3x
                0x00011b8c                __mulsf3_pse
 .text.avr-libc
                0x00011c36      0x70e c:/program files (x86)/atmel/atmel toolchain/avr8 gcc/native/3.4.1061/avr8-gnu-toolchain/bin/../lib/gcc/avr/4.8.1/../../../../avr/lib/avr6\libprintf_flt.a(vfprintf_flt.o)
                0x00011c36                vfprintf
 .text.libgcc.div
                0x00012344       0x26 c:/program files (x86)/atmel/atmel toolchain/avr8 gcc/native/3.4.1061/avr8-gnu-toolchain/bin/../lib/gcc/avr/4.8.1/avr6\libgcc.a(_divmodhi4.o)
                0x00012344                _div
                0x00012344                __divmodhi4
 .text.libgcc   0x0001236a        0xc c:/program files (x86)/atmel/atmel toolchain/avr8 gcc/native/3.4.1061/avr8-gnu-toolchain/bin/../lib/gcc/avr/4.8.1/avr6\libgcc.a(_tablejump.o)
                0x0001236a                __tablejump2__
                0x0001236e                __tablejump__
 .text.libgcc.mul
                0x00012376       0x1e c:/program files (x86)/atmel/atmel toolchain/avr8 gcc/native/3.4.1061/avr8-gnu-toolchain/bin/../lib/gcc/avr/4.8.1/avr6\libgcc.a(_umulhisi3.o)
                0x00012376                __umulhisi3
 .text.libgcc.div
                0x00012394       0x28 c:/program files (x86)/atmel/atmel toolchain/avr8 gcc/native/3.4.1061/avr8-gnu-toolchain/bin/../lib/gcc/avr/4.8.1/avr6\libgcc.a(_udivmodhi4.o)
                0x00012394                __udivmodhi4
 .text.avr-libc
                0x000123bc      0x1b0 c:/program files (x86)/atmel/atmel toolchain/avr8 gcc/native/3.4.1061/avr8-gnu-toolchain/bin/../lib/gcc/avr/4.8.1/../../../../avr/lib/avr6\libc.a(ftoa_engine.o)
                0x000123bc                __ftoa_engine
 .text.avr-libc
                0x0001256c       0x16 c:/program files (x86)/atmel/atmel toolchain/avr8 gcc/native/3.4.1061/avr8-gnu-toolchain/bin/../lib/gcc/avr/4.8.1/../../../../avr/lib/avr6\libc.a(strnlen_P.o)
                0x0001256c                strnlen_P
 .text.avr-libc
                0x00012582       0x16 c:/program files (x86)/atmel/atmel toolchain/avr8 gcc/native/3.4.1061/avr8-gnu-toolchain/bin/../lib/gcc/avr/4.8.1/../../../../avr/lib/avr6\libc.a(strnlen.o)
                0x00012582                strnlen
 .text.avr-libc
                0x00012598       0x64 c:/program files (x86)/atmel/atmel toolchain/avr8 gcc/native/3.4.1061/avr8-gnu-toolchain/bin/../lib/gcc/avr/4.8.1/../../../../avr/lib/avr6\libc.a(fputc.o)
                0x00012598                fputc
 .text.avr-libc
                0x000125fc       0x22 c:/program files (x86)/atmel/atmel toolchain/avr8 gcc/native/3.4.1061/avr8-gnu-toolchain/bin/../lib/gcc/avr/4.8.1/../../../../avr/lib/avr6\libc.a(printf.o)
                0x000125fc                printf
 .text.avr-libc
                0x0001261e       0x5a c:/program files (x86)/atmel/atmel toolchain/avr8 gcc/native/3.4.1061/avr8-gnu-toolchain/bin/../lib/gcc/avr/4.8.1/../../../../avr/lib/avr6\libc.a(puts.o)
                0x0001261e                puts
 .text.avr-libc
                0x00012678       0xbc c:/program files (x86)/atmel/atmel toolchain/avr8 gcc/native/3.4.1061/avr8-gnu-toolchain/bin/../lib/gcc/avr/4.8.1/../../../../avr/lib/avr6\libc.a(ultoa_invert.o)
                0x00012678                __ultoa_invert
                0x00012734                . = ALIGN (0x2)
 *(.fini9)
 .fini9         0x00012734        0x0 c:/program files (x86)/atmel/atmel toolchain/avr8 gcc/native/3.4.1061/avr8-gnu-toolchain/bin/../lib/gcc/avr/4.8.1/avr6\libgcc.a(_exit.o)
                0x00012734                _exit
                0x00012734                exit
 *(.fini9)
 *(.fini8)
 *(.fini8)
 *(.fini7)
 *(.fini7)
 *(.fini6)
 *(.fini6)
 *(.fini5)
 *(.fini5)
 *(.fini4)
 *(.fini4)
 *(.fini3)
 *(.fini3)
 *(.fini2)
 *(.fini2)
 *(.fini1)
 *(.fini1)
 *(.fini0)
 .fini0         0x00012734        0x4 c:/program files (x86)/atmel/atmel toolchain/avr8 gcc/native/3.4.1061/avr8-gnu-toolchain/bin/../lib/gcc/avr/4.8.1/avr6\libgcc.a(_exit.o)
 *(.fini0)
                0x00012738                _etext = .

.data           0x00800200       0xf2 load address 0x00012738
                0x00800200                PROVIDE (__data_start, .)
 *(.data)
 *(.data*)
 .data.uart_io  0x00800200        0xe Drivers/Uart_driver/uart_driver.o
 .data.TWI_state
                0x0080020e        0x1 TWI/TWI_Master.o
 *(.rodata)
 *(.rodata*)
 .rodata.str1.1
                0x0080020f       0x82 Drivers/Can_driver/can_driver.o
 .rodata.str1.1
                0x00800291       0x61 Drivers/MCP2515_driver/mcp2515_driver.o
 *(.gnu.linkonce.d*)
                0x008002f2                . = ALIGN (0x2)
                0x008002f2                _edata = .
                0x008002f2                PROVIDE (__data_end, .)

.bss            0x008002f2       0x5d
                0x008002f2                PROVIDE (__bss_start, .)
 *(.bss)
 *(.bss*)
 .bss.error.1783
                0x008002f2        0x4 Controller/pi.o
 .bss.ir_message.1851
                0x008002f6        0xb Drivers/Can_driver/can_driver.o
 .bss.message.1848
                0x00800301        0xb Drivers/Can_driver/can_driver.o
 .bss.current.1649
                0x0080030c        0x1 Drivers/IR_driver/ir_driver.o
 .bss.ringbuffer_filter.1640
                0x0080030d       0x20 Drivers/IR_driver/ir_driver.o
 .bss.ringbuffer_index.1641
                0x0080032d        0x1 Drivers/IR_driver/ir_driver.o
 .bss.twi_address
                0x0080032e        0x1 Drivers/MAX520_driver/max520_driver.o
 .bss.TWI_bufPtr.1535
                0x0080032f        0x1 TWI/TWI_Master.o
 .bss.TWI_statusReg
                0x00800330        0x1 TWI/TWI_Master.o
                0x00800330                TWI_statusReg
 .bss.TWI_msgSize
                0x00800331        0x1 TWI/TWI_Master.o
 .bss.TWI_buf   0x00800332        0x4 TWI/TWI_Master.o
 *(COMMON)
 COMMON         0x00800336        0xc Controller/pi.o
                0x00800336                max_position
                0x00800338                position
                0x0080033a                direction
                0x0080033b                posref
                0x0080033d                printvar
                0x0080033e                integral
 COMMON         0x00800342        0x2 Drivers/Can_driver/can_driver.o
                0x00800342                last_ir_val
                0x00800343                rx_flag
 COMMON         0x00800344        0x4 Drivers/Music_driver/music_driver.o
                0x00800344                sample_count
                0x00800345                astley_count
                0x00800346                sample
 COMMON         0x00800348        0x1 Drivers/Solenoid_driver/solenoid_driver.o
                0x00800348                solenoid_out_counter
 COMMON         0x00800349        0x6 c:/program files (x86)/atmel/atmel toolchain/avr8 gcc/native/3.4.1061/avr8-gnu-toolchain/bin/../lib/gcc/avr/4.8.1/../../../../avr/lib/avr6\libc.a(iob.o)
                0x00800349                __iob
                0x0080034f                PROVIDE (__bss_end, .)
                0x00012738                __data_load_start = LOADADDR (.data)
                0x0001282a                __data_load_end = (__data_load_start + SIZEOF (.data))

.noinit         0x0080034f        0x0
                0x0080034f                PROVIDE (__noinit_start, .)
 *(.noinit*)
                0x0080034f                PROVIDE (__noinit_end, .)
                0x0080034f                _end = .
                0x0080034f                PROVIDE (__heap_start, .)

.eeprom         0x00810000        0x0
 *(.eeprom*)
                0x00810000                __eeprom_end = .

.fuse
 *(.fuse)
 *(.lfuse)
 *(.hfuse)
 *(.efuse)

.lock
 *(.lock*)

.signature
 *(.signature*)

.user_signatures
 *(.user_signatures*)

.stab
 *(.stab)

.stabstr
 *(.stabstr)

.stab.excl
 *(.stab.excl)

.stab.exclstr
 *(.stab.exclstr)

.stab.index
 *(.stab.index)

.stab.indexstr
 *(.stab.indexstr)

.comment        0x00000000       0x5c
 *(.comment)
 .comment       0x00000000       0x30 Controller/pi.o
                                 0x31 (size before relaxing)
 .comment       0x00000000       0x31 Drivers/ADC_driver/adc_driver.o
 .comment       0x00000000       0x31 Drivers/Can_driver/can_driver.o
 .comment       0x00000000       0x31 Drivers/IR_driver/ir_driver.o
 .comment       0x00000000       0x31 Drivers/MAX520_driver/max520_driver.o
 .comment       0x00000000       0x31 Drivers/MCP2515_driver/mcp2515_driver.o
 .comment       0x00000000       0x31 Drivers/Motor_driver/motor_driver.o
 .comment       0x00000000       0x31 Drivers/Music_driver/music_driver.o
 .comment       0x00000000       0x31 Drivers/PWM_driver/pwm_driver.o
 .comment       0x00000000       0x31 Drivers/Solenoid_driver/solenoid_driver.o
 .comment       0x00000000       0x31 Drivers/SPI_driver/spi_driver.o
 .comment       0x00000000       0x31 Drivers/Uart_driver/uart_driver.o
 .comment       0x00000000       0x31 Node2.o
 .comment       0x00000000       0x31 Timer/timer.o
 .comment       0x00000000       0x31 TWI/TWI_Master.o
 .comment       0x00000030       0x2c c:/program files (x86)/atmel/atmel toolchain/avr8 gcc/native/3.4.1061/avr8-gnu-toolchain/bin/../lib/gcc/avr/4.8.1/../../../../avr/lib/avr6\libprintf_flt.a(vfprintf_flt.o)
                                 0x2d (size before relaxing)
 .comment       0x00000000       0x31 c:/program files (x86)/atmel/atmel toolchain/avr8 gcc/native/3.4.1061/avr8-gnu-toolchain/bin/../lib/gcc/avr/4.8.1/../../../../avr/lib/avr6\libc.a(fputc.o)
 .comment       0x00000000       0x31 c:/program files (x86)/atmel/atmel toolchain/avr8 gcc/native/3.4.1061/avr8-gnu-toolchain/bin/../lib/gcc/avr/4.8.1/../../../../avr/lib/avr6\libc.a(iob.o)
 .comment       0x00000000       0x31 c:/program files (x86)/atmel/atmel toolchain/avr8 gcc/native/3.4.1061/avr8-gnu-toolchain/bin/../lib/gcc/avr/4.8.1/../../../../avr/lib/avr6\libc.a(printf.o)
 .comment       0x00000000       0x31 c:/program files (x86)/atmel/atmel toolchain/avr8 gcc/native/3.4.1061/avr8-gnu-toolchain/bin/../lib/gcc/avr/4.8.1/../../../../avr/lib/avr6\libc.a(puts.o)

.note.gnu.build-id
 *(.note.gnu.build-id)

.debug
 *(.debug)

.line
 *(.line)

.debug_srcinfo
 *(.debug_srcinfo)

.debug_sfnames
 *(.debug_sfnames)

.debug_aranges  0x00000000      0x378
 *(.debug_aranges)
 .debug_aranges
                0x00000000       0x38 Controller/pi.o
 .debug_aranges
                0x00000038       0x28 Drivers/ADC_driver/adc_driver.o
 .debug_aranges
                0x00000060       0x58 Drivers/Can_driver/can_driver.o
 .debug_aranges
                0x000000b8       0x30 Drivers/IR_driver/ir_driver.o
 .debug_aranges
                0x000000e8       0x28 Drivers/MAX520_driver/max520_driver.o
 .debug_aranges
                0x00000110       0x60 Drivers/MCP2515_driver/mcp2515_driver.o
 .debug_aranges
                0x00000170       0x60 Drivers/Motor_driver/motor_driver.o
 .debug_aranges
                0x000001d0       0x28 Drivers/Music_driver/music_driver.o
 .debug_aranges
                0x000001f8       0x38 Drivers/PWM_driver/pwm_driver.o
 .debug_aranges
                0x00000230       0x30 Drivers/Solenoid_driver/solenoid_driver.o
 .debug_aranges
                0x00000260       0x40 Drivers/SPI_driver/spi_driver.o
 .debug_aranges
                0x000002a0       0x30 Drivers/Uart_driver/uart_driver.o
 .debug_aranges
                0x000002d0       0x20 Node2.o
 .debug_aranges
                0x000002f0       0x38 Timer/timer.o
 .debug_aranges
                0x00000328       0x50 TWI/TWI_Master.o

.debug_pubnames
 *(.debug_pubnames)

.debug_info     0x00000000     0x2702
 *(.debug_info .gnu.linkonce.wi.*)
 .debug_info    0x00000000      0x3ce Controller/pi.o
 .debug_info    0x000003ce       0xbe Drivers/ADC_driver/adc_driver.o
 .debug_info    0x0000048c      0x74e Drivers/Can_driver/can_driver.o
 .debug_info    0x00000bda      0x1a8 Drivers/IR_driver/ir_driver.o
 .debug_info    0x00000d82      0x152 Drivers/MAX520_driver/max520_driver.o
 .debug_info    0x00000ed4      0x548 Drivers/MCP2515_driver/mcp2515_driver.o
 .debug_info    0x0000141c      0x409 Drivers/Motor_driver/motor_driver.o
 .debug_info    0x00001825      0x3bc Drivers/Music_driver/music_driver.o
 .debug_info    0x00001be1      0x163 Drivers/PWM_driver/pwm_driver.o
 .debug_info    0x00001d44       0xbe Drivers/Solenoid_driver/solenoid_driver.o
 .debug_info    0x00001e02      0x109 Drivers/SPI_driver/spi_driver.o
 .debug_info    0x00001f0b      0x1ca Drivers/Uart_driver/uart_driver.o
 .debug_info    0x000020d5      0x22d Node2.o
 .debug_info    0x00002302      0x183 Timer/timer.o
 .debug_info    0x00002485      0x27d TWI/TWI_Master.o

.debug_abbrev   0x00000000     0x1281
 *(.debug_abbrev)
 .debug_abbrev  0x00000000      0x1d8 Controller/pi.o
 .debug_abbrev  0x000001d8       0x78 Drivers/ADC_driver/adc_driver.o
 .debug_abbrev  0x00000250      0x2b9 Drivers/Can_driver/can_driver.o
 .debug_abbrev  0x00000509      0x116 Drivers/IR_driver/ir_driver.o
 .debug_abbrev  0x0000061f       0xe8 Drivers/MAX520_driver/max520_driver.o
 .debug_abbrev  0x00000707      0x20b Drivers/MCP2515_driver/mcp2515_driver.o
 .debug_abbrev  0x00000912      0x1f9 Drivers/Motor_driver/motor_driver.o
 .debug_abbrev  0x00000b0b       0xbf Drivers/Music_driver/music_driver.o
 .debug_abbrev  0x00000bca       0xec Drivers/PWM_driver/pwm_driver.o
 .debug_abbrev  0x00000cb6       0x60 Drivers/Solenoid_driver/solenoid_driver.o
 .debug_abbrev  0x00000d16       0xa9 Drivers/SPI_driver/spi_driver.o
 .debug_abbrev  0x00000dbf      0x124 Drivers/Uart_driver/uart_driver.o
 .debug_abbrev  0x00000ee3      0x13a Node2.o
 .debug_abbrev  0x0000101d       0xd5 Timer/timer.o
 .debug_abbrev  0x000010f2      0x18f TWI/TWI_Master.o

.debug_line     0x00000000     0x1fa0
 *(.debug_line .debug_line.* .debug_line_end)
 .debug_line    0x00000000      0x273 Controller/pi.o
 .debug_line    0x00000273      0x105 Drivers/ADC_driver/adc_driver.o
 .debug_line    0x00000378      0x4a2 Drivers/Can_driver/can_driver.o
 .debug_line    0x0000081a      0x1a3 Drivers/IR_driver/ir_driver.o
 .debug_line    0x000009bd      0x134 Drivers/MAX520_driver/max520_driver.o
 .debug_line    0x00000af1      0x340 Drivers/MCP2515_driver/mcp2515_driver.o
 .debug_line    0x00000e31      0x319 Drivers/Motor_driver/motor_driver.o
 .debug_line    0x0000114a      0x23b Drivers/Music_driver/music_driver.o
 .debug_line    0x00001385      0x14b Drivers/PWM_driver/pwm_driver.o
 .debug_line    0x000014d0      0x121 Drivers/Solenoid_driver/solenoid_driver.o
 .debug_line    0x000015f1      0x151 Drivers/SPI_driver/spi_driver.o
 .debug_line    0x00001742      0x13c Drivers/Uart_driver/uart_driver.o
 .debug_line    0x0000187e      0x26a Node2.o
 .debug_line    0x00001ae8      0x1ef Timer/timer.o
 .debug_line    0x00001cd7      0x2c9 TWI/TWI_Master.o

.debug_frame    0x00000000      0x798
 *(.debug_frame)
 .debug_frame   0x00000000       0x88 Controller/pi.o
 .debug_frame   0x00000088       0x34 Drivers/ADC_driver/adc_driver.o
 .debug_frame   0x000000bc      0x160 Drivers/Can_driver/can_driver.o
 .debug_frame   0x0000021c       0x58 Drivers/IR_driver/ir_driver.o
 .debug_frame   0x00000274       0x4c Drivers/MAX520_driver/max520_driver.o
 .debug_frame   0x000002c0       0xfc Drivers/MCP2515_driver/mcp2515_driver.o
 .debug_frame   0x000003bc       0xc0 Drivers/Motor_driver/motor_driver.o
 .debug_frame   0x0000047c       0x64 Drivers/Music_driver/music_driver.o
 .debug_frame   0x000004e0       0x54 Drivers/PWM_driver/pwm_driver.o
 .debug_frame   0x00000534       0x44 Drivers/Solenoid_driver/solenoid_driver.o
 .debug_frame   0x00000578       0x64 Drivers/SPI_driver/spi_driver.o
 .debug_frame   0x000005dc       0x44 Drivers/Uart_driver/uart_driver.o
 .debug_frame   0x00000620       0x24 Node2.o
 .debug_frame   0x00000644       0x9c Timer/timer.o
 .debug_frame   0x000006e0       0xb8 TWI/TWI_Master.o

.debug_str      0x00000000      0x9e3
 *(.debug_str)
 .debug_str     0x00000000      0x205 Controller/pi.o
                                0x26e (size before relaxing)
 .debug_str     0x00000205       0x3d Drivers/ADC_driver/adc_driver.o
                                0x188 (size before relaxing)
 .debug_str     0x00000242      0x192 Drivers/Can_driver/can_driver.o
                                0x34b (size before relaxing)
 .debug_str     0x000003d4       0x7a Drivers/IR_driver/ir_driver.o
                                0x1e3 (size before relaxing)
 .debug_str     0x0000044e       0x94 Drivers/MAX520_driver/max520_driver.o
                                0x1ea (size before relaxing)
 .debug_str     0x000004e2       0xde Drivers/MCP2515_driver/mcp2515_driver.o
                                0x2de (size before relaxing)
 .debug_str     0x000005c0       0x8a Drivers/Motor_driver/motor_driver.o
                                0x278 (size before relaxing)
 .debug_str     0x0000064a      0x146 Drivers/Music_driver/music_driver.o
                                0x2ad (size before relaxing)
 .debug_str     0x00000790       0x43 Drivers/PWM_driver/pwm_driver.o
                                0x19f (size before relaxing)
 .debug_str     0x000007d3       0x5c Drivers/Solenoid_driver/solenoid_driver.o
                                0x1a6 (size before relaxing)
 .debug_str     0x0000082f       0x23 Drivers/SPI_driver/spi_driver.o
                                0x19d (size before relaxing)
 .debug_str     0x00000852       0x7b Drivers/Uart_driver/uart_driver.o
                                0x1c2 (size before relaxing)
 .debug_str     0x000008cd       0x1d Node2.o
                                0x21c (size before relaxing)
 .debug_str     0x000008ea       0x2a Timer/timer.o
                                0x1f0 (size before relaxing)
 .debug_str     0x00000914       0xcf TWI/TWI_Master.o
                                0x253 (size before relaxing)

.debug_loc      0x00000000     0x1211
 *(.debug_loc)
 .debug_loc     0x00000000      0x113 Controller/pi.o
 .debug_loc     0x00000113       0x21 Drivers/ADC_driver/adc_driver.o
 .debug_loc     0x00000134      0x474 Drivers/Can_driver/can_driver.o
 .debug_loc     0x000005a8       0xca Drivers/IR_driver/ir_driver.o
 .debug_loc     0x00000672       0xe5 Drivers/MAX520_driver/max520_driver.o
 .debug_loc     0x00000757      0x31d Drivers/MCP2515_driver/mcp2515_driver.o
 .debug_loc     0x00000a74      0x1f6 Drivers/Motor_driver/motor_driver.o
 .debug_loc     0x00000c6a      0x312 Drivers/Music_driver/music_driver.o
 .debug_loc     0x00000f7c       0x54 Drivers/PWM_driver/pwm_driver.o
 .debug_loc     0x00000fd0       0x26 Drivers/Uart_driver/uart_driver.o
 .debug_loc     0x00000ff6       0xcb Timer/timer.o
 .debug_loc     0x000010c1      0x150 TWI/TWI_Master.o

.debug_macinfo
 *(.debug_macinfo)

.debug_weaknames
 *(.debug_weaknames)

.debug_funcnames
 *(.debug_funcnames)

.debug_typenames
 *(.debug_typenames)

.debug_varnames
 *(.debug_varnames)

.debug_pubtypes
 *(.debug_pubtypes)

.debug_ranges   0x00000000      0x288
 *(.debug_ranges)
 .debug_ranges  0x00000000       0x28 Controller/pi.o
 .debug_ranges  0x00000028       0x18 Drivers/ADC_driver/adc_driver.o
 .debug_ranges  0x00000040       0x48 Drivers/Can_driver/can_driver.o
 .debug_ranges  0x00000088       0x20 Drivers/IR_driver/ir_driver.o
 .debug_ranges  0x000000a8       0x18 Drivers/MAX520_driver/max520_driver.o
 .debug_ranges  0x000000c0       0x50 Drivers/MCP2515_driver/mcp2515_driver.o
 .debug_ranges  0x00000110       0x50 Drivers/Motor_driver/motor_driver.o
 .debug_ranges  0x00000160       0x18 Drivers/Music_driver/music_driver.o
 .debug_ranges  0x00000178       0x28 Drivers/PWM_driver/pwm_driver.o
 .debug_ranges  0x000001a0       0x20 Drivers/Solenoid_driver/solenoid_driver.o
 .debug_ranges  0x000001c0       0x30 Drivers/SPI_driver/spi_driver.o
 .debug_ranges  0x000001f0       0x20 Drivers/Uart_driver/uart_driver.o
 .debug_ranges  0x00000210       0x10 Node2.o
 .debug_ranges  0x00000220       0x28 Timer/timer.o
 .debug_ranges  0x00000248       0x40 TWI/TWI_Master.o

.debug_macro
 *(.debug_macro)
OUTPUT(Node2.elf elf32-avr)
LOAD linker stubs
